<html>
<body>
<pre>
<h1>µVision Build Log</h1>
<h2>Tool Versions:</h2>
IDE-Version: µVision V5.36.0.0
Copyright (C) 2021 ARM Ltd and ARM Germany GmbH. All rights reserved.
License Information: Tomin Mathew, a, LIC=CZLZX-H5EW8-X7ERZ-JKD7X-7SG40-PEYN7
 
Tool Versions:
Toolchain:       MDK-ARM Plus  Version: 5.36.0.0
Toolchain Path:  C:\Keil_v5\ARM\ARMCC\Bin
C Compiler:      Armcc.exe V5.06 update 7 (build 960)
Assembler:       Armasm.exe V5.06 update 7 (build 960)
Linker/Locator:  ArmLink.exe V5.06 update 7 (build 960)
Library Manager: ArmAr.exe V5.06 update 7 (build 960)
Hex Converter:   FromElf.exe V5.06 update 7 (build 960)
CPU DLL:         SARMCM3.DLL V5.36.0.0
Dialog DLL:      DCM.DLL V1.17.3.0
Target DLL:      UL2CM3.DLL V1.164.0.0
Dialog DLL:      TCM.DLL V1.53.0.0
 
<h2>Project:</h2>
C:\GD\TominGD\Ventilator Application\Release Folder\Version 2.4\Control-PCBA _Algorithm V_2.4\KEEN_Vent_Dev.uvprojx
Project File Date:  11/26/2022

<h2>Output:</h2>
*** Using Compiler 'V5.06 update 7 (build 960)', folder: 'C:\Keil_v5\ARM\ARMCC\Bin'
Build target 'Target 1'
compiling ModbusCommn_Handler.c...
ModbusCommn_Handler.c(261): warning:  #188-D: enumerated type mixed with another type
  	return 	modBusCommnStruct.Error_Status;
ModbusCommn_Handler.c(57): warning:  #177-D: variable "ulMinLength"  was declared but never referenced
  	unsigned long ulLength = 0, ulMinLength = 0, ulIndex = 0, ulCmdStatus = 0;
ModbusCommn_Handler.c(57): warning:  #177-D: variable "ulIndex"  was declared but never referenced
  	unsigned long ulLength = 0, ulMinLength = 0, ulIndex = 0, ulCmdStatus = 0;
ModbusCommn_Handler.c(57): warning:  #177-D: variable "ulCmdStatus"  was declared but never referenced
  	unsigned long ulLength = 0, ulMinLength = 0, ulIndex = 0, ulCmdStatus = 0;
ModbusCommn_Handler.c(60): warning:  #177-D: variable "usNumAddr"  was declared but never referenced
  	unsigned short crc_calculated = 0, crc_received = 0, usNumAddr = 0;
ModbusCommn_Handler.c(61): warning:  #550-D: variable "ulSlaveId"  was set but never used
  	unsigned int ulSlaveId = 0, ulFunctionCode = 0;
ModbusCommn_Handler.c(268): warning:  #550-D: variable "ulSlaveId"  was set but never used
  	unsigned int ulSlaveId = 0, ulFunctionCode = 0;
ModbusCommn_Handler.c(272): warning:  #177-D: variable "crc_received"  was declared but never referenced
  	unsigned short crc_calculated = 0, crc_received = 0;	
ModbusCommn_Handler.c(337): warning:  #550-D: variable "ulSlaveId"  was set but never used
  	unsigned int ulSlaveId = 0, ulFunctionCode = 0;
ModbusCommn_Handler.c(338): warning:  #177-D: variable "DataLength"  was declared but never referenced
  	unsigned int ulRegisterAddres = 0, ulNumRegisters = 0, ulNumRegLimit = 0, DataLength = 0, i = 0, ulTotalWriteRegBytes = 0;
ModbusCommn_Handler.c(338): warning:  #177-D: variable "i"  was declared but never referenced
  	unsigned int ulRegisterAddres = 0, ulNumRegisters = 0, ulNumRegLimit = 0, DataLength = 0, i = 0, ulTotalWriteRegBytes = 0;
ModbusCommn_Handler.c(341): warning:  #177-D: variable "crc_received"  was declared but never referenced
  	unsigned short crc_calculated = 0, crc_received = 0;	
ModbusCommn_Handler.c(413): warning:  #550-D: variable "ulSlaveId"  was set but never used
  	unsigned int ulSlaveId = 0, ulFunctionCode = 0;
ModbusCommn_Handler.c(414): warning:  #177-D: variable "DataLength"  was declared but never referenced
  	unsigned int ulRegisterAddres = 0, ulNumRegisters = 0, ulNumRegLimit = 0, DataLength = 0, i = 0, ulTotalWriteRegBytes = 0;
ModbusCommn_Handler.c(414): warning:  #177-D: variable "i"  was declared but never referenced
  	unsigned int ulRegisterAddres = 0, ulNumRegisters = 0, ulNumRegLimit = 0, DataLength = 0, i = 0, ulTotalWriteRegBytes = 0;
ModbusCommn_Handler.c(417): warning:  #177-D: variable "crc_received"  was declared but never referenced
  	unsigned short crc_calculated = 0, crc_received = 0;	
ModbusCommn_Handler.c(560): warning:  #188-D: enumerated type mixed with another type
  	return modBusServ->Error_Status;	
ModbusCommn_Handler.c(508): warning:  #177-D: variable "ulNumRegLimit"  was declared but never referenced
  	unsigned int ulRegisterAddres = 0, ulNumRegisters = 0, ulNumRegLimit = 0, DataLength = 0, i = 0, ulTotalServRegBytes = 0;
ModbusCommn_Handler.c(508): warning:  #177-D: variable "ulTotalServRegBytes"  was declared but never referenced
  	unsigned int ulRegisterAddres = 0, ulNumRegisters = 0, ulNumRegLimit = 0, DataLength = 0, i = 0, ulTotalServRegBytes = 0;
ModbusCommn_Handler.c(509): warning:  #177-D: variable "crc_received"  was declared but never referenced
  	unsigned short crc_calculated = 0, crc_received = 0;
ModbusCommn_Handler.c(512): warning:  #177-D: variable "ucLogBuffer"  was declared but never referenced
  	unsigned char ucLogBuffer[100] = {0};
ModbusCommn_Handler.c(513): warning:  #177-D: variable "ulLogIndex"  was declared but never referenced
  	unsigned long ulLogIndex = 0 ;
ModbusCommn_Handler.c(653): warning:  #188-D: enumerated type mixed with another type
  	return modBusServ->Error_Status;		
ModbusCommn_Handler.c(655): warning:  #940-D: missing return statement at end of non-void function "Modbus_Service_MessageResp" 
  }
ModbusCommn_Handler.c(566): warning:  #177-D: variable "ulNumRegLimit"  was declared but never referenced
  	unsigned int ulRegisterAddres = 0, ulNumRegisters = 0, ulNumRegLimit = 0, i =0;
ModbusCommn_Handler.c(567): warning:  #177-D: variable "ulIndex"  was declared but never referenced
  	unsigned int ulIndex = 0, ulIndexRx = 0, ulLength = 0 ;
ModbusCommn_Handler.c(568): warning:  #177-D: variable "ucServRespStatus"  was declared but never referenced
  	unsigned char ucRxdPacket[30] = {0}, ucServRespStatus = 0;
ModbusCommn_Handler.c(660): warning:  #550-D: variable "packet"  was set but never used
  	unsigned char packet[100] = {0};
ModbusCommn_Handler.c: 28 warnings, 0 errors
linking...
Program Size: Code=44762 RO-data=2794 RW-data=2668 ZI-data=6084  
FromELF: creating hex file...
".\Objects\KEEN_Vent_Dev.axf" - 0 Error(s), 28 Warning(s).

<h2>Software Packages used:</h2>

Package Vendor: ARM
                http://www.keil.com/pack/ARM.CMSIS.5.8.0.pack
                ARM.CMSIS.5.8.0
                CMSIS (Common Microcontroller Software Interface Standard)
   * Component: CORE Version: 5.5.0

Package Vendor: Keil
                http://www.keil.com/pack/Keil.TM4C_DFP.1.1.0.pack
                Keil.TM4C_DFP.1.1.0
                Texas Instruments Tiva C Series Device Support and Examples

<h2>Collection of Component include folders:</h2>
  .\RTE\_Target_1
  C:\Keil_v5\packs\ARM\CMSIS\5.8.0\CMSIS\Core\Include
  C:\Keil_v5\packs\Keil\TM4C_DFP\1.1.0\Device\Include\TM4C123

<h2>Collection of Component Files used:</h2>

   * Component: ARM::CMSIS:CORE:5.5.0
Build Time Elapsed:  00:00:03
</pre>
</body>
</html>
