Component: ARM Compiler 5.06 update 7 (build 960) Tool: armlink [4d3601]

==============================================================================

Section Cross References

    ventalgorithm_handler.o(i.Air_Flow_calc) refers to f2d.o(x$fpl$f2d) for __aeabi_f2d
    ventalgorithm_handler.o(i.Air_Flow_calc) refers to pow.o(i.__hardfp_pow) for __hardfp_pow
    ventalgorithm_handler.o(i.Air_Flow_calc) refers to dmul.o(x$fpl$dmul) for __aeabi_dmul
    ventalgorithm_handler.o(i.Air_Flow_calc) refers to daddsub_clz.o(x$fpl$dadd) for __aeabi_dadd
    ventalgorithm_handler.o(i.Air_Flow_calc) refers to d2f.o(x$fpl$d2f) for __aeabi_d2f
    ventalgorithm_handler.o(i.Air_Flow_calc) refers to fm3164_memory.o(.bss) for sysParam
    ventalgorithm_handler.o(i.FlowControlLoop) refers to ventalgorithm_handler.o(i.flow_control) for flow_control
    ventalgorithm_handler.o(i.FlowControlLoop) refers to ventalgorithm_handler.o(i.PID_PressureControl_Loop) for PID_PressureControl_Loop
    ventalgorithm_handler.o(i.FlowControlLoop) refers to main.o(.bss) for ctrlWriteRead
    ventalgorithm_handler.o(i.FlowControlLoop) refers to simv.o(.data) for ulSimvperiodflag
    ventalgorithm_handler.o(i.FlowControlLoop) refers to main.o(.data) for ulInhalationFlag
    ventalgorithm_handler.o(i.FlowControlLoop) refers to ventalgorithm_handler.o(.data) for simv_pc_ps
    ventalgorithm_handler.o(i.FlowTrigger) refers to ventalgorithm_handler.o(i.Air_Flow_calc) for Air_Flow_calc
    ventalgorithm_handler.o(i.FlowTrigger) refers to ltc2607_dac_handler.o(i.DAC_Output_Set) for DAC_Output_Set
    ventalgorithm_handler.o(i.FlowTrigger) refers to gpio.o(i.GPIOPinWrite) for GPIOPinWrite
    ventalgorithm_handler.o(i.FlowTrigger) refers to ventalgorithm_handler.o(.data) for Bias_flow
    ventalgorithm_handler.o(i.FlowTrigger) refers to main.o(.bss) for DAC1
    ventalgorithm_handler.o(i.FlowTrigger) refers to main.o(.data) for RC_Time
    ventalgorithm_handler.o(i.O2_Flow_calc) refers to f2d.o(x$fpl$f2d) for __aeabi_f2d
    ventalgorithm_handler.o(i.O2_Flow_calc) refers to pow.o(i.__hardfp_pow) for __hardfp_pow
    ventalgorithm_handler.o(i.O2_Flow_calc) refers to dmul.o(x$fpl$dmul) for __aeabi_dmul
    ventalgorithm_handler.o(i.O2_Flow_calc) refers to daddsub_clz.o(x$fpl$dadd) for __aeabi_dadd
    ventalgorithm_handler.o(i.O2_Flow_calc) refers to d2f.o(x$fpl$d2f) for __aeabi_d2f
    ventalgorithm_handler.o(i.O2_Flow_calc) refers to fm3164_memory.o(.bss) for sysParam
    ventalgorithm_handler.o(i.PEEP_control) refers to f2d.o(x$fpl$f2d) for __aeabi_f2d
    ventalgorithm_handler.o(i.PEEP_control) refers to fabs.o(i.__hardfp_fabs) for __hardfp_fabs
    ventalgorithm_handler.o(i.PEEP_control) refers to d2f.o(x$fpl$d2f) for __aeabi_d2f
    ventalgorithm_handler.o(i.PEEP_control) refers to dmul.o(x$fpl$dmul) for __aeabi_dmul
    ventalgorithm_handler.o(i.PEEP_control) refers to drleqf.o(x$fpl$drleqf) for __aeabi_cdrcmple
    ventalgorithm_handler.o(i.PEEP_control) refers to dleqf.o(x$fpl$dleqf) for __aeabi_cdcmple
    ventalgorithm_handler.o(i.PEEP_control) refers to ltc2607_dac_handler.o(i.DAC_Output_Set) for DAC_Output_Set
    ventalgorithm_handler.o(i.PEEP_control) refers to main.o(.data) for Peep_Flag
    ventalgorithm_handler.o(i.PEEP_control) refers to main.o(.bss) for ctrlReadParam
    ventalgorithm_handler.o(i.PEEP_control) refers to ventalgorithm_handler.o(.data) for Insp_Tidal_vol
    ventalgorithm_handler.o(i.PEEP_control) refers to ventalgorithm_handler.o(.bss) for PEEP_BUFFER
    ventalgorithm_handler.o(i.PEEP_control) refers to fm3164_memory.o(.bss) for sysParam
    ventalgorithm_handler.o(i.PID_PressureControl_Loop) refers to ventalgorithm_handler.o(i.Air_Flow_calc) for Air_Flow_calc
    ventalgorithm_handler.o(i.PID_PressureControl_Loop) refers to ventalgorithm_handler.o(i.O2_Flow_calc) for O2_Flow_calc
    ventalgorithm_handler.o(i.PID_PressureControl_Loop) refers to ltc2607_dac_handler.o(i.DAC_Output_Set) for DAC_Output_Set
    ventalgorithm_handler.o(i.PID_PressureControl_Loop) refers to ventalgorithm_handler.o(.data) for simv_pc_ps
    ventalgorithm_handler.o(i.PID_PressureControl_Loop) refers to main.o(.bss) for ctrlWriteRead
    ventalgorithm_handler.o(i.PID_PressureControl_Loop) refers to main.o(.data) for P_Error
    ventalgorithm_handler.o(i.PressureTrigger) refers to gpio.o(i.GPIOPinWrite) for GPIOPinWrite
    ventalgorithm_handler.o(i.PressureTrigger) refers to main.o(.bss) for ctrlReadParam
    ventalgorithm_handler.o(i.PressureTrigger) refers to main.o(.data) for Backup_init
    ventalgorithm_handler.o(i.PressureTrigger) refers to simv.o(.data) for ulSpontperiodflag
    ventalgorithm_handler.o(i.RiseTime_Acquisition) refers to ltc2607_dac_handler.o(i.DAC_Output_Set) for DAC_Output_Set
    ventalgorithm_handler.o(i.RiseTime_Acquisition) refers to main.o(.bss) for ctrlReadParam
    ventalgorithm_handler.o(i.RiseTime_Acquisition) refers to main.o(.data) for Time100mS_Init
[...]
    GPIOPinTypeSSI                           0x00001c27   Thumb Code    28  gpio.o(i.GPIOPinTypeSSI)
    GPIOPinWrite                             0x00001c43   Thumb Code     6  gpio.o(i.GPIOPinWrite)
    Gas_supply                               0x00001c49   Thumb Code    42  preusecheck.o(i.Gas_supply)
    I2CMasterBusy                            0x00001cb5   Thumb Code    12  i2c.o(i.I2CMasterBusy)
    I2CMasterControl                         0x00001cc1   Thumb Code     4  i2c.o(i.I2CMasterControl)
    I2CMasterDataPut                         0x00001cc5   Thumb Code     4  i2c.o(i.I2CMasterDataPut)
    I2CMasterErr                             0x00001cc9   Thumb Code    24  i2c.o(i.I2CMasterErr)
    I2CMasterSlaveAddrSet                    0x00001ce1   Thumb Code     8  i2c.o(i.I2CMasterSlaveAddrSet)
    I2C_Init                                 0x00001ce9   Thumb Code   664  systeminit_handler.o(i.I2C_Init)
    InspiratoyHold                           0x00001fc9   Thumb Code   170  medical_procedure.o(i.InspiratoyHold)
    IntDisable                               0x000020a9   Thumb Code    92  interrupt.o(i.IntDisable)
    IntEnable                                0x0000210d   Thumb Code    92  interrupt.o(i.IntEnable)
    IntMasterDisable                         0x00002171   Thumb Code    14  interrupt.o(i.IntMasterDisable)
    IntMasterEnable                          0x0000217f   Thumb Code    14  interrupt.o(i.IntMasterEnable)
    IntRegister                              0x0000218d   Thumb Code    44  interrupt.o(i.IntRegister)
    ManualBreath                             0x00002259   Thumb Code   168  medical_procedure.o(i.ManualBreath)
    Modbus_Communication                     0x00002355   Thumb Code   796  modbuscommn_handler.o(i.Modbus_Communication)
    Modbus_MultipleReg                       0x0000269d   Thumb Code   374  modbuscommn_handler.o(i.Modbus_MultipleReg)
    Modbus_ReadReg                           0x00002821   Thumb Code   324  modbuscommn_handler.o(i.Modbus_ReadReg)
    Modbus_Service_MessageCmd                0x0000296d   Thumb Code   322  modbuscommn_handler.o(i.Modbus_Service_MessageCmd)
    Modbus_Service_MessageTx                 0x00002abd   Thumb Code    24  modbuscommn_handler.o(i.Modbus_Service_MessageTx)
    Modbus_WriteSingleReg                    0x00002add   Thumb Code   370  modbuscommn_handler.o(i.Modbus_WriteSingleReg)
    Normal_state                             0x00002c5d   Thumb Code    98  preusecheck.o(i.Normal_state)
    O2_Flow_calc                             0x00002ce9   Thumb Code  1000  ventalgorithm_handler.o(i.O2_Flow_calc)
    O2_Sensor_check                          0x000030f5   Thumb Code   110  preusecheck.o(i.O2_Sensor_check)
    PEEP_control                             0x00003181   Thumb Code   692  ventalgorithm_handler.o(i.PEEP_control)
    PID_PressureControl_Loop                 0x000034a9   Thumb Code   490  ventalgorithm_handler.o(i.PID_PressureControl_Loop)
    PRVC                                     0x000036f5   Thumb Code  1192  prvc.o(i.PRVC)
    PV_AlarmGeneration                       0x00003ba9   Thumb Code   814  technicalalarm_handler.o(i.PV_AlarmGeneration)
    Pre_Sensor_check                         0x00003f1d   Thumb Code   262  preusecheck.o(i.Pre_Sensor_check)
    PressureCtrl_Algorithm                   0x00004051   Thumb Code  1268  pressurectrlmode_handler.o(i.PressureCtrl_Algorithm)
    PressureTrigger                          0x00004545   Thumb Code   178  ventalgorithm_handler.o(i.PressureTrigger)
    SSI1_IntHandler                          0x0000463d   Thumb Code   214  ssi_handler.o(i.SSI1_IntHandler)
    SSIConfigSetExpClk                       0x00004739   Thumb Code    58  ssi.o(i.SSIConfigSetExpClk)
    SSIDataGetNonBlocking                    0x00004773   Thumb Code    20  ssi.o(i.SSIDataGetNonBlocking)
    SSIDataPutNonBlocking                    0x00004787   Thumb Code    16  ssi.o(i.SSIDataPutNonBlocking)
    SSIIntClear                              0x00004797   Thumb Code     4  ssi.o(i.SSIIntClear)
    SSIIntEnable                             0x0000479b   Thumb Code     8  ssi.o(i.SSIIntEnable)
    SSIIntStatus                             0x000047a3   Thumb Code    10  ssi.o(i.SSIIntStatus)
    SSI_Communication                        0x000047ad   Thumb Code   312  ssi_handler.o(i.SSI_Communication)
    SSI_Init                                 0x00004915   Thumb Code   136  ssi_handler.o(i.SSI_Init)
    Safety_Valve_check                       0x000049c1   Thumb Code   240  preusecheck.o(i.Safety_Valve_check)
    Self_Diagnostics                         0x00004add   Thumb Code   216  diagnostics.o(i.Self_Diagnostics)
    SysCtlClockGet                           0x00004be1   Thumb Code   304  sysctl.o(i.SysCtlClockGet)
    SysCtlPeripheralEnable                   0x00004d35   Thumb Code    36  sysctl.o(i.SysCtlPeripheralEnable)
    SysCtlPeripheralPresent                  0x00004d5d   Thumb Code    40  sysctl.o(i.SysCtlPeripheralPresent)
    SysCtlPeripheralReady                    0x00004d89   Thumb Code    40  sysctl.o(i.SysCtlPeripheralReady)
    SysTickEnable                            0x00004db5   Thumb Code    14  systick.o(i.SysTickEnable)
    SysTickIntRegister                       0x00004dc3   Thumb Code    24  systick.o(i.SysTickIntRegister)
    SysTickPeriodSet                         0x00004ddb   Thumb Code    10  systick.o(i.SysTickPeriodSet)
    SysTick_Handler                          0x00004de5   Thumb Code   672  systeminit_handler.o(i.SysTick_Handler)
    SysTick_Timer                            0x00005169   Thumb Code    36  systeminit_handler.o(i.SysTick_Timer)
    SystemInit                               0x00005191   Thumb Code   112  system_tm4c123.o(i.SystemInit)
    System_Init                              0x00005229   Thumb Code    98  systeminit_handler.o(i.System_Init)
    Technical_Alarm                          0x00005299   Thumb Code   532  technicalalarm_handler.o(i.Technical_Alarm)
    UARTCharGetNonBlocking                   0x00005505   Thumb Code    16  uart.o(i.UARTCharGetNonBlocking)
    UARTCharPutNonBlocking                   0x00005515   Thumb Code    16  uart.o(i.UARTCharPutNonBlocking)
    UARTCharsAvail                           0x00005525   Thumb Code    10  uart.o(i.UARTCharsAvail)
    UARTConfigSetExpClk                      0x0000552f   Thumb Code   110  uart.o(i.UARTConfigSetExpClk)
    UARTEnable                               0x0000559d   Thumb Code    20  uart.o(i.UARTEnable)
    UARTFIFOLevelSet                         0x000055b1   Thumb Code     6  uart.o(i.UARTFIFOLevelSet)
    UARTFlushRx                              0x000055b9   Thumb Code    26  uartstdio.o(i.UARTFlushRx)
    UARTFlushRx1                             0x000055dd   Thumb Code    26  uartstdio1.o(i.UARTFlushRx1)
    UARTFlushRx2                             0x00005601   Thumb Code    26  uartstdio2.o(i.UARTFlushRx2)
    UARTFlushTx                              0x00005625   Thumb Code    46  uartstdio.o(i.UARTFlushTx)
    UARTFlushTx1                             0x0000565d   Thumb Code    46  uartstdio1.o(i.UARTFlushTx1)
    UARTFlushTx2                             0x00005695   Thumb Code    46  uartstdio2.o(i.UARTFlushTx2)
    UARTIntClear                             0x000056cd   Thumb Code     4  uart.o(i.UARTIntClear)
    UARTIntDisable                           0x000056d1   Thumb Code    10  uart.o(i.UARTIntDisable)
    UARTIntEnable                            0x000056db   Thumb Code     8  uart.o(i.UARTIntEnable)
    UARTIntStatus                            0x000056e3   Thumb Code    10  uart.o(i.UARTIntStatus)
    UARTRxBytesAvail                         0x0000584d   Thumb Code    16  uartstdio.o(i.UARTRxBytesAvail)
    UARTRxBytesAvail1                        0x00005865   Thumb Code    14  uartstdio1.o(i.UARTRxBytesAvail1)
    UARTSpaceAvail                           0x0000587d   Thumb Code    10  uart.o(i.UARTSpaceAvail)
    UARTStdioConfig                          0x00005889   Thumb Code   110  uartstdio.o(i.UARTStdioConfig)
    UARTStdioConfig1                         0x0000590d   Thumb Code   126  uartstdio1.o(i.UARTStdioConfig1)
    UARTStdioConfig2                         0x000059a1   Thumb Code   110  uartstdio2.o(i.UARTStdioConfig2)
    UARTStdioIntHandler                      0x00005a25   Thumb Code   144  uartstdio.o(i.UARTStdioIntHandler)
    UARTStdioIntHandler1                     0x00005acd   Thumb Code   150  uartstdio1.o(i.UARTStdioIntHandler1)
    UARTStdioIntHandler2                     0x00005b7d   Thumb Code   150  uartstdio2.o(i.UARTStdioIntHandler2)
    UART_Init                                0x00005c2d   Thumb Code   332  systeminit_handler.o(i.UART_Init)
    UARTgetc                                 0x00005d95   Thumb Code    40  uartstdio.o(i.UARTgetc)
    UARTgetc1                                0x00005dc9   Thumb Code    48  uartstdio1.o(i.UARTgetc1)
    UARTwrite                                0x00005e05   Thumb Code    90  uartstdio.o(i.UARTwrite)
    UARTwrite1                               0x00005e71   Thumb Code   148  uartstdio1.o(i.UARTwrite1)
    Valve_check                              0x00005f15   Thumb Code   122  preusecheck.o(i.Valve_check)
    VentAlgorithmSettings                    0x00005fb1   Thumb Code  1818  ventalgorithm_handler.o(i.VentAlgorithmSettings)
    Vent_Algorithm                           0x000066d9   Thumb Code   102  ventalgorithm_handler.o(i.Vent_Algorithm)
    Ventilator_Test                          0x00006749   Thumb Code   534  diagnostics.o(i.Ventilator_Test)
    VolCtrl_Algorithm                        0x0000697d   Thumb Code   806  volumectrlmode_handler.o(i.VolCtrl_Algorithm)
    __ARM_fpclassify                         0x00006d4d   Thumb Code    48  fpclassify.o(i.__ARM_fpclassify)
    __hardfp_fabs                            0x00006d7d   Thumb Code    20  fabs.o(i.__hardfp_fabs)
    __hardfp_pow                             0x00006d91   Thumb Code  3072  pow.o(i.__hardfp_pow)
    __kernel_poly                            0x000079e1   Thumb Code   248  poly.o(i.__kernel_poly)
    __mathlib_dbl_divzero                    0x00007ad9   Thumb Code    28  dunder.o(i.__mathlib_dbl_divzero)
    __mathlib_dbl_infnan2                    0x00007b09   Thumb Code    20  dunder.o(i.__mathlib_dbl_infnan2)
    __mathlib_dbl_invalid                    0x00007b21   Thumb Code    24  dunder.o(i.__mathlib_dbl_invalid)
    __mathlib_dbl_overflow                   0x00007b41   Thumb Code    24  dunder.o(i.__mathlib_dbl_overflow)
    __mathlib_dbl_underflow                  0x00007b61   Thumb Code    24  dunder.o(i.__mathlib_dbl_underflow)
    adc_conversion                           0x00007b81   Thumb Code  1318  adc_handler.o(i.adc_conversion)
    analog_channel_init                      0x000080cd   Thumb Code   446  adc_handler.o(i.analog_channel_init)
    comp_calculation                         0x000082a5   Thumb Code   266  ventalgorithm_handler.o(i.comp_calculation)
    crc16                                    0x000083f1   Thumb Code    46  crc16.o(i.crc16)
    crc8CheckUpdateSF05                      0x00008429   Thumb Code    70  crc.o(i.crc8CheckUpdateSF05)
    crc8CheckUpdate_exh                      0x0000846f   Thumb Code    58  exhflowsensor.o(i.crc8CheckUpdate_exh)
    fabs                                     0x000084a9   Thumb Code    24  fabs.o(i.fabs)
    factory_variable_Read                    0x000084c1   Thumb Code   452  fm3164_memory.o(i.factory_variable_Read)
    flow_control                             0x00008759   Thumb Code   582  ventalgorithm_handler.o(i.flow_control)
    main                                     0x000089e9   Thumb Code   384  main.o(i.main)
    medicalProce                             0x00008ba5   Thumb Code    98  medical_procedure.o(i.medicalProce)
    pack_IEEE754                             0x00008c19   Thumb Code    62  modbuscommn_handler.o(i.pack_IEEE754)
    patient_ckt_chk                          0x00008c59   Thumb Code   480  patient_ckt_chk.o(i.patient_ckt_chk)
    pressure_autocorr                        0x00008ea1   Thumb Code  1308  ventalgorithm_handler.o(i.pressure_autocorr)
    pressuresupport                          0x000093e1   Thumb Code  1256  pressuresupport.o(i.pressuresupport)
    preusecheck                              0x000098c9   Thumb Code   122  preusecheck.o(i.preusecheck)
    resis_calculation                        0x0000994d   Thumb Code    52  ventalgorithm_handler.o(i.resis_calculation)
    sfm4200_flow_read                        0x00009999   Thumb Code   450  sfm4200_flowsensor.o(i.sfm4200_flow_read)
    simv                                     0x00009b69   Thumb Code   608  simv.o(i.simv)
    sqrt                                     0x00009e21   Thumb Code   110  sqrt.o(i.sqrt)
    stateDiagnostic                          0x00009e91   Thumb Code    74  scheduler_handler.o(i.stateDiagnostic)
    stateReset                               0x00009ee9   Thumb Code    44  scheduler_handler.o(i.stateReset)
    stateRun                                 0x00009f21   Thumb Code   512  scheduler_handler.o(i.stateRun)
    stateStandBy                             0x0000a175   Thumb Code   158  scheduler_handler.o(i.stateStandBy)
    stateStop                                0x0000a251   Thumb Code   122  scheduler_handler.o(i.stateStop)
    unpack_IEEE754                           0x0000a30d   Thumb Code   222  modbuscommn_handler.o(i.unpack_IEEE754)
    __aeabi_dneg                             0x0000a405   Thumb Code     0  basic.o(x$fpl$basic)
    _dneg                                    0x0000a405   Thumb Code     6  basic.o(x$fpl$basic)
    __aeabi_fneg                             0x0000a40b   Thumb Code     0  basic.o(x$fpl$basic)
    _fneg                                    0x0000a40b   Thumb Code     6  basic.o(x$fpl$basic)
    _dabs                                    0x0000a411   Thumb Code     6  basic.o(x$fpl$basic)
    _fabs                                    0x0000a417   Thumb Code     6  basic.o(x$fpl$basic)
    __aeabi_d2f                              0x0000a41d   Thumb Code     0  d2f.o(x$fpl$d2f)
    _d2f                                     0x0000a41d   Thumb Code    98  d2f.o(x$fpl$d2f)
    __aeabi_dadd                             0x0000a481   Thumb Code     0  daddsub_clz.o(x$fpl$dadd)
    _dadd                                    0x0000a481   Thumb Code   332  daddsub_clz.o(x$fpl$dadd)
    __fpl_dcheck_NaN1                        0x0000a5d1   Thumb Code    10  dcheck1.o(x$fpl$dcheck1)
    __fpl_dcmp_Inf                           0x0000a5e1   Thumb Code    24  dcmpi.o(x$fpl$dcmpinf)
    __aeabi_ddiv                             0x0000a5f9   Thumb Code     0  ddiv.o(x$fpl$ddiv)
    _ddiv                                    0x0000a5f9   Thumb Code   552  ddiv.o(x$fpl$ddiv)
    __aeabi_i2d                              0x0000a8a9   Thumb Code     0  dflt_clz.o(x$fpl$dflt)
    _dflt                                    0x0000a8a9   Thumb Code    46  dflt_clz.o(x$fpl$dflt)
    __aeabi_ui2d                             0x0000a8d7   Thumb Code     0  dflt_clz.o(x$fpl$dfltu)
    _dfltu                                   0x0000a8d7   Thumb Code    38  dflt_clz.o(x$fpl$dfltu)
    __aeabi_cdcmple                          0x0000a8fd   Thumb Code     0  dleqf.o(x$fpl$dleqf)
    _dcmple                                  0x0000a8fd   Thumb Code   120  dleqf.o(x$fpl$dleqf)
    __fpl_dcmple_InfNaN                      0x0000a95f   Thumb Code     0  dleqf.o(x$fpl$dleqf)
    __aeabi_dmul                             0x0000a975   Thumb Code     0  dmul.o(x$fpl$dmul)
    _dmul                                    0x0000a975   Thumb Code   332  dmul.o(x$fpl$dmul)
    __fpl_dnaninf                            0x0000aac9   Thumb Code   156  dnaninf.o(x$fpl$dnaninf)
    __fpl_dretinf                            0x0000ab65   Thumb Code    12  dretinf.o(x$fpl$dretinf)
    __aeabi_cdrcmple                         0x0000ab71   Thumb Code     0  drleqf.o(x$fpl$drleqf)
    _drcmple                                 0x0000ab71   Thumb Code   108  drleqf.o(x$fpl$drleqf)
    __aeabi_drsub                            0x0000abdd   Thumb Code     0  daddsub_clz.o(x$fpl$drsb)
    _drsb                                    0x0000abdd   Thumb Code    22  daddsub_clz.o(x$fpl$drsb)
    _dsqrt                                   0x0000abf5   Thumb Code   404  dsqrt_umaal.o(x$fpl$dsqrt)
    __aeabi_dsub                             0x0000ad8d   Thumb Code     0  daddsub_clz.o(x$fpl$dsub)
    _dsub                                    0x0000ad8d   Thumb Code   464  daddsub_clz.o(x$fpl$dsub)
    __aeabi_f2d                              0x0000af61   Thumb Code     0  f2d.o(x$fpl$f2d)
    _f2d                                     0x0000af61   Thumb Code    86  f2d.o(x$fpl$f2d)
    __fpl_fnaninf                            0x0000afb7   Thumb Code   140  fnaninf.o(x$fpl$fnaninf)
    _fp_init                                 0x0000b043   Thumb Code    10  fpinit.o(x$fpl$fpinit)
    __fplib_config_fpu_vfp                   0x0000b04b   Thumb Code     0  fpinit.o(x$fpl$fpinit)
    __fplib_config_pureend_doubles           0x0000b04b   Thumb Code     0  fpinit.o(x$fpl$fpinit)
    __fpl_fretinf                            0x0000b04d   Thumb Code    10  fretinf.o(x$fpl$fretinf)
    __fpl_return_NaN                         0x0000b057   Thumb Code   100  retnan.o(x$fpl$retnan)
    __ARM_scalbn                             0x0000b0bb   Thumb Code    92  scalbn.o(x$fpl$scalbn)
    __fpl_cmpreturn                          0x0000b117   Thumb Code    48  trapv.o(x$fpl$trapveneer)
    __I$use$fp                               0x0000b146   Number         0  usenofp.o(x$fpl$usenofp)
    uart_array                               0x0000b146   Data           4  main.o(.constdata)
    __mathlib_zero                           0x0000b988   Data           8  qnan.o(.constdata)
    Region$$Table$$Base                      0x0000b9a4   Number         0  anon$$obj.o(Region$$Table)
    Region$$Table$$Limit                     0x0000b9c4   Number         0  anon$$obj.o(Region$$Table)
    VC_Alg                                   0x20000000   Data           1  ventalgorithm_handler.o(.data)
    PC_Alg                                   0x20000001   Data           1  ventalgorithm_handler.o(.data)
    ExhDAC_Flag                              0x20000002   Data           1  ventalgorithm_handler.o(.data)
    InhalCount                               0x20000004   Data           4  ventalgorithm_handler.o(.data)
    ExhalCount                               0x20000008   Data           4  ventalgorithm_handler.o(.data)
    PauseCount                               0x2000000c   Data           4  ventalgorithm_handler.o(.data)
    Exh_DACVal1                              0x20000010   Data           4  ventalgorithm_handler.o(.data)
    Bias_flow                                0x20000014   Data           4  ventalgorithm_handler.o(.data)
    trigger_dac                              0x20000018   Data           4  ventalgorithm_handler.o(.data)
    Flow                                     0x2000001c   Data           4  ventalgorithm_handler.o(.data)
    Volume_comp                              0x20000020   Data           4  ventalgorithm_handler.o(.data)
    Flow_trigger_offset                      0x20000024   Data           4  ventalgorithm_handler.o(.data)
    dac_i                                    0x20000028   Data           2  ventalgorithm_handler.o(.data)
    avg_DAC_Index                            0x2000002a   Data           2  ventalgorithm_handler.o(.data)
    pressure_flow                            0x2000002c   Data           4  ventalgorithm_handler.o(.data)
    E_PID_AVG                                0x20000030   Data          80  ventalgorithm_handler.o(.data)
    P_AVG                                    0x20000080   Data           4  ventalgorithm_handler.o(.data)
    E_AVG                                    0x20000084   Data           4  ventalgorithm_handler.o(.data)
    P_AVG_INDEX                              0x20000088   Data           2  ventalgorithm_handler.o(.data)
    E_AVG_INDEX                              0x2000008a   Data           2  ventalgorithm_handler.o(.data)
    P_peak                                   0x2000008c   Data           4  ventalgorithm_handler.o(.data)
    chk_compliance                           0x20000090   Data           4  ventalgorithm_handler.o(.data)
    rise_time_var                            0x20000094   Data           4  ventalgorithm_handler.o(.data)
    BREATH_CNT                               0x20000098   Data           4  ventalgorithm_handler.o(.data)
    rise_error                               0x2000009c   Data           4  ventalgorithm_handler.o(.data)
    rise_error_f                             0x200000a0   Data           2  ventalgorithm_handler.o(.data)
    RISE_FLAG                                0x200000a2   Data           1  ventalgorithm_handler.o(.data)
    simv_pc_ps                               0x200000a3   Data           1  ventalgorithm_handler.o(.data)
    pressure_max_flow                        0x200000a4   Data           4  ventalgorithm_handler.o(.data)
    check_pressure                           0x200000a8   Data           8  ventalgorithm_handler.o(.data)
    diff_pressure                            0x200000b0   Data           8  ventalgorithm_handler.o(.data)
    Exh_Error                                0x200000b8   Data           4  ventalgorithm_handler.o(.data)
    Exh_Error_1                              0x200000bc   Data           4  ventalgorithm_handler.o(.data)
    Exh_Error_2                              0x200000c0   Data           4  ventalgorithm_handler.o(.data)
    Exh_DACVal_1                             0x200000c4   Data           4  ventalgorithm_handler.o(.data)
    Exh_DACVal_0                             0x200000c8   Data           4  ventalgorithm_handler.o(.data)
    E_K                                      0x200000cc   Data           4  ventalgorithm_handler.o(.data)
    E_Ts                                     0x200000d0   Data           4  ventalgorithm_handler.o(.data)
    E_Ti                                     0x200000d4   Data           4  ventalgorithm_handler.o(.data)
    E_Td                                     0x200000d8   Data           4  ventalgorithm_handler.o(.data)
    E_Error                                  0x200000dc   Data           4  ventalgorithm_handler.o(.data)
    E_Error_1                                0x200000e0   Data           4  ventalgorithm_handler.o(.data)
    DAC_out                                  0x200000e4   Data           4  ventalgorithm_handler.o(.data)
    E_PropTerm                               0x200000e8   Data           4  ventalgorithm_handler.o(.data)
    E_IntegralTerm                           0x200000ec   Data           4  ventalgorithm_handler.o(.data)
    dac                                      0x200000f0   Data           4  ventalgorithm_handler.o(.data)
    peep_delay                               0x200000f4   Data           1  ventalgorithm_handler.o(.data)
    P_Error_1                                0x200000f8   Data           4  ventalgorithm_handler.o(.data)
    P_Error_2                                0x200000fc   Data           4  ventalgorithm_handler.o(.data)
    Flow_out_1                               0x20000100   Data           4  ventalgorithm_handler.o(.data)
    Flow_out                                 0x20000104   Data           4  ventalgorithm_handler.o(.data)
    UL_Airflow                               0x20000108   Data           4  ventalgorithm_handler.o(.data)
    UL_O2flow                                0x2000010c   Data           4  ventalgorithm_handler.o(.data)
    P_K                                      0x20000110   Data           4  ventalgorithm_handler.o(.data)
    Ti                                       0x20000114   Data           4  ventalgorithm_handler.o(.data)
    Ts                                       0x20000118   Data           4  ventalgorithm_handler.o(.data)
    Td                                       0x2000011c   Data           4  ventalgorithm_handler.o(.data)
    measurement                              0x20000120   Data           4  ventalgorithm_handler.o(.data)
    PEF                                      0x20000124   Data           4  ventalgorithm_handler.o(.data)
    PCM_re                                   0x20000128   Data           4  ventalgorithm_handler.o(.data)
    Pre_Peak                                 0x2000012c   Data           4  ventalgorithm_handler.o(.data)
    Pre_PCM_re                               0x20000130   Data           4  ventalgorithm_handler.o(.data)
    s_INSP_Pressure                          0x20000134   Data           4  ventalgorithm_handler.o(.data)
    re_50                                    0x20000138   Data           4  ventalgorithm_handler.o(.data)
    ps_INSP_Pressure                         0x2000013c   Data           4  ventalgorithm_handler.o(.data)
    avg_pre                                  0x20000140   Data           4  ventalgorithm_handler.o(.data)
    AVG_PRESSURE                             0x20000144   Data           4  ventalgorithm_handler.o(.data)
    pre_point                                0x20000148   Data           4  ventalgorithm_handler.o(.data)
    pre_poit_2                               0x2000014c   Data           4  ventalgorithm_handler.o(.data)
    pre_rise                                 0x20000150   Data           4  ventalgorithm_handler.o(.data)
    P_pre_rise                               0x20000154   Data           4  ventalgorithm_handler.o(.data)
    pre_rise_f                               0x20000158   Data           2  ventalgorithm_handler.o(.data)
    corr_f                                   0x2000015a   Data           2  ventalgorithm_handler.o(.data)
    corr_f_chk                               0x2000015c   Data           2  ventalgorithm_handler.o(.data)
    open_time                                0x20000160   Data          12  ventalgorithm_handler.o(.data)
    ot_index                                 0x2000016c   Data           2  ventalgorithm_handler.o(.data)
    co_index                                 0x2000016e   Data           2  ventalgorithm_handler.o(.data)
    k_index                                  0x20000170   Data           2  ventalgorithm_handler.o(.data)
    Tid_Vol                                  0x20000174   Data           4  ventalgorithm_handler.o(.data)
    flow                                     0x20000178   Data           4  ventalgorithm_handler.o(.data)
    p_flow                                   0x2000017c   Data           4  ventalgorithm_handler.o(.data)
    delta_pressure                           0x20000180   Data           8  ventalgorithm_handler.o(.data)
    compliance                               0x20000188   Data           4  ventalgorithm_handler.o(.data)
    Resistance                               0x2000018c   Data           4  ventalgorithm_handler.o(.data)
    Resistance_C                             0x20000190   Data           4  ventalgorithm_handler.o(.data)
    P_Resistance                             0x20000194   Data           4  ventalgorithm_handler.o(.data)
    P_compliance                             0x20000198   Data           4  ventalgorithm_handler.o(.data)
    Insp_Tidal_vol                           0x2000019c   Data           4  ventalgorithm_handler.o(.data)
    open_per                                 0x200001a0   Data           4  ventalgorithm_handler.o(.data)
    Insp_Tidal_vol_A                         0x200001a4   Data           4  ventalgorithm_handler.o(.data)
    AVG_PEEP                                 0x200001a8   Data           4  ventalgorithm_handler.o(.data)
    AVG_ERROR                                0x200001ac   Data           4  ventalgorithm_handler.o(.data)
    SET_PEEP                                 0x200001b0   Data           4  ventalgorithm_handler.o(.data)
    AVG_PEEP_ACC                             0x200001b4   Data           4  ventalgorithm_handler.o(.data)
    peep_f                                   0x200001b8   Data           1  ventalgorithm_handler.o(.data)
    patient_F                                0x200001b9   Data           1  ventalgorithm_handler.o(.data)
    AVG_CNT                                  0x200001ba   Data           1  ventalgorithm_handler.o(.data)
    peep_error                               0x200001bc   Data           4  ventalgorithm_handler.o(.data)
    trigger_time                             0x200001c0   Data           4  ventalgorithm_handler.o(.data)
    fl_tri_flag                              0x200001c4   Data           4  ventalgorithm_handler.o(.data)
    Max_E_Tidal_vol                          0x200001c8   Data           4  ventalgorithm_handler.o(.data)
    Volume_read                              0x200001cc   Data           4  ventalgorithm_handler.o(.data)
    F_Error                                  0x200001d0   Data           8  ventalgorithm_handler.o(.data)
    F_Error_1                                0x200001d8   Data           8  ventalgorithm_handler.o(.data)
    F_Error_2                                0x200001e0   Data           8  ventalgorithm_handler.o(.data)
    F_PropTerm                               0x200001e8   Data           4  ventalgorithm_handler.o(.data)
    F_IntegralTerm                           0x200001ec   Data           4  ventalgorithm_handler.o(.data)
    F_DeriveTerm                             0x200001f0   Data           4  ventalgorithm_handler.o(.data)
    F_DAC_out                                0x200001f4   Data           8  ventalgorithm_handler.o(.data)
    F_DAC_out_1                              0x200001fc   Data           8  ventalgorithm_handler.o(.data)
    F_K                                      0x20000204   Data           4  ventalgorithm_handler.o(.data)
    F_Ts                                     0x20000208   Data           4  ventalgorithm_handler.o(.data)
    F_Ti                                     0x2000020c   Data           4  ventalgorithm_handler.o(.data)
    F_Td                                     0x20000210   Data           4  ventalgorithm_handler.o(.data)
    c_k                                      0x20000214   Data           2  ventalgorithm_handler.o(.data)
    flowErrorStatus                          0x20000216   Data           1  sfm4200_flowsensor.o(.data)
    FlowSensorReset                          0x20000217   Data           1  sfm4200_flowsensor.o(.data)
    wdt                                      0x20000218   Data           8  main.o(.data)
    modBusCommnStruct                        0x20000220   Data           1  main.o(.data)
    modBusServMsg                            0x20000221   Data           1  main.o(.data)
    flow_read_temp                           0x20000224   Data           4  main.o(.data)
    Delay_Flag                               0x20000228   Data           1  main.o(.data)
    millis                                   0x2000022c   Data           4  main.o(.data)
    state                                    0x20000230   Data           1  main.o(.data)
    flag_5ms                                 0x20000231   Data           1  main.o(.data)
    flag_10ms                                0x20000232   Data           1  main.o(.data)
    flag_50ms                                0x20000233   Data           1  main.o(.data)
    flag_100ms                               0x20000234   Data           1  main.o(.data)
    flag_1s                                  0x20000235   Data           1  main.o(.data)
    flag_1ms                                 0x20000236   Data           1  main.o(.data)
    puc_count_flag                           0x20000237   Data           1  main.o(.data)
    SysTickCount_5ms                         0x20000238   Data           4  main.o(.data)
    SysTickCount_10ms                        0x2000023c   Data           4  main.o(.data)
    SysTickCount_50ms                        0x20000240   Data           4  main.o(.data)
    SysTickCount_100ms                       0x20000244   Data           4  main.o(.data)
    SysTickCount_1s                          0x20000248   Data           4  main.o(.data)
    ui32SysClock                             0x2000024c   Data           4  main.o(.data)
    ulBuffIndex                              0x20000250   Data           4  main.o(.data)
    ModbusCount_100ms                        0x20000254   Data           4  main.o(.data)
    flagMB_100ms                             0x20000258   Data           4  main.o(.data)
    AirPVSetCount_1s                         0x2000025c   Data           4  main.o(.data)
    O2PVSetCount_1s                          0x20000260   Data           4  main.o(.data)
    AirPVSetFlag_1s                          0x20000264   Data           4  main.o(.data)
    O2PVSetFlag_1s                           0x20000268   Data           4  main.o(.data)
    puc_count                                0x2000026c   Data           4  main.o(.data)
    medProc_Flag                             0x20000270   Data           1  main.o(.data)
    medProcCounter                           0x20000274   Data           4  main.o(.data)
    readPtr                                  0x20000278   Data           4  main.o(.data)
    writePtr                                 0x2000027c   Data           4  main.o(.data)
    servPtr                                  0x20000280   Data           4  main.o(.data)
    t_alarmptr                               0x20000284   Data           4  main.o(.data)
    SPulIndex_page                           0x20000288   Data           1  main.o(.data)
    ucWriteMultiple                          0x20000289   Data           1  main.o(.data)
    READ_TimeoutCounter                      0x2000028c   Data           4  main.o(.data)
    WRITE_SIN_TimeoutCounter                 0x20000290   Data           4  main.o(.data)
    WRITE_MUL_TimeoutCounter                 0x20000294   Data           4  main.o(.data)
    DU_CMD_InitTimerFlag                     0x20000298   Data           1  main.o(.data)
    WR_SIN_CMD_TimeoutFlag                   0x20000299   Data           1  main.o(.data)
    READ_CMD_TimeoutFlag                     0x2000029a   Data           1  main.o(.data)
    WR_MUL_CMD_TimeoutFlag                   0x2000029b   Data           1  main.o(.data)
    DU_ServResp_InitTimerFlag                0x2000029c   Data           1  main.o(.data)
    ServResp_TimeoutFlag                     0x2000029d   Data           1  main.o(.data)
    ServResp_Success                         0x2000029e   Data           1  main.o(.data)
    ServResp_TimerInitFlag                   0x2000029f   Data           1  main.o(.data)
    DU_Resp_TimeoutFlag                      0x200002a0   Data           1  main.o(.data)
    ServResp_TimeoutCounter                  0x200002a4   Data           4  main.o(.data)
    DU_Resp_TimeoutCounter                   0x200002a8   Data           4  main.o(.data)
    ServCmd_Counter                          0x200002ac   Data           4  main.o(.data)
    ServResp_Counter                         0x200002b0   Data           4  main.o(.data)
    ServCmd_TimeoutFlag                      0x200002b4   Data           1  main.o(.data)
    crc_calc                                 0x200002b6   Data           2  main.o(.data)
    crc_recved                               0x200002b8   Data           2  main.o(.data)
    TimeStampTest                            0x200002bc   Data           4  main.o(.data)
    VentRunFlag                              0x200002c0   Data           1  main.o(.data)
    VentSettingsChange                       0x200002c1   Data           1  main.o(.data)
    ulPVValueAir                             0x200002c4   Data           4  main.o(.data)
    ulPVValueO2                              0x200002c8   Data           4  main.o(.data)
    ulPVValueInhale                          0x200002cc   Data           4  main.o(.data)
    ulPVValueEV                              0x200002d0   Data           4  main.o(.data)
    ulInhalationFlag                         0x200002d4   Data           4  main.o(.data)
    ulExhalationFlag                         0x200002d8   Data           4  main.o(.data)
    ulPauseFlag                              0x200002dc   Data           4  main.o(.data)
    ulFlowControllerFlag                     0x200002e0   Data           4  main.o(.data)
    ulRiseTimeFlag                           0x200002e4   Data           4  main.o(.data)
    ulPeepFlag                               0x200002e8   Data           4  main.o(.data)
    ulInhalationCounter                      0x200002ec   Data           4  main.o(.data)
    ulPuaseCounter                           0x200002f0   Data           4  main.o(.data)
    ulExhalationCounter                      0x200002f4   Data           4  main.o(.data)
    ulRiseTimeCounter                        0x200002f8   Data           4  main.o(.data)
    u32AverageIndex                          0x200002fc   Data           4  main.o(.data)
    u32AverageIndex_Exh                      0x20000300   Data           4  main.o(.data)
    u32AverageIndex_O2                       0x20000304   Data           4  main.o(.data)
    u32AverageIndex_Air                      0x20000308   Data           4  main.o(.data)
    u32AverageIndex_Total                    0x2000030c   Data           4  main.o(.data)
    fAverage                                 0x20000310   Data           4  main.o(.data)
    fAvg                                     0x20000314   Data           4  main.o(.data)
    u32AvgIndex_InspPressure                 0x20000318   Data           4  main.o(.data)
    u32AvgIndex_ExpPressure                  0x2000031c   Data           4  main.o(.data)
    u32AvgIndex_AuxPressure                  0x20000320   Data           4  main.o(.data)
    IntVar                                   0x20000324   Data           4  main.o(.data)
    Monitor_Commn_Flag                       0x20000328   Data           4  main.o(.data)
    O2_FS_Commn_Flag                         0x2000032c   Data           4  main.o(.data)
    Air_FS_Commn_Flag                        0x20000330   Data           4  main.o(.data)
    Total_FS_Commn_Flag                      0x20000334   Data           4  main.o(.data)
    AirFS_Count                              0x20000338   Data           4  main.o(.data)
    O2FS_Count                               0x2000033c   Data           4  main.o(.data)
    TotFS_Count                              0x20000340   Data           4  main.o(.data)
    SSICorruptedPkt_Count                    0x20000344   Data           4  main.o(.data)
    SSICorruptedPkt_Flag                     0x20000348   Data           4  main.o(.data)
    Insp_Pressure_Failure                    0x2000034c   Data           4  main.o(.data)
    Exp_Pressure_Failure                     0x20000350   Data           4  main.o(.data)
    Aux_Pressure_Failure                     0x20000354   Data           4  main.o(.data)
    AirPV_Sense_Failure                      0x20000358   Data           4  main.o(.data)
    O2PV_Sense_Failure                       0x2000035c   Data           4  main.o(.data)
    ExhPV_Sense_Failure                      0x20000360   Data           4  main.o(.data)
    PV_Check                                 0x20000364   Data           4  main.o(.data)
    Error_Test                               0x20000368   Data           4  main.o(.data)
    Timestamp_Test                           0x2000036c   Data           4  main.o(.data)
    Kp                                       0x20000370   Data           4  main.o(.data)
    Ki                                       0x20000374   Data           4  main.o(.data)
    Kd                                       0x20000378   Data           4  main.o(.data)
    PropTerm                                 0x2000037c   Data           4  main.o(.data)
    IntegralTerm                             0x20000380   Data           4  main.o(.data)
    DeriveTerm                               0x20000384   Data           4  main.o(.data)
    RC_ConstCount                            0x20000388   Data           4  main.o(.data)
    RC_Init                                  0x2000038c   Data           4  main.o(.data)
    Res_count                                0x20000390   Data           4  main.o(.data)
    Res_Init                                 0x20000394   Data           4  main.o(.data)
    Tube_Compl                               0x20000398   Data           4  main.o(.data)
    P_Error                                  0x2000039c   Data           4  main.o(.data)
    P_Kp                                     0x200003a0   Data           4  main.o(.data)
    P_Ki                                     0x200003a4   Data           4  main.o(.data)
    P_Kd                                     0x200003a8   Data           4  main.o(.data)
    P_PropTerm                               0x200003ac   Data           4  main.o(.data)
    P_IntegralTerm                           0x200003b0   Data           4  main.o(.data)
    P_DeriveTerm                             0x200003b4   Data           4  main.o(.data)
    SettlingFlag                             0x200003b8   Data           4  main.o(.data)
    SettlingCounter                          0x200003bc   Data           4  main.o(.data)
    SettlingTimoutFlag                       0x200003c0   Data           4  main.o(.data)
    Backup_wait                              0x200003c4   Data           4  main.o(.data)
    Backup_init                              0x200003c8   Data           4  main.o(.data)
    apneacount_time                          0x200003cc   Data           4  main.o(.data)
    apneacount_flag                          0x200003d0   Data           4  main.o(.data)
    apneaalarm_flag                          0x200003d4   Data           4  main.o(.data)
    RC_TimeInit                              0x200003d8   Data           4  main.o(.data)
    RC_TimeCount                             0x200003dc   Data           4  main.o(.data)
    RC_TimeVar                               0x200003e0   Data           4  main.o(.data)
    PCM_Flow                                 0x200003e4   Data           4  main.o(.data)
    DAC_Val                                  0x200003e8   Data           4  main.o(.data)
    Time100mS_Init                           0x200003ec   Data           4  main.o(.data)
    Time100mS_Count                          0x200003f0   Data           4  main.o(.data)
    RiseTimeEnabled                          0x200003f4   Data           4  main.o(.data)
    Peep_Flag                                0x200003f8   Data           1  main.o(.data)
    RC_Time                                  0x200003fc   Data           4  main.o(.data)
    Exh_DACVal                               0x20000400   Data           4  main.o(.data)
    f_rawdata                                0x20000404   Data           4  main.o(.data)
    flowslpm                                 0x20000408   Data           4  main.o(.data)
    EXH_FLOW                                 0x2000040c   Data           4  main.o(.data)
    len                                      0x20000410   Data           1  main.o(.data)
    uart_array_1                             0x20000411   Data           8  main.o(.data)
    u8CRC_Cal                                0x20000419   Data           1  main.o(.data)
    u8CRC_Rxd                                0x2000041a   Data           1  main.o(.data)
    PV_SetValue_A                            0x2000041c   Data           4  main.o(.data)
    PV_SetValue_O                            0x20000420   Data           4  main.o(.data)
    PV_SetValue                              0x20000424   Data           4  main.o(.data)
    prvcAvgComplaince                        0x20000428   Data           4  main.o(.data)
    prvcINDEX                                0x2000042c   Data           1  main.o(.data)
    puc_mode                                 0x2000042d   Data           1  main.o(.data)
    g_ui32UARTTxWriteIndex                   0x20000434   Data           4  uartstdio.o(.data)
    g_ui32UARTTxReadIndex                    0x20000438   Data           4  uartstdio.o(.data)
    g_ui32UARTRxWriteIndex                   0x2000043c   Data           4  uartstdio.o(.data)
    g_ui32UARTRxReadIndex                    0x20000440   Data           4  uartstdio.o(.data)
    g_ui32UARTTxWriteIndex1                  0x20000454   Data           4  uartstdio1.o(.data)
    g_ui32UARTTxReadIndex1                   0x20000458   Data           4  uartstdio1.o(.data)
    g_ui32UARTRxWriteIndex1                  0x2000045c   Data           4  uartstdio1.o(.data)
    g_ui32UARTRxReadIndex1                   0x20000460   Data           4  uartstdio1.o(.data)
    ui32IndexSSI                             0x20000470   Data           4  ssi_handler.o(.data)
    u32TxInd                                 0x20000474   Data           4  ssi_handler.o(.data)
    SSI_TxnFlag                              0x20000478   Data           1  ssi_handler.o(.data)
    SSI_Sync                                 0x2000047c   Data           4  ssi_handler.o(.data)
    SSIRxdFlag                               0x20000480   Data           4  ssi_handler.o(.data)
    u32RxdPktInd                             0x20000484   Data           4  ssi_handler.o(.data)
    SSI_Sync1                                0x20000488   Data           4  ssi_handler.o(.data)
    TimeCount                                0x2000048c   Data           4  ssi_handler.o(.data)
    ulSyncTimeout                            0x20000490   Data           4  ssi_handler.o(.data)
    status_collect                           0x20000494   Data           4  technicalalarm_handler.o(.data)
    clear_bit                                0x20000498   Data           4  technicalalarm_handler.o(.data)
    alarm_index                              0x2000049c   Data           4  technicalalarm_handler.o(.data)
    test                                     0x200004a0   Data           2  technicalalarm_handler.o(.data)
    fAverage_E                               0x200004a4   Data           4  exhflowsensor.o(.data)
    exh_fail_cnt                             0x200004a8   Data           2  exhflowsensor.o(.data)
    g_ui32UARTTxWriteIndex2                  0x200004b0   Data           4  uartstdio2.o(.data)
    g_ui32UARTTxReadIndex2                   0x200004b4   Data           4  uartstdio2.o(.data)
    g_ui32UARTRxWriteIndex2                  0x200004b8   Data           4  uartstdio2.o(.data)
    g_ui32UARTRxReadIndex2                   0x200004bc   Data           4  uartstdio2.o(.data)
    ulSimvperiodcounter                      0x200004cc   Data           4  simv.o(.data)
    ulSpontperiodcounter                     0x200004d0   Data           4  simv.o(.data)
    ulSimvperiodflag                         0x200004d4   Data           1  simv.o(.data)
    ulSpontperiodflag                        0x200004d5   Data           1  simv.o(.data)
    patienttriggerflag                       0x200004d6   Data           1  simv.o(.data)
    simvpcntflag                             0x200004d7   Data           1  simv.o(.data)
    firstbreath                              0x200004d8   Data           1  simv.o(.data)
    simvpcntflag_1                           0x200004d9   Data           1  simv.o(.data)
    Diag_Flag                                0x200004da   Data           1  diagnostics.o(.data)
    IZV                                      0x200004db   Data           1  diagnostics.o(.data)
    IEV                                      0x200004dc   Data           1  diagnostics.o(.data)
    AV                                       0x200004dd   Data           1  diagnostics.o(.data)
    med_mode                                 0x200004de   Data           1  medical_procedure.o(.data)
    P_PID_AVG                                0x20000a6c   Data          80  ventalgorithm_handler.o(.bss)
    DAC                                      0x20000abc   Data          16  ventalgorithm_handler.o(.bss)
    PEEP                                     0x20000acc   Data          16  ventalgorithm_handler.o(.bss)
    PEEP_BUFFER                              0x20000adc   Data         200  ventalgorithm_handler.o(.bss)
    peep_cnt                                 0x20000ba4   Data          16  ventalgorithm_handler.o(.bss)
    check                                    0x20000bb4   Data         440  ventalgorithm_handler.o(.bss)
    ADC0_Value1                              0x20000d6c   Data          32  adc_handler.o(.bss)
    ADC1_Value1                              0x20000d8c   Data          32  adc_handler.o(.bss)
    ADC0_Value2                              0x20000dac   Data          16  adc_handler.o(.bss)
    sysParam                                 0x20000dbc   Data         480  fm3164_memory.o(.bss)
    userParam                                0x20000f9c   Data         480  fm3164_memory.o(.bss)
    fRAM                                     0x2000117c   Data          16  main.o(.bss)
    AirFlowSensor                            0x2000118c   Data          20  main.o(.bss)
    O2FlowSensor                             0x200011a0   Data          20  main.o(.bss)
    TotalFlowSensor                          0x200011b4   Data          20  main.o(.bss)
    DAC1                                     0x200011c8   Data          32  main.o(.bss)
    DAC2                                     0x200011e8   Data          32  main.o(.bss)
    ctrlReadParam                            0x20001208   Data          80  main.o(.bss)
    ctrlWriteParam                           0x20001258   Data         140  main.o(.bss)
    ctrlWriteRead                            0x200012e4   Data         140  main.o(.bss)
    ctrlServParam                            0x20001370   Data          36  main.o(.bss)
    ventAlgorithmSettings                    0x20001394   Data          48  main.o(.bss)
    ventAlgParam                             0x200013c4   Data          48  main.o(.bss)
    Tech_Alarmcheck                          0x200013f4   Data         128  main.o(.bss)
    prvcVentSettings                         0x20001474   Data          32  main.o(.bss)
    ucModbusReadReg                          0x20001494   Data          56  main.o(.bss)
    ucModbusWriteReg                         0x200014cc   Data         116  main.o(.bss)
    ucModbusServReg                          0x20001540   Data          36  main.o(.bss)
    ucBufferArray                            0x20001564   Data         200  main.o(.bss)
    u8SSITx                                  0x2000162c   Data          30  main.o(.bss)
    u8SSIDataRx                              0x2000164a   Data          30  main.o(.bss)
    fAverageArray_Exh                        0x20001668   Data          40  main.o(.bss)
    fAverageArray_O2                         0x20001690   Data          40  main.o(.bss)
    fAverageArray_Air                        0x200016b8   Data          40  main.o(.bss)
    fAverageArray_Total                      0x200016e0   Data          40  main.o(.bss)
    fAvgeArray_InspPressure                  0x20001708   Data        1200  main.o(.bss)
    fAvgeArray_ExpPressure                   0x20001bb8   Data          40  main.o(.bss)
    fAvgeArray_AuxPressure                   0x20001be0   Data          40  main.o(.bss)
    prvcAvgComplainceArray                   0x20001c08   Data          20  main.o(.bss)
    g_pcUARTTxBuffer                         0x20001c1c   Data         256  uartstdio.o(.bss)
    g_pcUARTRxBuffer                         0x20001d1c   Data         256  uartstdio.o(.bss)
    g_pcUARTTxBuffer1                        0x20001e1c   Data         100  uartstdio1.o(.bss)
    g_pcUARTRxBuffer1                        0x20001e80   Data         100  uartstdio1.o(.bss)
    u8SSIDataProcess                         0x20001ee4   Data          22  ssi_handler.o(.bss)
    u32RxdIEEEPkt                            0x20001efc   Data          12  ssi_handler.o(.bss)
    g_pcUARTTxBuffer2                        0x20001f08   Data         100  uartstdio2.o(.bss)
    g_pcUARTRxBuffer2                        0x20001f6c   Data         100  uartstdio2.o(.bss)
    __libspace_start                         0x20001fd0   Data          96  libspace.o(.bss)
    __temporary_stack_top$libspace           0x20002030   Data           0  libspace.o(.bss)



==============================================================================

Memory Map of the image

  Image Entry point : 0x0000026d

  Load Region LR_IROM1 (Base: 0x00000000, Size: 0x0000c430, Max: 0x00040000, ABSOLUTE, COMPRESSED[0x0000ba4c])

    Execution Region ER_IROM1 (Exec base: 0x00000000, Load base: 0x00000000, Size: 0x0000b9c4, Max: 0x00040000, ABSOLUTE)

    Exec Addr    Load Addr    Size         Type   Attr      Idx    E Section Name        Object

    0x00000000   0x00000000   0x0000026c   Data   RO         1799    RESET               startup_rvmdk.o
    0x0000026c   0x0000026c   0x00000008   Code   RO         3701  * !!!main             c_w.l(__main.o)
    0x00000274   0x00000274   0x00000034   Code   RO         3969    !!!scatter          c_w.l(__scatter.o)
    0x000002a8   0x000002a8   0x0000005a   Code   RO         3967    !!dczerorl2         c_w.l(__dczerorl2.o)
    0x00000302   0x00000302   0x00000002   PAD
    0x00000304   0x00000304   0x0000001c   Code   RO         3971    !!handler_zi        c_w.l(__scatter_zi.o)
    0x00000320   0x00000320   0x00000002   Code   RO         3834    .ARM.Collect$$libinit$$00000000  c_w.l(libinit.o)
    0x00000322   0x00000322   0x00000004   Code   RO         3839    .ARM.Collect$$libinit$$00000001  c_w.l(libinit2.o)
    0x00000326   0x00000326   0x00000000   Code   RO         3842    .ARM.Collect$$libinit$$00000004  c_w.l(libinit2.o)
    0x00000326   0x00000326   0x00000000   Code   RO         3845    .ARM.Collect$$libinit$$0000000A  c_w.l(libinit2.o)
    0x00000326   0x00000326   0x00000000   Code   RO         3847    .ARM.Collect$$libinit$$0000000C  c_w.l(libinit2.o)
    0x00000326   0x00000326   0x00000000   Code   RO         3849    .ARM.Collect$$libinit$$0000000E  c_w.l(libinit2.o)
    0x00000326   0x00000326   0x00000000   Code   RO         3852    .ARM.Collect$$libinit$$00000011  c_w.l(libinit2.o)
    0x00000326   0x00000326   0x00000000   Code   RO         3854    .ARM.Collect$$libinit$$00000013  c_w.l(libinit2.o)
    0x00000326   0x00000326   0x00000000   Code   RO         3856    .ARM.Collect$$libinit$$00000015  c_w.l(libinit2.o)
    0x00000326   0x00000326   0x00000000   Code   RO         3858    .ARM.Collect$$libinit$$00000017  c_w.l(libinit2.o)
    0x00000326   0x00000326   0x00000000   Code   RO         3860    .ARM.Collect$$libinit$$00000019  c_w.l(libinit2.o)
    0x00000326   0x00000326   0x00000000   Code   RO         3862    .ARM.Collect$$libinit$$0000001B  c_w.l(libinit2.o)
    0x00000326   0x00000326   0x00000000   Code   RO         3864    .ARM.Collect$$libinit$$0000001D  c_w.l(libinit2.o)
    0x00000326   0x00000326   0x00000000   Code   RO         3866    .ARM.Collect$$libinit$$0000001F  c_w.l(libinit2.o)
    0x00000326   0x00000326   0x00000000   Code   RO         3868    .ARM.Collect$$libinit$$00000021  c_w.l(libinit2.o)
    0x00000326   0x00000326   0x00000000   Code   RO         3870    .ARM.Collect$$libinit$$00000023  c_w.l(libinit2.o)
    0x00000326   0x00000326   0x00000000   Code   RO         3872    .ARM.Collect$$libinit$$00000025  c_w.l(libinit2.o)
    0x00000326   0x00000326   0x00000000   Code   RO         3876    .ARM.Collect$$libinit$$0000002C  c_w.l(libinit2.o)
    0x00000326   0x00000326   0x00000000   Code   RO         3878    .ARM.Collect$$libinit$$0000002E  c_w.l(libinit2.o)
    0x00000326   0x00000326   0x00000000   Code   RO         3880    .ARM.Collect$$libinit$$00000030  c_w.l(libinit2.o)
    0x00000326   0x00000326   0x00000000   Code   RO         3882    .ARM.Collect$$libinit$$00000032  c_w.l(libinit2.o)
    0x00000326   0x00000326   0x00000002   Code   RO         3883    .ARM.Collect$$libinit$$00000033  c_w.l(libinit2.o)
    0x00000328   0x00000328   0x00000002   Code   RO         3905    .ARM.Collect$$libshutdown$$00000000  c_w.l(libshutdown.o)
    0x0000032a   0x0000032a   0x00000000   Code   RO         3918    .ARM.Collect$$libshutdown$$00000002  c_w.l(libshutdown2.o)
    0x0000032a   0x0000032a   0x00000000   Code   RO         3920    .ARM.Collect$$libshutdown$$00000004  c_w.l(libshutdown2.o)
    0x0000032a   0x0000032a   0x00000000   Code   RO         3922    .ARM.Collect$$libshutdown$$00000006  c_w.l(libshutdown2.o)
    0x0000032a   0x0000032a   0x00000000   Code   RO         3925    .ARM.Collect$$libshutdown$$00000009  c_w.l(libshutdown2.o)
    0x0000032a   0x0000032a   0x00000000   Code   RO         3928    .ARM.Collect$$libshutdown$$0000000C  c_w.l(libshutdown2.o)
    0x0000032a   0x0000032a   0x00000000   Code   RO         3930    .ARM.Collect$$libshutdown$$0000000E  c_w.l(libshutdown2.o)
    0x0000032a   0x0000032a   0x00000000   Code   RO         3933    .ARM.Collect$$libshutdown$$00000011  c_w.l(libshutdown2.o)
    0x0000032a   0x0000032a   0x00000002   Code   RO         3934    .ARM.Collect$$libshutdown$$00000012  c_w.l(libshutdown2.o)
    0x0000032c   0x0000032c   0x00000000   Code   RO         3749    .ARM.Collect$$rtentry$$00000000  c_w.l(__rtentry.o)
    0x0000032c   0x0000032c   0x00000000   Code   RO         3799    .ARM.Collect$$rtentry$$00000002  c_w.l(__rtentry2.o)
    0x0000032c   0x0000032c   0x00000006   Code   RO         3811    .ARM.Collect$$rtentry$$00000004  c_w.l(__rtentry4.o)
    0x00000332   0x00000332   0x00000000   Code   RO         3801    .ARM.Collect$$rtentry$$00000009  c_w.l(__rtentry2.o)
    0x00000332   0x00000332   0x00000004   Code   RO         3802    .ARM.Collect$$rtentry$$0000000A  c_w.l(__rtentry2.o)
    0x00000336   0x00000336   0x00000000   Code   RO         3804    .ARM.Collect$$rtentry$$0000000C  c_w.l(__rtentry2.o)
    0x00000336   0x00000336   0x00000008   Code   RO         3805    .ARM.Collect$$rtentry$$0000000D  c_w.l(__rtentry2.o)
    0x0000033e   0x0000033e   0x00000002   Code   RO         3837    .ARM.Collect$$rtexit$$00000000  c_w.l(rtexit.o)
    0x00000340   0x00000340   0x00000000   Code   RO         3887    .ARM.Collect$$rtexit$$00000002  c_w.l(rtexit2.o)
    0x00000340   0x00000340   0x00000004   Code   RO         3888    .ARM.Collect$$rtexit$$00000003  c_w.l(rtexit2.o)
    0x00000344   0x00000344   0x00000006   Code   RO         3889    .ARM.Collect$$rtexit$$00000004  c_w.l(rtexit2.o)
    0x0000034a   0x0000034a   0x00000002   PAD
    0x0000034c   0x0000034c   0x00000026   Code   RO         3677    .emb_text           driverlib.lib(cpu.o)
    0x00000372   0x00000372   0x00000002   PAD
    0x00000374   0x00000374   0x00000114   Code   RO         1800    .text               startup_rvmdk.o
    0x00000488   0x00000488   0x00000064   Code   RO         3693    .text               c_w.l(rt_memcpy_w.o)
    0x000004ec   0x000004ec   0x0000004e   Code   RO         3697    .text               c_w.l(rt_memclr_w.o)
    0x0000053a   0x0000053a   0x00000006   Code   RO         3699    .text               c_w.l(heapauxi.o)
    0x00000540   0x00000540   0x00000016   Code   RO         3750    .text               c_w.l(_rserrno.o)
    0x00000556   0x00000556   0x00000002   PAD
    0x00000558   0x00000558   0x00000008   Code   RO         3816    .text               c_w.l(rt_errno_addr_intlibspace.o)
    0x00000560   0x00000560   0x00000008   Code   RO         3822    .text               c_w.l(libspace.o)
    0x00000568   0x00000568   0x0000004a   Code   RO         3825    .text               c_w.l(sys_stackheap_outer.o)
    0x000005b2   0x000005b2   0x00000012   Code   RO         3827    .text               c_w.l(exit.o)
    0x000005c4   0x000005c4   0x0000000c   Code   RO         3897    .text               c_w.l(sys_exit.o)
    0x000005d0   0x000005d0   0x00000002   Code   RO         3908    .text               c_w.l(use_no_semi.o)
    0x000005d2   0x000005d2   0x00000000   Code   RO         3910    .text               c_w.l(indicate_semi.o)
    0x000005d2   0x000005d2   0x0000000a   Code   RO         1815    i.ADCIntClear       driverlib.lib(adc.o)
    0x000005dc   0x000005dc   0x00000034   Code   RO         1822    i.ADCIntStatus      driverlib.lib(adc.o)
    0x00000610   0x00000610   0x0000001a   Code   RO         1827    i.ADCProcessorTrigger  driverlib.lib(adc.o)
    0x0000062a   0x0000062a   0x00000024   Code   RO         1833    i.ADCSequenceDataGet  driverlib.lib(adc.o)
    0x0000064e   0x0000064e   0x00000008   Code   RO          250    i.ADC_DataAcq       adc_handler.o
    0x00000656   0x00000656   0x00000002   PAD
    0x00000658   0x00000658   0x00000460   Code   RO            1    i.Air_Flow_calc     ventalgorithm_handler.o
    0x00000ab8   0x00000ab8   0x0000008c   Code   RO         1553    i.Aux_Valve_check   preusecheck.o
    0x00000b44   0x00000b44   0x00000038   Code   RO         1554    i.Battery_check     preusecheck.o
    0x00000b7c   0x00000b7c   0x00000048   Code   RO         1015    i.DAC_Init          systeminit_handler.o
    0x00000bc4   0x00000bc4   0x000000f0   Code   RO          402    i.DAC_Output_Set    ltc2607_dac_handler.o
    0x00000cb4   0x00000cb4   0x00000294   Code   RO         1016    i.DIO_Init          systeminit_handler.o
    0x00000f48   0x00000f48   0x00000024   Code   RO         1017    i.Delay_Millis      systeminit_handler.o
    0x00000f6c   0x00000f6c   0x00000244   Code   RO         1348    i.ExhFlowSensor     exhflowsensor.o
    0x000011b0   0x000011b0   0x00000130   Code   RO         1664    i.ExpiratoryHold    medical_procedure.o
    0x000012e0   0x000012e0   0x00000038   Code   RO         1018    i.FRAMInit          systeminit_handler.o
    0x00001318   0x00001318   0x00000140   Code   RO            2    i.FlowControlLoop   ventalgorithm_handler.o
    0x00001458   0x00001458   0x0000008c   Code   RO         1019    i.FlowSensorInit    systeminit_handler.o
    0x000014e4   0x000014e4   0x00000384   Code   RO          462    i.FlowSensor_dataAcq  sfm4200_flowsensor.o
    0x00001868   0x00001868   0x00000160   Code   RO            3    i.FlowTrigger       ventalgorithm_handler.o
    0x000019c8   0x000019c8   0x00000084   Code   RO         1555    i.Flow_Sensor_check  preusecheck.o
    0x00001a4c   0x00001a4c   0x00000030   Code   RO          590    i.Flush_UARTRxBufferArray  uartstdio.o
    0x00001a7c   0x00001a7c   0x00000028   Code   RO         2087    i.GPIODirModeSet    driverlib.lib(gpio.o)
    0x00001aa4   0x00001aa4   0x00000138   Code   RO         2097    i.GPIOPadConfigSet  driverlib.lib(gpio.o)
    0x00001bdc   0x00001bdc   0x00000044   Code   RO         2098    i.GPIOPinConfigure  driverlib.lib(gpio.o)
    0x00001c20   0x00001c20   0x00000006   Code   RO         2099    i.GPIOPinRead       driverlib.lib(gpio.o)
    0x00001c26   0x00001c26   0x0000001c   Code   RO         2118    i.GPIOPinTypeSSI    driverlib.lib(gpio.o)
    0x00001c42   0x00001c42   0x00000006   Code   RO         2127    i.GPIOPinWrite      driverlib.lib(gpio.o)
    0x00001c48   0x00001c48   0x00000038   Code   RO         1556    i.Gas_supply        preusecheck.o
    0x00001c80   0x00001c80   0x0000001a   Code   RO          591    i.GetBufferCount    uartstdio.o
    0x00001c9a   0x00001c9a   0x0000001a   Code   RO          902    i.GetBufferCount1   uartstdio1.o
    0x00001cb4   0x00001cb4   0x0000000c   Code   RO         2383    i.I2CMasterBusy     driverlib.lib(i2c.o)
    0x00001cc0   0x00001cc0   0x00000004   Code   RO         2384    i.I2CMasterControl  driverlib.lib(i2c.o)
    0x00001cc4   0x00001cc4   0x00000004   Code   RO         2386    i.I2CMasterDataPut  driverlib.lib(i2c.o)
    0x00001cc8   0x00001cc8   0x00000018   Code   RO         2389    i.I2CMasterErr      driverlib.lib(i2c.o)
    0x00001ce0   0x00001ce0   0x00000008   Code   RO         2401    i.I2CMasterSlaveAddrSet  driverlib.lib(i2c.o)
    0x00001ce8   0x00001ce8   0x000002e0   Code   RO         1020    i.I2C_Init          systeminit_handler.o
    0x00001fc8   0x00001fc8   0x000000e0   Code   RO         1665    i.InspiratoyHold    medical_procedure.o
    0x000020a8   0x000020a8   0x00000064   Code   RO         2709    i.IntDisable        driverlib.lib(interrupt.o)
    0x0000210c   0x0000210c   0x00000064   Code   RO         2710    i.IntEnable         driverlib.lib(interrupt.o)
    0x00002170   0x00002170   0x0000000e   Code   RO         2712    i.IntMasterDisable  driverlib.lib(interrupt.o)
    0x0000217e   0x0000217e   0x0000000e   Code   RO         2713    i.IntMasterEnable   driverlib.lib(interrupt.o)
    0x0000218c   0x0000218c   0x00000034   Code   RO         2722    i.IntRegister       driverlib.lib(interrupt.o)
    0x000021c0   0x000021c0   0x00000014   Code   RO          592    i.IsBufferEmpty     uartstdio.o
    0x000021d4   0x000021d4   0x00000014   Code   RO          903    i.IsBufferEmpty1    uartstdio1.o
    0x000021e8   0x000021e8   0x00000014   Code   RO         1374    i.IsBufferEmpty2    uartstdio2.o
    0x000021fc   0x000021fc   0x0000001e   Code   RO          593    i.IsBufferFull      uartstdio.o
    0x0000221a   0x0000221a   0x0000001e   Code   RO          904    i.IsBufferFull1     uartstdio1.o
    0x00002238   0x00002238   0x0000001e   Code   RO         1375    i.IsBufferFull2     uartstdio2.o
    0x00002256   0x00002256   0x00000002   PAD
    0x00002258   0x00002258   0x000000fc   Code   RO         1666    i.ManualBreath      medical_procedure.o
    0x00002354   0x00002354   0x00000348   Code   RO          732    i.Modbus_Communication  modbuscommn_handler.o
    0x0000269c   0x0000269c   0x00000184   Code   RO          733    i.Modbus_MultipleReg  modbuscommn_handler.o
    0x00002820   0x00002820   0x0000014c   Code   RO          734    i.Modbus_ReadReg    modbuscommn_handler.o
    0x0000296c   0x0000296c   0x00000150   Code   RO          735    i.Modbus_Service_MessageCmd  modbuscommn_handler.o
    0x00002abc   0x00002abc   0x00000020   Code   RO          737    i.Modbus_Service_MessageTx  modbuscommn_handler.o
    0x00002adc   0x00002adc   0x00000180   Code   RO          738    i.Modbus_WriteSingleReg  modbuscommn_handler.o
    0x00002c5c   0x00002c5c   0x0000008c   Code   RO         1557    i.Normal_state      preusecheck.o
    0x00002ce8   0x00002ce8   0x0000040c   Code   RO            4    i.O2_Flow_calc      ventalgorithm_handler.o
    0x000030f4   0x000030f4   0x0000008c   Code   RO         1558    i.O2_Sensor_check   preusecheck.o
    0x00003180   0x00003180   0x00000328   Code   RO            5    i.PEEP_control      ventalgorithm_handler.o
    0x000034a8   0x000034a8   0x0000024c   Code   RO            6    i.PID_PressureControl_Loop  ventalgorithm_handler.o
    0x000036f4   0x000036f4   0x000004b4   Code   RO         1521    i.PRVC              prvc.o
    0x00003ba8   0x00003ba8   0x00000374   Code   RO         1187    i.PV_AlarmGeneration  technicalalarm_handler.o
    0x00003f1c   0x00003f1c   0x00000134   Code   RO         1559    i.Pre_Sensor_check  preusecheck.o
    0x00004050   0x00004050   0x000004f4   Code   RO         1301    i.PressureCtrl_Algorithm  pressurectrlmode_handler.o
    0x00004544   0x00004544   0x000000f8   Code   RO            7    i.PressureTrigger   ventalgorithm_handler.o
    0x0000463c   0x0000463c   0x000000fc   Code   RO         1147    i.SSI1_IntHandler   ssi_handler.o
    0x00004738   0x00004738   0x0000003a   Code   RO         2833    i.SSIConfigSetExpClk  driverlib.lib(ssi.o)
    0x00004772   0x00004772   0x00000014   Code   RO         2837    i.SSIDataGetNonBlocking  driverlib.lib(ssi.o)
    0x00004786   0x00004786   0x00000010   Code   RO         2839    i.SSIDataPutNonBlocking  driverlib.lib(ssi.o)
    0x00004796   0x00004796   0x00000004   Code   RO         2842    i.SSIIntClear       driverlib.lib(ssi.o)
    0x0000479a   0x0000479a   0x00000008   Code   RO         2844    i.SSIIntEnable      driverlib.lib(ssi.o)
    0x000047a2   0x000047a2   0x0000000a   Code   RO         2846    i.SSIIntStatus      driverlib.lib(ssi.o)
    0x000047ac   0x000047ac   0x00000168   Code   RO         1148    i.SSI_Communication  ssi_handler.o
    0x00004914   0x00004914   0x000000ac   Code   RO         1149    i.SSI_Init          ssi_handler.o
    0x000049c0   0x000049c0   0x0000011c   Code   RO         1560    i.Safety_Valve_check  preusecheck.o
    0x00004adc   0x00004adc   0x00000104   Code   RO         1643    i.Self_Diagnostics  diagnostics.o
    0x00004be0   0x00004be0   0x00000154   Code   RO         2980    i.SysCtlClockGet    driverlib.lib(sysctl.o)
    0x00004d34   0x00004d34   0x00000028   Code   RO         3011    i.SysCtlPeripheralEnable  driverlib.lib(sysctl.o)
    0x00004d5c   0x00004d5c   0x0000002c   Code   RO         3014    i.SysCtlPeripheralPresent  driverlib.lib(sysctl.o)
    0x00004d88   0x00004d88   0x0000002c   Code   RO         3015    i.SysCtlPeripheralReady  driverlib.lib(sysctl.o)
    0x00004db4   0x00004db4   0x0000000e   Code   RO         3320    i.SysTickEnable     driverlib.lib(systick.o)
    0x00004dc2   0x00004dc2   0x00000018   Code   RO         3323    i.SysTickIntRegister  driverlib.lib(systick.o)
    0x00004dda   0x00004dda   0x0000000a   Code   RO         3326    i.SysTickPeriodSet  driverlib.lib(systick.o)
    0x00004de4   0x00004de4   0x00000384   Code   RO         1022    i.SysTick_Handler   systeminit_handler.o
    0x00005168   0x00005168   0x00000028   Code   RO         1023    i.SysTick_Timer     systeminit_handler.o
    0x00005190   0x00005190   0x00000098   Code   RO         1737    i.SystemInit        system_tm4c123.o
    0x00005228   0x00005228   0x00000070   Code   RO         1024    i.System_Init       systeminit_handler.o
    0x00005298   0x00005298   0x0000026c   Code   RO         1188    i.Technical_Alarm   technicalalarm_handler.o
    0x00005504   0x00005504   0x00000010   Code   RO         3389    i.UARTCharGetNonBlocking  driverlib.lib(uart.o)
    0x00005514   0x00005514   0x00000010   Code   RO         3391    i.UARTCharPutNonBlocking  driverlib.lib(uart.o)
    0x00005524   0x00005524   0x0000000a   Code   RO         3392    i.UARTCharsAvail    driverlib.lib(uart.o)
    0x0000552e   0x0000552e   0x0000006e   Code   RO         3396    i.UARTConfigSetExpClk  driverlib.lib(uart.o)
    0x0000559c   0x0000559c   0x00000014   Code   RO         3401    i.UARTEnable        driverlib.lib(uart.o)
    0x000055b0   0x000055b0   0x00000006   Code   RO         3406    i.UARTFIFOLevelSet  driverlib.lib(uart.o)
    0x000055b6   0x000055b6   0x00000002   PAD
    0x000055b8   0x000055b8   0x00000024   Code   RO          595    i.UARTFlushRx       uartstdio.o
    0x000055dc   0x000055dc   0x00000024   Code   RO          906    i.UARTFlushRx1      uartstdio1.o
    0x00005600   0x00005600   0x00000024   Code   RO         1376    i.UARTFlushRx2      uartstdio2.o
    0x00005624   0x00005624   0x00000038   Code   RO          596    i.UARTFlushTx       uartstdio.o
    0x0000565c   0x0000565c   0x00000038   Code   RO          907    i.UARTFlushTx1      uartstdio1.o
    0x00005694   0x00005694   0x00000038   Code   RO         1377    i.UARTFlushTx2      uartstdio2.o
    0x000056cc   0x000056cc   0x00000004   Code   RO         3409    i.UARTIntClear      driverlib.lib(uart.o)
    0x000056d0   0x000056d0   0x0000000a   Code   RO         3410    i.UARTIntDisable    driverlib.lib(uart.o)
    0x000056da   0x000056da   0x00000008   Code   RO         3411    i.UARTIntEnable     driverlib.lib(uart.o)
    0x000056e2   0x000056e2   0x0000000a   Code   RO         3413    i.UARTIntStatus     driverlib.lib(uart.o)
    0x000056ec   0x000056ec   0x00000070   Code   RO          598    i.UARTPrimeTransmit  uartstdio.o
    0x0000575c   0x0000575c   0x00000078   Code   RO          909    i.UARTPrimeTransmit  uartstdio1.o
    0x000057d4   0x000057d4   0x00000078   Code   RO         1379    i.UARTPrimeTransmit2  uartstdio2.o
    0x0000584c   0x0000584c   0x00000018   Code   RO          600    i.UARTRxBytesAvail  uartstdio.o
    0x00005864   0x00005864   0x00000018   Code   RO          910    i.UARTRxBytesAvail1  uartstdio1.o
    0x0000587c   0x0000587c   0x0000000a   Code   RO         3426    i.UARTSpaceAvail    driverlib.lib(uart.o)
    0x00005886   0x00005886   0x00000002   PAD
    0x00005888   0x00005888   0x00000084   Code   RO          601    i.UARTStdioConfig   uartstdio.o
    0x0000590c   0x0000590c   0x00000094   Code   RO          911    i.UARTStdioConfig1  uartstdio1.o
    0x000059a0   0x000059a0   0x00000084   Code   RO         1381    i.UARTStdioConfig2  uartstdio2.o
    0x00005a24   0x00005a24   0x000000a8   Code   RO          602    i.UARTStdioIntHandler  uartstdio.o
    0x00005acc   0x00005acc   0x000000b0   Code   RO          912    i.UARTStdioIntHandler1  uartstdio1.o
    0x00005b7c   0x00005b7c   0x000000b0   Code   RO         1382    i.UARTStdioIntHandler2  uartstdio2.o
    0x00005c2c   0x00005c2c   0x00000168   Code   RO         1025    i.UART_Init         systeminit_handler.o
    0x00005d94   0x00005d94   0x00000034   Code   RO          604    i.UARTgetc          uartstdio.o
    0x00005dc8   0x00005dc8   0x0000003c   Code   RO          914    i.UARTgetc1         uartstdio1.o
    0x00005e04   0x00005e04   0x0000006c   Code   RO          608    i.UARTwrite         uartstdio.o
    0x00005e70   0x00005e70   0x000000a4   Code   RO          918    i.UARTwrite1        uartstdio1.o
    0x00005f14   0x00005f14   0x0000009c   Code   RO         1561    i.Valve_check       preusecheck.o
    0x00005fb0   0x00005fb0   0x00000728   Code   RO           10    i.VentAlgorithmSettings  ventalgorithm_handler.o
    0x000066d8   0x000066d8   0x00000070   Code   RO           11    i.Vent_Algorithm    ventalgorithm_handler.o
    0x00006748   0x00006748   0x00000234   Code   RO         1644    i.Ventilator_Test   diagnostics.o
    0x0000697c   0x0000697c   0x000003d0   Code   RO         1270    i.VolCtrl_Algorithm  volumectrlmode_handler.o
    0x00006d4c   0x00006d4c   0x00000030   Code   RO         3781    i.__ARM_fpclassify  m_wm.l(fpclassify.o)
    0x00006d7c   0x00006d7c   0x00000014   Code   RO         3729    i.__hardfp_fabs     m_wm.l(fabs.o)
    0x00006d90   0x00006d90   0x00000c50   Code   RO         3735    i.__hardfp_pow      m_wm.l(pow.o)
    0x000079e0   0x000079e0   0x000000f8   Code   RO         3783    i.__kernel_poly     m_wm.l(poly.o)
    0x00007ad8   0x00007ad8   0x00000030   Code   RO         3767    i.__mathlib_dbl_divzero  m_wm.l(dunder.o)
    0x00007b08   0x00007b08   0x00000014   Code   RO         3769    i.__mathlib_dbl_infnan2  m_wm.l(dunder.o)
    0x00007b1c   0x00007b1c   0x00000004   PAD
    0x00007b20   0x00007b20   0x00000020   Code   RO         3770    i.__mathlib_dbl_invalid  m_wm.l(dunder.o)
    0x00007b40   0x00007b40   0x00000020   Code   RO         3771    i.__mathlib_dbl_overflow  m_wm.l(dunder.o)
    0x00007b60   0x00007b60   0x00000020   Code   RO         3773    i.__mathlib_dbl_underflow  m_wm.l(dunder.o)
    0x00007b80   0x00007b80   0x0000054c   Code   RO          251    i.adc_conversion    adc_handler.o
    0x000080cc   0x000080cc   0x000001d8   Code   RO          252    i.analog_channel_init  adc_handler.o
    0x000082a4   0x000082a4   0x0000014c   Code   RO           12    i.comp_calculation  ventalgorithm_handler.o
    0x000083f0   0x000083f0   0x00000038   Code   RO         1716    i.crc16             crc16.o
    0x00008428   0x00008428   0x00000046   Code   RO         1697    i.crc8CheckUpdateSF05  crc.o
    0x0000846e   0x0000846e   0x0000003a   Code   RO         1349    i.crc8CheckUpdate_exh  exhflowsensor.o
    0x000084a8   0x000084a8   0x00000018   Code   RO         3731    i.fabs              m_wm.l(fabs.o)
    0x000084c0   0x000084c0   0x00000298   Code   RO          355    i.factory_variable_Read  fm3164_memory.o
    0x00008758   0x00008758   0x00000290   Code   RO           13    i.flow_control      ventalgorithm_handler.o
    0x000089e8   0x000089e8   0x000001bc   Code   RO          504    i.main              main.o
    0x00008ba4   0x00008ba4   0x00000074   Code   RO         1667    i.medicalProce      medical_procedure.o
    0x00008c18   0x00008c18   0x0000003e   Code   RO          740    i.pack_IEEE754      modbuscommn_handler.o
    0x00008c56   0x00008c56   0x00000002   PAD
    0x00008c58   0x00008c58   0x00000248   Code   RO         1623    i.patient_ckt_chk   patient_ckt_chk.o
    0x00008ea0   0x00008ea0   0x00000540   Code   RO           14    i.pressure_autocorr  ventalgorithm_handler.o
    0x000093e0   0x000093e0   0x000004e8   Code   RO         1321    i.pressuresupport   pressuresupport.o
    0x000098c8   0x000098c8   0x00000084   Code   RO         1562    i.preusecheck       preusecheck.o
    0x0000994c   0x0000994c   0x0000004c   Code   RO           15    i.resis_calculation  ventalgorithm_handler.o
    0x00009998   0x00009998   0x000001d0   Code   RO          463    i.sfm4200_flow_read  sfm4200_flowsensor.o
    0x00009b68   0x00009b68   0x000002b8   Code   RO         1468    i.simv              simv.o
    0x00009e20   0x00009e20   0x0000006e   Code   RO         3788    i.sqrt              m_wm.l(sqrt.o)
    0x00009e8e   0x00009e8e   0x00000002   PAD
    0x00009e90   0x00009e90   0x00000058   Code   RO          822    i.stateDiagnostic   scheduler_handler.o
    0x00009ee8   0x00009ee8   0x00000038   Code   RO          823    i.stateReset        scheduler_handler.o
    0x00009f20   0x00009f20   0x00000254   Code   RO          824    i.stateRun          scheduler_handler.o
    0x0000a174   0x0000a174   0x000000dc   Code   RO          825    i.stateStandBy      scheduler_handler.o
    0x0000a250   0x0000a250   0x000000bc   Code   RO          826    i.stateStop         scheduler_handler.o
    0x0000a30c   0x0000a30c   0x000000f8   Code   RO          741    i.unpack_IEEE754    modbuscommn_handler.o
    0x0000a404   0x0000a404   0x00000018   Code   RO         3752    x$fpl$basic         fz_wm.l(basic.o)
    0x0000a41c   0x0000a41c   0x00000062   Code   RO         3703    x$fpl$d2f           fz_wm.l(d2f.o)
    0x0000a47e   0x0000a47e   0x00000002   PAD
    0x0000a480   0x0000a480   0x00000150   Code   RO         3705    x$fpl$dadd          fz_wm.l(daddsub_clz.o)
    0x0000a5d0   0x0000a5d0   0x00000010   Code   RO         3818    x$fpl$dcheck1       fz_wm.l(dcheck1.o)
    0x0000a5e0   0x0000a5e0   0x00000018   Code   RO         3754    x$fpl$dcmpinf       fz_wm.l(dcmpi.o)
    0x0000a5f8   0x0000a5f8   0x000002b0   Code   RO         3712    x$fpl$ddiv          fz_wm.l(ddiv.o)
    0x0000a8a8   0x0000a8a8   0x0000002e   Code   RO         3716    x$fpl$dflt          fz_wm.l(dflt_clz.o)
    0x0000a8d6   0x0000a8d6   0x00000026   Code   RO         3715    x$fpl$dfltu         fz_wm.l(dflt_clz.o)
    0x0000a8fc   0x0000a8fc   0x00000078   Code   RO         3721    x$fpl$dleqf         fz_wm.l(dleqf.o)
    0x0000a974   0x0000a974   0x00000154   Code   RO         3723    x$fpl$dmul          fz_wm.l(dmul.o)
    0x0000aac8   0x0000aac8   0x0000009c   Code   RO         3756    x$fpl$dnaninf       fz_wm.l(dnaninf.o)
    0x0000ab64   0x0000ab64   0x0000000c   Code   RO         3758    x$fpl$dretinf       fz_wm.l(dretinf.o)
    0x0000ab70   0x0000ab70   0x0000006c   Code   RO         3725    x$fpl$drleqf        fz_wm.l(drleqf.o)
    0x0000abdc   0x0000abdc   0x00000016   Code   RO         3706    x$fpl$drsb          fz_wm.l(daddsub_clz.o)
    0x0000abf2   0x0000abf2   0x00000002   PAD
    0x0000abf4   0x0000abf4   0x00000198   Code   RO         3820    x$fpl$dsqrt         fz_wm.l(dsqrt_umaal.o)
    0x0000ad8c   0x0000ad8c   0x000001d4   Code   RO         3707    x$fpl$dsub          fz_wm.l(daddsub_clz.o)
    0x0000af60   0x0000af60   0x00000056   Code   RO         3727    x$fpl$f2d           fz_wm.l(f2d.o)
    0x0000afb6   0x0000afb6   0x0000008c   Code   RO         3760    x$fpl$fnaninf       fz_wm.l(fnaninf.o)
    0x0000b042   0x0000b042   0x0000000a   Code   RO         3895    x$fpl$fpinit        fz_wm.l(fpinit.o)
    0x0000b04c   0x0000b04c   0x0000000a   Code   RO         3762    x$fpl$fretinf       fz_wm.l(fretinf.o)
    0x0000b056   0x0000b056   0x00000064   Code   RO         3835    x$fpl$retnan        fz_wm.l(retnan.o)
    0x0000b0ba   0x0000b0ba   0x0000005c   Code   RO         3764    x$fpl$scalbn        fz_wm.l(scalbn.o)
    0x0000b116   0x0000b116   0x00000030   Code   RO         3884    x$fpl$trapveneer    fz_wm.l(trapv.o)
    0x0000b146   0x0000b146   0x00000000   Code   RO         3766    x$fpl$usenofp       fz_wm.l(usenofp.o)
    0x0000b146   0x0000b146   0x00000004   Data   RO          506    .constdata          main.o
    0x0000b14a   0x0000b14a   0x00000002   PAD
    0x0000b14c   0x0000b14c   0x00000058   Data   RO          612    .constdata          uartstdio.o
    0x0000b1a4   0x0000b1a4   0x00000028   Data   RO          920    .constdata          uartstdio1.o
    0x0000b1cc   0x0000b1cc   0x00000054   Data   RO         1387    .constdata          uartstdio2.o
    0x0000b220   0x0000b220   0x00000200   Data   RO         1717    .constdata          crc16.o
    0x0000b420   0x0000b420   0x00000210   Data   RO         2128    .constdata          driverlib.lib(gpio.o)
    0x0000b630   0x0000b630   0x0000010c   Data   RO         2726    .constdata          driverlib.lib(interrupt.o)
    0x0000b73c   0x0000b73c   0x000001c4   Data   RO         3032    .constdata          driverlib.lib(sysctl.o)
    0x0000b900   0x0000b900   0x00000088   Data   RO         3738    .constdata          m_wm.l(pow.o)
    0x0000b988   0x0000b988   0x00000008   Data   RO         3785    .constdata          m_wm.l(qnan.o)
    0x0000b990   0x0000b990   0x00000011   Data   RO          613    .conststring        uartstdio.o
    0x0000b9a1   0x0000b9a1   0x00000003   PAD
    0x0000b9a4   0x0000b9a4   0x00000020   Data   RO         3965    Region$$Table       anon$$obj.o


    Execution Region RW_IRAM1 (Exec base: 0x20000000, Load base: 0x0000b9c4, Size: 0x00002230, Max: 0x00008000, ABSOLUTE, COMPRESSED[0x00000088])

    Exec Addr    Load Addr    Size         Type   Attr      Idx    E Section Name        Object

    0x20000000   COMPRESSED   0x00000216   Data   RW           17    .data               ventalgorithm_handler.o
    0x20000216   COMPRESSED   0x00000002   Data   RW          464    .data               sfm4200_flowsensor.o
    0x20000218   COMPRESSED   0x00000216   Data   RW          507    .data               main.o
    0x2000042e   COMPRESSED   0x00000002   PAD
    0x20000430   COMPRESSED   0x0000001d   Data   RW          614    .data               uartstdio.o
    0x2000044d   COMPRESSED   0x00000003   PAD
    0x20000450   COMPRESSED   0x0000001d   Data   RW          922    .data               uartstdio1.o
    0x2000046d   COMPRESSED   0x00000003   PAD
    0x20000470   COMPRESSED   0x00000024   Data   RW         1151    .data               ssi_handler.o
    0x20000494   COMPRESSED   0x0000000e   Data   RW         1189    .data               technicalalarm_handler.o
    0x200004a2   COMPRESSED   0x00000002   PAD
    0x200004a4   COMPRESSED   0x00000006   Data   RW         1350    .data               exhflowsensor.o
    0x200004aa   COMPRESSED   0x00000002   PAD
    0x200004ac   COMPRESSED   0x0000001d   Data   RW         1388    .data               uartstdio2.o
    0x200004c9   COMPRESSED   0x00000003   PAD
    0x200004cc   COMPRESSED   0x0000000e   Data   RW         1469    .data               simv.o
    0x200004da   COMPRESSED   0x00000004   Data   RW         1645    .data               diagnostics.o
    0x200004de   COMPRESSED   0x00000001   Data   RW         1668    .data               medical_procedure.o
    0x200004df   COMPRESSED   0x00000321   PAD
    0x20000800   COMPRESSED   0x0000026c   Data   RW         2727    vtable              driverlib.lib(interrupt.o)
    0x20000a6c        -       0x00000300   Zero   RW           16    .bss                ventalgorithm_handler.o
    0x20000d6c        -       0x00000050   Zero   RW          253    .bss                adc_handler.o
    0x20000dbc        -       0x000003c0   Zero   RW          356    .bss                fm3164_memory.o
    0x2000117c        -       0x00000aa0   Zero   RW          505    .bss                main.o
    0x20001c1c        -       0x00000200   Zero   RW          611    .bss                uartstdio.o
    0x20001e1c        -       0x000000c8   Zero   RW          919    .bss                uartstdio1.o
    0x20001ee4        -       0x00000024   Zero   RW         1150    .bss                ssi_handler.o
    0x20001f08        -       0x000000c8   Zero   RW         1386    .bss                uartstdio2.o
    0x20001fd0        -       0x00000060   Zero   RW         3823    .bss                c_w.l(libspace.o)
    0x20002030        -       0x00000000   Zero   RW         1798    HEAP                startup_rvmdk.o
    0x20002030        -       0x00000200   Zero   RW         1797    STACK               startup_rvmdk.o


==============================================================================

Image component sizes


      Code (inc. data)   RO Data    RW Data    ZI Data      Debug   Object Name

      1836        194          0          0         80       4994   adc_handler.o
        70          0          0          0          0       1218   crc.o
        56         10        512          0          0       1324   crc16.o
       824         74          0          4          0       1796   diagnostics.o
       638         72          0          6          0       2372   exhflowsensor.o
       664        212          0          0        960       1093   fm3164_memory.o
       240          0          0          0          0       2421   ltc2607_dac_handler.o
       444         66          4        534       2720      20493   main.o
       896        240          0          1          0       2903   medical_procedure.o
      2622        128          0          0          0      16785   modbuscommn_handler.o
       584        104          0          0          0        806   patient_ckt_chk.o
      1268        270          0          0          0       1145   pressurectrlmode_handler.o
      1256        260          0          0          0       1126   pressuresupport.o
      1544        298          0          0          0       6128   preusecheck.o
      1204        112          0          0          0       1063   prvc.o
      1148        238          0          0          0       3321   scheduler_handler.o
      1364        106          0          2          0       5284   sfm4200_flowsensor.o
       696         88          0         14          0       1580   simv.o
       784        122          0         36         36       3455   ssi_handler.o
       276         24        620          0        512       5528   startup_rvmdk.o
       152         40          0          0          0        693   system_tm4c123.o
      3112        452          0          0          0       6352   systeminit_handler.o
      1504        158          0         14          0       2091   technicalalarm_handler.o
       812        136        105         29        512      10397   uartstdio.o
       860        126         40         29        200       9857   uartstdio1.o
       570         88         84         29        200       7107   uartstdio2.o
      8824        952          0        534        768      28257   ventalgorithm_handler.o
       976        170          0          0          0        964   volumectrlmode_handler.o

    ----------------------------------------------------------------------
     35230       4740       1402       2048       5988     150553   Object Totals
         0          0         32          0          0          0   (incl. Generated)
         6          0          5        816          0          0   (incl. Padding)

    ----------------------------------------------------------------------

      Code (inc. data)   RO Data    RW Data    ZI Data      Debug   Library Member Name

        90          0          0          0          0          0   __dczerorl2.o
         8          0          0          0          0         68   __main.o
         0          0          0          0          0          0   __rtentry.o
        12          0          0          0          0          0   __rtentry2.o
         6          0          0          0          0          0   __rtentry4.o
        52          8          0          0          0          0   __scatter.o
        28          0          0          0          0          0   __scatter_zi.o
        22          0          0          0          0        100   _rserrno.o
        18          0          0          0          0         80   exit.o
         6          0          0          0          0        152   heapauxi.o
         0          0          0          0          0          0   indicate_semi.o
         2          0          0          0          0          0   libinit.o
         6          0          0          0          0          0   libinit2.o
         2          0          0          0          0          0   libshutdown.o
         2          0          0          0          0          0   libshutdown2.o
         8          4          0          0         96         68   libspace.o
         8          4          0          0          0         68   rt_errno_addr_intlibspace.o
        78          0          0          0          0         80   rt_memclr_w.o
       100          0          0          0          0         80   rt_memcpy_w.o
         2          0          0          0          0          0   rtexit.o
        10          0          0          0          0          0   rtexit2.o
        12          4          0          0          0         68   sys_exit.o
        74          0          0          0          0         80   sys_stackheap_outer.o
         2          0          0          0          0         68   use_no_semi.o
       124          0          0          0          0       6344   adc.o
        38          0          0          0          0        572   cpu.o
       460          8        528          0          0       4565   gpio.o
        52          0          0          0          0       2561   i2c.o
       280         24        268        620          0       3768   interrupt.o
       116          0          0          0          0       4077   ssi.o
       468         48        452          0          0       4136   sysctl.o
        48          0          0          0          0       1468   systick.o
       220          0          0          0          0       6550   uart.o
        24          0          0          0          0        164   basic.o
        98          4          0          0          0        140   d2f.o
       826         16          0          0          0        492   daddsub_clz.o
        16          4          0          0          0        116   dcheck1.o
        24          0          0          0          0        116   dcmpi.o
       688        140          0          0          0        256   ddiv.o
        84          0          0          0          0        232   dflt_clz.o
       120          4          0          0          0        140   dleqf.o
       340         12          0          0          0        152   dmul.o
       156          4          0          0          0        140   dnaninf.o
        12          0          0          0          0        116   dretinf.o
       108          0          0          0          0        128   drleqf.o
       408         56          0          0          0        168   dsqrt_umaal.o
        86          4          0          0          0        132   f2d.o
       140          4          0          0          0        132   fnaninf.o
        10          0          0          0          0        116   fpinit.o
        10          0          0          0          0        116   fretinf.o
       100          0          0          0          0        116   retnan.o
        92          0          0          0          0        116   scalbn.o
        48          0          0          0          0        116   trapv.o
         0          0          0          0          0          0   usenofp.o
       164         44          0          0          0        620   dunder.o
        44          0          0          0          0        248   fabs.o
        48          0          0          0          0        124   fpclassify.o
       248          0          0          0          0        152   poly.o
      3152        296        136          0          0        352   pow.o
         0          0          8          0          0          0   qnan.o
       110          0          0          0          0        148   sqrt.o

    ----------------------------------------------------------------------
      9532        688       1392        620         96      39801   Library Totals
        22          0          0          0          0          0   (incl. Padding)

    ----------------------------------------------------------------------

      Code (inc. data)   RO Data    RW Data    ZI Data      Debug   Library Name

       548         20          0          0         96        912   c_w.l
      1806         80       1248        620          0      34041   driverlib.lib
      3390        248          0          0          0       3204   fz_wm.l
      3766        340        144          0          0       1644   m_wm.l

    ----------------------------------------------------------------------
      9532        688       1392        620         96      39801   Library Totals

    ----------------------------------------------------------------------

==============================================================================


      Code (inc. data)   RO Data    RW Data    ZI Data      Debug   

     44762       5428       2794       2668       6084     172690   Grand Totals
     44762       5428       2794        136       6084     172690   ELF Image Totals (compressed)
     44762       5428       2794        136          0          0   ROM Totals

==============================================================================

    Total RO  Size (Code + RO Data)                47556 (  46.44kB)
    Total RW  Size (RW Data + ZI Data)              8752 (   8.55kB)
    Total ROM Size (Code + RO Data + RW Data)      47692 (  46.57kB)

==============================================================================

