Component: ARM Compiler 5.06 update 7 (build 960) Tool: armlink [4d3601]

==============================================================================

Section Cross References

    adc_handler.o(i.adc_conversion) refers to adc.o(i.ADCIntClear) for ADCIntClear
    adc_handler.o(i.adc_conversion) refers to adc.o(i.ADCProcessorTrigger) for ADCProcessorTrigger
    adc_handler.o(i.adc_conversion) refers to adc.o(i.ADCIntStatus) for ADCIntStatus
    adc_handler.o(i.adc_conversion) refers to adc.o(i.ADCSequenceDataGet) for ADCSequenceDataGet
    adc_handler.o(i.adc_conversion) refers to dflt_clz.o(x$fpl$dfltu) for __aeabi_ui2d
    adc_handler.o(i.adc_conversion) refers to dmul.o(x$fpl$dmul) for __aeabi_dmul
    adc_handler.o(i.adc_conversion) refers to d2f.o(x$fpl$d2f) for __aeabi_d2f
    adc_handler.o(i.adc_conversion) refers to adc_handler.o(.bss) for ulADC0_Value1
    adc_handler.o(i.adc_conversion) refers to adc_handler.o(.data) for O2_Pressure_Pa
    fm3164_memory.o(i.factory_def_values) refers to fm3164_memory.o(.data) for Pswd
    fm3164_memory.o(i.factory_get_param_values) refers to fm3164_memory.o(i.mem_set_get_parm_func) for mem_set_get_parm_func
    fm3164_memory.o(i.factory_get_param_values) refers to rt_memcpy_v6.o(.text) for __aeabi_memcpy
    fm3164_memory.o(i.factory_get_param_values) refers to main.o(.bss) for memory
    fm3164_memory.o(i.get_stored_settings) refers to fm3164_memory.o(i.mem_set_get_parm_func) for mem_set_get_parm_func
    fm3164_memory.o(i.get_stored_settings) refers to fm3164_memory.o(i.factory_get_param_values) for factory_get_param_values
    fm3164_memory.o(i.get_stored_settings) refers to fm3164_memory.o(i.factory_def_values) for factory_def_values
    fm3164_memory.o(i.get_stored_settings) refers to rt_memcpy_w.o(.text) for __aeabi_memcpy4
    fm3164_memory.o(i.get_stored_settings) refers to main.o(.bss) for memory
    fm3164_memory.o(i.get_stored_settings) refers to fm3164_memory.o(.bss) for local_buffer
    fm3164_watchdog.o(i.watchdog_init) refers to fm3164_watchdog.o(i.watchdog_ctrl_func) for watchdog_ctrl_func
    fm3164_watchdog.o(i.watchdog_init) refers to fm3164_watchdog.o(.data) for wdt
    fm3164_watchdog.o(i.watchdog_kick) refers to fm3164_watchdog.o(i.watchdog_ctrl_func) for watchdog_ctrl_func
    fm3164_watchdog.o(i.watchdog_kick) refers to fm3164_watchdog.o(.data) for wdt
    fm3164_watchdog.o(i.watchdog_readback) refers to fm3164_watchdog.o(.data) for read_back_val
    ltc2607_dac_handler.o(i.dac_output_set) refers to i2c.o(i.I2CMasterSlaveAddrSet) for I2CMasterSlaveAddrSet
    ltc2607_dac_handler.o(i.dac_output_set) refers to i2c.o(i.I2CMasterDataPut) for I2CMasterDataPut
    ltc2607_dac_handler.o(i.dac_output_set) refers to i2c.o(i.I2CMasterControl) for I2CMasterControl
    main.o(i.Init_Drivers) refers to sysctl.o(i.SysCtlPeripheralReady) for SysCtlPeripheralReady
    main.o(i.Init_Drivers) refers to sysctl.o(i.SysCtlClockGet) for SysCtlClockGet
    main.o(i.Init_Drivers) refers to uartstdio.o(i.UARTStdioConfig) for UARTStdioConfig
    main.o(i.PacketizingRemoteDataDebug) refers to rt_memclr_w.o(.text) for __aeabi_memclr4
    main.o(i.PacketizingRemoteDataDebug) refers to uartstdio.o(i.UARTFlushRx) for UARTFlushRx
    main.o(i.PacketizingRemoteDataDebug) refers to uartstdio.o(i.UARTwrite) for UARTwrite
    main.o(i.main) refers to sysctl.o(i.SysCtlClockGet) for SysCtlClockGet
    main.o(i.main) refers to main.o(i.Init_Drivers) for Init_Drivers
    main.o(i.main) refers to main.o(i.PacketizingRemoteDataDebug) for PacketizingRemoteDataDebug
    main.o(i.main) refers to main.o(i.Delay) for Delay
    main.o(i.main) refers to main.o(.data) for ui32SysClock
    rs422.o(i.control_PCB_data_to_DU) refers to rs422.o(i.crc16) for crc16
    rs422.o(i.control_PCB_data_to_DU) refers to uartstdio.o(i.UARTFlushRx) for UARTFlushRx
    rs422.o(i.control_PCB_data_to_DU) refers to uartstdio.o(i.UARTwrite) for UARTwrite
    rs422.o(i.control_PCB_data_to_DU) refers to main.o(.bss) for PacketBuffer
    rs422.o(i.crc16) refers to rs422.o(.constdata) for table_crc_hi
    sfm4200_flowsensor.o(i.sfm4200_flow_read) refers to i2c.o(i.I2CMasterDataPut) for I2CMasterDataPut
    sfm4200_flowsensor.o(i.sfm4200_flow_read) refers to i2c.o(i.I2CMasterControl) for I2CMasterControl
    sfm4200_flowsensor.o(i.sfm4200_flow_read) refers to i2c.o(i.I2CMasterBusy) for I2CMasterBusy
    sfm4200_flowsensor.o(i.sfm4200_flow_read) refers to i2c.o(i.I2CMasterErr) for I2CMasterErr
    sfm4200_flowsensor.o(i.sfm4200_flow_read) refers to crc.o(i.crc8CheckUpdateSF05) for crc8CheckUpdateSF05
    sfm4200_flowsensor.o(i.sfm4200_flow_read) refers to sfm4200_flowsensor.o(.data) for flowErrorStatus
    uartstdio.o(i.UARTEchoSet) refers to uartstdio.o(.data) for g_bDisableEcho
    uartstdio.o(i.UARTFlushRx) refers to uartstdio.o(.data) for g_ui32UARTRxReadIndex
    uartstdio.o(i.UARTFlushTx) refers to uartstdio.o(i.IsBufferEmpty) for IsBufferEmpty
    uartstdio.o(i.UARTFlushTx) refers to uartstdio.o(.data) for g_ui32UARTTxReadIndex
    uartstdio.o(i.UARTPeek) refers to uartstdio.o(i.GetBufferCount) for GetBufferCount
    uartstdio.o(i.UARTPeek) refers to uartstdio.o(.data) for g_ui32UARTRxWriteIndex
    uartstdio.o(i.UARTPeek) refers to uartstdio.o(.bss) for g_pcUARTRxBuffer
    uartstdio.o(i.UARTPrimeTransmit) refers to uartstdio.o(i.IsBufferEmpty) for IsBufferEmpty
    uartstdio.o(i.UARTPrimeTransmit) refers to uartstdio.o(.data) for g_ui32UARTTxWriteIndex
    uartstdio.o(i.UARTPrimeTransmit) refers to uartstdio.o(.constdata) for g_ui32UARTInt
    uartstdio.o(i.UARTPrimeTransmit) refers to uartstdio.o(.bss) for g_pcUARTTxBuffer
    uartstdio.o(i.UARTPutc) refers to uartstdio.o(i.IsBufferFull) for IsBufferFull
    uartstdio.o(i.UARTPutc) refers to uartstdio.o(i.IsBufferEmpty) for IsBufferEmpty
    uartstdio.o(i.UARTPutc) refers to uartstdio.o(i.UARTPrimeTransmit) for UARTPrimeTransmit
    uartstdio.o(i.UARTPutc) refers to uartstdio.o(.data) for g_ui32UARTTxWriteIndex
    uartstdio.o(i.UARTPutc) refers to uartstdio.o(.bss) for g_pcUARTTxBuffer
    uartstdio.o(i.UARTRxBytesAvail) refers to uartstdio.o(i.GetBufferCount) for GetBufferCount
    uartstdio.o(i.UARTRxBytesAvail) refers to uartstdio.o(.data) for g_ui32UARTRxWriteIndex
    uartstdio.o(i.UARTStdioConfig) refers to uartstdio.o(i.UARTFlushRx) for UARTFlushRx
    uartstdio.o(i.UARTStdioConfig) refers to uartstdio.o(i.UARTFlushTx) for UARTFlushTx
    uartstdio.o(i.UARTStdioConfig) refers to uartstdio.o(.constdata) for g_ui32UARTBase
    uartstdio.o(i.UARTStdioConfig) refers to uartstdio.o(.data) for g_ui32Base
    uartstdio.o(i.UARTStdioIntHandler) refers to uartstdio.o(i.UARTPrimeTransmit) for UARTPrimeTransmit
    uartstdio.o(i.UARTStdioIntHandler) refers to uartstdio.o(i.IsBufferEmpty) for IsBufferEmpty
    uartstdio.o(i.UARTStdioIntHandler) refers to uartstdio.o(i.IsBufferFull) for IsBufferFull
    uartstdio.o(i.UARTStdioIntHandler) refers to uartstdio.o(.data) for g_ui32Base
    uartstdio.o(i.UARTStdioIntHandler) refers to uartstdio.o(.bss) for g_pcUARTRxBuffer
    uartstdio.o(i.UARTStdioIntHandler) refers to main.o(.data) for test
    uartstdio.o(i.UARTTxBytesFree) refers to uartstdio.o(i.GetBufferCount) for GetBufferCount
    uartstdio.o(i.UARTTxBytesFree) refers to uartstdio.o(.data) for g_ui32UARTTxWriteIndex
    uartstdio.o(i.UARTgetc) refers to uartstdio.o(i.IsBufferEmpty) for IsBufferEmpty
    uartstdio.o(i.UARTgetc) refers to uartstdio.o(.data) for g_ui32UARTRxWriteIndex
    uartstdio.o(i.UARTgetc) refers to uartstdio.o(.bss) for g_pcUARTRxBuffer
    uartstdio.o(i.UARTgets) refers to uartstdio.o(i.IsBufferEmpty) for IsBufferEmpty
    uartstdio.o(i.UARTgets) refers to uartstdio.o(.data) for g_ui32UARTRxWriteIndex
    uartstdio.o(i.UARTgets) refers to uartstdio.o(.bss) for g_pcUARTRxBuffer
    uartstdio.o(i.UARTprintf) refers to uartstdio.o(i.UARTvprintf) for UARTvprintf
    uartstdio.o(i.UARTvprintf) refers to uartstdio.o(i.UARTwrite) for UARTwrite
    uartstdio.o(i.UARTvprintf) refers to uartstdio.o(.constdata) for g_pcHex
    uartstdio.o(i.UARTwrite) refers to uartstdio.o(i.IsBufferFull) for IsBufferFull
    uartstdio.o(i.UARTwrite) refers to uartstdio.o(i.IsBufferEmpty) for IsBufferEmpty
    uartstdio.o(i.UARTwrite) refers to uartstdio.o(i.UARTPrimeTransmit) for UARTPrimeTransmit
    uartstdio.o(i.UARTwrite) refers to uartstdio.o(.data) for g_ui32UARTTxWriteIndex
    uartstdio.o(i.UARTwrite) refers to uartstdio.o(.bss) for g_pcUARTTxBuffer
    uartstdio.o(i.UARTwrite3) refers to uartstdio.o(i.IsBufferFull) for IsBufferFull
    uartstdio.o(i.UARTwrite3) refers to uartstdio.o(i.IsBufferEmpty) for IsBufferEmpty
    uartstdio.o(i.UARTwrite3) refers to uartstdio.o(i.UARTPrimeTransmit) for UARTPrimeTransmit
    uartstdio.o(i.UARTwrite3) refers to uartstdio.o(.data) for g_ui32UARTTxWriteIndex
    uartstdio.o(i.UARTwrite3) refers to uartstdio.o(.bss) for g_pcUARTTxBuffer
    uartstdio.o(i.UARTwriteNonCommandLine) refers to uartstdio.o(i.IsBufferFull) for IsBufferFull
    uartstdio.o(i.UARTwriteNonCommandLine) refers to uartstdio.o(i.IsBufferEmpty) for IsBufferEmpty
    uartstdio.o(i.UARTwriteNonCommandLine) refers to uartstdio.o(i.UARTPrimeTransmit) for UARTPrimeTransmit
    uartstdio.o(i.UARTwriteNonCommandLine) refers to uartstdio.o(.data) for g_ui32UARTTxWriteIndex
    uartstdio.o(i.UARTwriteNonCommandLine) refers to uartstdio.o(.bss) for g_pcUARTTxBuffer
    uartstdio.o(.constdata) refers to uartstdio.o(.conststring) for .conststring
    system_tm4c123.o(i.SystemCoreClockUpdate) refers to system_tm4c123.o(i.getOscClk) for getOscClk
    system_tm4c123.o(i.SystemCoreClockUpdate) refers to system_tm4c123.o(.data) for SystemCoreClock
    startup_rvmdk.o(STACK) refers (Special) to heapauxi.o(.text) for __use_two_region_memory
    startup_rvmdk.o(HEAP) refers (Special) to heapauxi.o(.text) for __use_two_region_memory
    startup_rvmdk.o(RESET) refers (Special) to heapauxi.o(.text) for __use_two_region_memory
    startup_rvmdk.o(RESET) refers to startup_rvmdk.o(STACK) for __initial_sp
    startup_rvmdk.o(RESET) refers to startup_rvmdk.o(.text) for Reset_Handler
    startup_rvmdk.o(RESET) refers to uartstdio.o(i.UARTStdioIntHandler) for UARTStdioIntHandler
    startup_rvmdk.o(.text) refers (Special) to heapauxi.o(.text) for __use_two_region_memory
    startup_rvmdk.o(.text) refers to system_tm4c123.o(i.SystemInit) for SystemInit
    startup_rvmdk.o(.text) refers to __main.o(!!!main) for __main
    startup_rvmdk.o(.text) refers to startup_rvmdk.o(HEAP) for Heap_Mem
    startup_rvmdk.o(.text) refers to startup_rvmdk.o(STACK) for Stack_Mem
    adc.o(i.ADCIntRegister) refers to interrupt.o(i.IntRegister) for IntRegister
    adc.o(i.ADCIntRegister) refers to interrupt.o(i.IntEnable) for IntEnable
    adc.o(i.ADCIntUnregister) refers to interrupt.o(i.IntDisable) for IntDisable
    adc.o(i.ADCIntUnregister) refers to interrupt.o(i.IntUnregister) for IntUnregister
    adc.o(i.ADCSoftwareOversampleConfigure) refers to adc.o(.data) for .data
    adc.o(i.ADCSoftwareOversampleDataGet) refers to adc.o(.data) for .data
    adc.o(i.ADCSoftwareOversampleStepConfigure) refers to adc.o(.data) for .data
    i2c.o(i.I2CIntRegister) refers to interrupt.o(i.IntRegister) for IntRegister
    i2c.o(i.I2CIntRegister) refers to interrupt.o(i.IntEnable) for IntEnable
    i2c.o(i.I2CIntRegister) refers to i2c.o(.constdata) for .constdata
    i2c.o(i.I2CIntUnregister) refers to interrupt.o(i.IntDisable) for IntDisable
    i2c.o(i.I2CIntUnregister) refers to interrupt.o(i.IntUnregister) for IntUnregister
    i2c.o(i.I2CIntUnregister) refers to i2c.o(.constdata) for .constdata
    sysctl.o(i.SysCtlClockFreqSet) refers to sysctl.o(.constdata) for .constdata
    sysctl.o(i.SysCtlClockGet) refers to sysctl.o(.constdata) for .constdata
    sysctl.o(i.SysCtlClockSet) refers to sysctl.o(.emb_text) for SysCtlDelay
    sysctl.o(i.SysCtlDeepSleep) refers to cpu.o(.emb_text) for CPUwfi
    sysctl.o(i.SysCtlIntRegister) refers to interrupt.o(i.IntRegister) for IntRegister
    sysctl.o(i.SysCtlIntRegister) refers to interrupt.o(i.IntEnable) for IntEnable
    sysctl.o(i.SysCtlIntUnregister) refers to interrupt.o(i.IntDisable) for IntDisable
    sysctl.o(i.SysCtlIntUnregister) refers to interrupt.o(i.IntUnregister) for IntUnregister
    sysctl.o(i.SysCtlSleep) refers to cpu.o(.emb_text) for CPUwfi
    interrupt.o(i.IntDisable) refers to interrupt.o(.constdata) for .constdata
    interrupt.o(i.IntEnable) refers to interrupt.o(.constdata) for .constdata
    interrupt.o(i.IntIsEnabled) refers to interrupt.o(.constdata) for .constdata
    interrupt.o(i.IntMasterDisable) refers to cpu.o(.emb_text) for CPUcpsid
    interrupt.o(i.IntMasterEnable) refers to cpu.o(.emb_text) for CPUcpsie
    interrupt.o(i.IntPendClear) refers to interrupt.o(.constdata) for .constdata
    interrupt.o(i.IntPendSet) refers to interrupt.o(.constdata) for .constdata
    interrupt.o(i.IntPriorityGet) refers to interrupt.o(.constdata) for .constdata
    interrupt.o(i.IntPriorityGroupingGet) refers to interrupt.o(.constdata) for .constdata
    interrupt.o(i.IntPriorityGroupingSet) refers to interrupt.o(.constdata) for .constdata
    interrupt.o(i.IntPriorityMaskGet) refers to cpu.o(.emb_text) for CPUbasepriGet
    interrupt.o(i.IntPriorityMaskSet) refers to cpu.o(.emb_text) for CPUbasepriSet
    interrupt.o(i.IntPrioritySet) refers to interrupt.o(.constdata) for .constdata
    interrupt.o(i.IntRegister) refers to interrupt.o(vtable) for vtable
    interrupt.o(i.IntUnregister) refers to interrupt.o(i._IntDefaultHandler) for _IntDefaultHandler
    interrupt.o(i.IntUnregister) refers to interrupt.o(vtable) for vtable
    rt_memcpy_v6.o(.text) refers to rt_memcpy_w.o(.text) for __aeabi_memcpy4
    __main.o(!!!main) refers to __rtentry.o(.ARM.Collect$$rtentry$$00000000) for __rt_entry
    d2f.o(x$fpl$d2f) refers (Special) to usenofp.o(x$fpl$usenofp) for __I$use$fp
    d2f.o(x$fpl$d2f) refers to fretinf.o(x$fpl$fretinf) for __fpl_fretinf
    d2f.o(x$fpl$d2f) refers to dnaninf.o(x$fpl$dnaninf) for __fpl_dnaninf
    dflt_clz.o(x$fpl$dfltu) refers (Special) to usenofp.o(x$fpl$usenofp) for __I$use$fp
    dflt_clz.o(x$fpl$dflt) refers (Special) to usenofp.o(x$fpl$usenofp) for __I$use$fp
    dflt_clz.o(x$fpl$dfltn) refers (Special) to usenofp.o(x$fpl$usenofp) for __I$use$fp
    dmul.o(x$fpl$dmul) refers (Special) to usenofp.o(x$fpl$usenofp) for __I$use$fp
    dmul.o(x$fpl$dmul) refers to dretinf.o(x$fpl$dretinf) for __fpl_dretinf
    dmul.o(x$fpl$dmul) refers to dnaninf.o(x$fpl$dnaninf) for __fpl_dnaninf
    __rtentry.o(.ARM.Collect$$rtentry$$00000000) refers (Special) to __rtentry2.o(.ARM.Collect$$rtentry$$0000000A) for __rt_entry_li
    __rtentry.o(.ARM.Collect$$rtentry$$00000000) refers (Special) to __rtentry2.o(.ARM.Collect$$rtentry$$0000000D) for __rt_entry_main
    __rtentry.o(.ARM.Collect$$rtentry$$00000000) refers (Special) to __rtentry2.o(.ARM.Collect$$rtentry$$0000000C) for __rt_entry_postli_1
    __rtentry.o(.ARM.Collect$$rtentry$$00000000) refers (Special) to __rtentry2.o(.ARM.Collect$$rtentry$$00000009) for __rt_entry_postsh_1
    __rtentry.o(.ARM.Collect$$rtentry$$00000000) refers (Special) to __rtentry2.o(.ARM.Collect$$rtentry$$00000002) for __rt_entry_presh_1
    __rtentry.o(.ARM.Collect$$rtentry$$00000000) refers (Special) to __rtentry4.o(.ARM.Collect$$rtentry$$00000004) for __rt_entry_sh
    dnaninf.o(x$fpl$dnaninf) refers (Special) to usenofp.o(x$fpl$usenofp) for __I$use$fp
    dretinf.o(x$fpl$dretinf) refers (Special) to usenofp.o(x$fpl$usenofp) for __I$use$fp
    fretinf.o(x$fpl$fretinf) refers (Special) to usenofp.o(x$fpl$usenofp) for __I$use$fp
    __rtentry2.o(.ARM.Collect$$rtentry$$00000008) refers to boardinit2.o(.text) for _platform_post_stackheap_init
    __rtentry2.o(.ARM.Collect$$rtentry$$0000000A) refers to libinit.o(.ARM.Collect$$libinit$$00000000) for __rt_lib_init
    __rtentry2.o(.ARM.Collect$$rtentry$$0000000B) refers to boardinit3.o(.text) for _platform_post_lib_init
    __rtentry2.o(.ARM.Collect$$rtentry$$0000000D) refers to main.o(i.main) for main
    __rtentry2.o(.ARM.Collect$$rtentry$$0000000D) refers to exit.o(.text) for exit
    __rtentry2.o(.ARM.exidx) refers to __rtentry2.o(.ARM.Collect$$rtentry$$00000001) for .ARM.Collect$$rtentry$$00000001
    __rtentry2.o(.ARM.exidx) refers to __rtentry2.o(.ARM.Collect$$rtentry$$00000008) for .ARM.Collect$$rtentry$$00000008
    __rtentry2.o(.ARM.exidx) refers to __rtentry2.o(.ARM.Collect$$rtentry$$0000000A) for .ARM.Collect$$rtentry$$0000000A
    __rtentry2.o(.ARM.exidx) refers to __rtentry2.o(.ARM.Collect$$rtentry$$0000000B) for .ARM.Collect$$rtentry$$0000000B
    __rtentry2.o(.ARM.exidx) refers to __rtentry2.o(.ARM.Collect$$rtentry$$0000000D) for .ARM.Collect$$rtentry$$0000000D
    __rtentry4.o(.ARM.Collect$$rtentry$$00000004) refers to sys_stackheap_outer.o(.text) for __user_setup_stackheap
    __rtentry4.o(.ARM.exidx) refers to __rtentry4.o(.ARM.Collect$$rtentry$$00000004) for .ARM.Collect$$rtentry$$00000004
    sys_stackheap_outer.o(.text) refers to libspace.o(.text) for __user_perproc_libspace
    sys_stackheap_outer.o(.text) refers to startup_rvmdk.o(.text) for __user_initial_stackheap
    exit.o(.text) refers to rtexit.o(.ARM.Collect$$rtexit$$00000000) for __rt_exit
    libinit.o(.ARM.Collect$$libinit$$00000000) refers (Special) to libinit2.o(.ARM.Collect$$libinit$$0000002E) for __rt_lib_init_alloca_1
    libinit.o(.ARM.Collect$$libinit$$00000000) refers (Special) to libinit2.o(.ARM.Collect$$libinit$$0000002C) for __rt_lib_init_argv_1
    libinit.o(.ARM.Collect$$libinit$$00000000) refers (Special) to libinit2.o(.ARM.Collect$$libinit$$0000001B) for __rt_lib_init_atexit_1
    libinit.o(.ARM.Collect$$libinit$$00000000) refers (Special) to libinit2.o(.ARM.Collect$$libinit$$00000021) for __rt_lib_init_clock_1
    libinit.o(.ARM.Collect$$libinit$$00000000) refers (Special) to libinit2.o(.ARM.Collect$$libinit$$00000032) for __rt_lib_init_cpp_1
    libinit.o(.ARM.Collect$$libinit$$00000000) refers (Special) to libinit2.o(.ARM.Collect$$libinit$$00000030) for __rt_lib_init_exceptions_1
    libinit.o(.ARM.Collect$$libinit$$00000000) refers (Special) to libinit2.o(.ARM.Collect$$libinit$$00000001) for __rt_lib_init_fp_1
    libinit.o(.ARM.Collect$$libinit$$00000000) refers (Special) to libinit2.o(.ARM.Collect$$libinit$$0000001F) for __rt_lib_init_fp_trap_1
    libinit.o(.ARM.Collect$$libinit$$00000000) refers (Special) to libinit2.o(.ARM.Collect$$libinit$$00000023) for __rt_lib_init_getenv_1
    libinit.o(.ARM.Collect$$libinit$$00000000) refers (Special) to libinit2.o(.ARM.Collect$$libinit$$0000000A) for __rt_lib_init_heap_1
    libinit.o(.ARM.Collect$$libinit$$00000000) refers (Special) to libinit2.o(.ARM.Collect$$libinit$$00000011) for __rt_lib_init_lc_collate_1
    libinit.o(.ARM.Collect$$libinit$$00000000) refers (Special) to libinit2.o(.ARM.Collect$$libinit$$00000013) for __rt_lib_init_lc_ctype_1
    libinit.o(.ARM.Collect$$libinit$$00000000) refers (Special) to libinit2.o(.ARM.Collect$$libinit$$00000015) for __rt_lib_init_lc_monetary_1
    libinit.o(.ARM.Collect$$libinit$$00000000) refers (Special) to libinit2.o(.ARM.Collect$$libinit$$00000017) for __rt_lib_init_lc_numeric_1
    libinit.o(.ARM.Collect$$libinit$$00000000) refers (Special) to libinit2.o(.ARM.Collect$$libinit$$00000019) for __rt_lib_init_lc_time_1
    libinit.o(.ARM.Collect$$libinit$$00000000) refers (Special) to libinit2.o(.ARM.Collect$$libinit$$00000004) for __rt_lib_init_preinit_1
    libinit.o(.ARM.Collect$$libinit$$00000000) refers (Special) to libinit2.o(.ARM.Collect$$libinit$$0000000E) for __rt_lib_init_rand_1
    libinit.o(.ARM.Collect$$libinit$$00000000) refers (Special) to libinit2.o(.ARM.Collect$$libinit$$00000033) for __rt_lib_init_return
    libinit.o(.ARM.Collect$$libinit$$00000000) refers (Special) to libinit2.o(.ARM.Collect$$libinit$$0000001D) for __rt_lib_init_signal_1
    libinit.o(.ARM.Collect$$libinit$$00000000) refers (Special) to libinit2.o(.ARM.Collect$$libinit$$00000025) for __rt_lib_init_stdio_1
    libinit.o(.ARM.Collect$$libinit$$00000000) refers (Special) to libinit2.o(.ARM.Collect$$libinit$$0000000C) for __rt_lib_init_user_alloc_1
    libspace.o(.text) refers to libspace.o(.bss) for __libspace_start
    rtexit.o(.ARM.Collect$$rtexit$$00000000) refers (Special) to rtexit2.o(.ARM.Collect$$rtexit$$00000004) for __rt_exit_exit
    rtexit.o(.ARM.Collect$$rtexit$$00000000) refers (Special) to rtexit2.o(.ARM.Collect$$rtexit$$00000003) for __rt_exit_ls
    rtexit.o(.ARM.Collect$$rtexit$$00000000) refers (Special) to rtexit2.o(.ARM.Collect$$rtexit$$00000002) for __rt_exit_prels_1
    rtexit.o(.ARM.exidx) refers (Special) to rtexit2.o(.ARM.Collect$$rtexit$$00000004) for __rt_exit_exit
    rtexit.o(.ARM.exidx) refers (Special) to rtexit2.o(.ARM.Collect$$rtexit$$00000003) for __rt_exit_ls
    rtexit.o(.ARM.exidx) refers (Special) to rtexit2.o(.ARM.Collect$$rtexit$$00000002) for __rt_exit_prels_1
    rtexit.o(.ARM.exidx) refers to rtexit.o(.ARM.Collect$$rtexit$$00000000) for .ARM.Collect$$rtexit$$00000000
    libinit2.o(.ARM.Collect$$libinit$$00000001) refers to fpinit.o(x$fpl$fpinit) for _fp_init
    libinit2.o(.ARM.Collect$$libinit$$00000010) refers to libinit2.o(.ARM.Collect$$libinit$$0000000F) for .ARM.Collect$$libinit$$0000000F
    libinit2.o(.ARM.Collect$$libinit$$00000012) refers to libinit2.o(.ARM.Collect$$libinit$$0000000F) for .ARM.Collect$$libinit$$0000000F
    libinit2.o(.ARM.Collect$$libinit$$00000014) refers to libinit2.o(.ARM.Collect$$libinit$$0000000F) for .ARM.Collect$$libinit$$0000000F
    libinit2.o(.ARM.Collect$$libinit$$00000016) refers to libinit2.o(.ARM.Collect$$libinit$$0000000F) for .ARM.Collect$$libinit$$0000000F
    libinit2.o(.ARM.Collect$$libinit$$00000018) refers to libinit2.o(.ARM.Collect$$libinit$$0000000F) for .ARM.Collect$$libinit$$0000000F
    libinit2.o(.ARM.Collect$$libinit$$00000026) refers to argv_veneer.o(.emb_text) for __ARM_argv_veneer
    libinit2.o(.ARM.Collect$$libinit$$00000027) refers to argv_veneer.o(.emb_text) for __ARM_argv_veneer
    rtexit2.o(.ARM.Collect$$rtexit$$00000003) refers to libshutdown.o(.ARM.Collect$$libshutdown$$00000000) for __rt_lib_shutdown
    rtexit2.o(.ARM.Collect$$rtexit$$00000004) refers to sys_exit.o(.text) for _sys_exit
    rtexit2.o(.ARM.exidx) refers to rtexit2.o(.ARM.Collect$$rtexit$$00000001) for .ARM.Collect$$rtexit$$00000001
    rtexit2.o(.ARM.exidx) refers to rtexit2.o(.ARM.Collect$$rtexit$$00000003) for .ARM.Collect$$rtexit$$00000003
    rtexit2.o(.ARM.exidx) refers to rtexit2.o(.ARM.Collect$$rtexit$$00000004) for .ARM.Collect$$rtexit$$00000004
    argv_veneer.o(.emb_text) refers to no_argv.o(.text) for __ARM_get_argv
    sys_exit.o(.text) refers (Special) to use_no_semi.o(.text) for __I$use$semihosting
    sys_exit.o(.text) refers (Special) to indicate_semi.o(.text) for __semihosting_library_function
    _get_argv_nomalloc.o(.text) refers (Special) to hrguard.o(.text) for __heap_region$guard
    _get_argv_nomalloc.o(.text) refers to defsig_rtmem_outer.o(.text) for __rt_SIGRTMEM
    _get_argv_nomalloc.o(.text) refers to sys_command.o(.text) for _sys_command_string
    libshutdown.o(.ARM.Collect$$libshutdown$$00000000) refers (Special) to libshutdown2.o(.ARM.Collect$$libshutdown$$00000004) for __rt_lib_shutdown_cpp_1
    libshutdown.o(.ARM.Collect$$libshutdown$$00000000) refers (Special) to libshutdown2.o(.ARM.Collect$$libshutdown$$00000002) for __rt_lib_shutdown_fini_1
    libshutdown.o(.ARM.Collect$$libshutdown$$00000000) refers (Special) to libshutdown2.o(.ARM.Collect$$libshutdown$$00000009) for __rt_lib_shutdown_fp_trap_1
    libshutdown.o(.ARM.Collect$$libshutdown$$00000000) refers (Special) to libshutdown2.o(.ARM.Collect$$libshutdown$$00000011) for __rt_lib_shutdown_heap_1
    libshutdown.o(.ARM.Collect$$libshutdown$$00000000) refers (Special) to libshutdown2.o(.ARM.Collect$$libshutdown$$00000012) for __rt_lib_shutdown_return
    libshutdown.o(.ARM.Collect$$libshutdown$$00000000) refers (Special) to libshutdown2.o(.ARM.Collect$$libshutdown$$0000000C) for __rt_lib_shutdown_signal_1
    libshutdown.o(.ARM.Collect$$libshutdown$$00000000) refers (Special) to libshutdown2.o(.ARM.Collect$$libshutdown$$00000006) for __rt_lib_shutdown_stdio_1
    libshutdown.o(.ARM.Collect$$libshutdown$$00000000) refers (Special) to libshutdown2.o(.ARM.Collect$$libshutdown$$0000000E) for __rt_lib_shutdown_user_alloc_1
    sys_command.o(.text) refers (Special) to use_no_semi.o(.text) for __I$use$semihosting
    sys_command.o(.text) refers (Special) to indicate_semi.o(.text) for __semihosting_library_function
    defsig_rtmem_outer.o(.text) refers to defsig_rtmem_inner.o(.text) for __rt_SIGRTMEM_inner
    defsig_rtmem_outer.o(.text) refers to defsig_exit.o(.text) for __sig_exit
    defsig_rtmem_formal.o(.text) refers to rt_raise.o(.text) for __rt_raise
    rt_raise.o(.text) refers to __raise.o(.text) for __raise
    rt_raise.o(.text) refers to sys_exit.o(.text) for _sys_exit
    defsig_exit.o(.text) refers to sys_exit.o(.text) for _sys_exit
    defsig_rtmem_inner.o(.text) refers to defsig_general.o(.text) for __default_signal_display
    __raise.o(.text) refers to defsig.o(CL$$defsig) for __default_signal_handler
    defsig_general.o(.text) refers to sys_wrch.o(.text) for _ttywrch
    sys_wrch.o(.text) refers (Special) to use_no_semi.o(.text) for __I$use$semihosting
    sys_wrch.o(.text) refers (Special) to indicate_semi.o(.text) for __semihosting_library_function
    defsig.o(CL$$defsig) refers to defsig_rtmem_inner.o(.text) for __rt_SIGRTMEM_inner
    defsig_abrt_inner.o(.text) refers to defsig_general.o(.text) for __default_signal_display
    defsig_fpe_inner.o(.text) refers to defsig_general.o(.text) for __default_signal_display
    defsig_rtred_inner.o(.text) refers to defsig_general.o(.text) for __default_signal_display
    defsig_stak_inner.o(.text) refers to defsig_general.o(.text) for __default_signal_display
    defsig_pvfn_inner.o(.text) refers to defsig_general.o(.text) for __default_signal_display
    defsig_cppl_inner.o(.text) refers to defsig_general.o(.text) for __default_signal_display
    defsig_segv_inner.o(.text) refers to defsig_general.o(.text) for __default_signal_display
    defsig_other.o(.text) refers to defsig_general.o(.text) for __default_signal_display


==============================================================================

Removing Unused input sections from the image.

    Removing adc_handler.o(i.adc_conversion), (296 bytes).
    Removing adc_handler.o(i.analog_channel_init), (304 bytes).
    Removing adc_handler.o(.bss), (48 bytes).
    Removing adc_handler.o(.data), (8 bytes).
    Removing fm3164_memory.o(i.factory_def_values), (100 bytes).
    Removing fm3164_memory.o(i.factory_get_param_values), (44 bytes).
    Removing fm3164_memory.o(i.get_stored_settings), (76 bytes).
    Removing fm3164_memory.o(i.mem_set_get_parm_func), (672 bytes).
    Removing fm3164_memory.o(.bss), (156 bytes).
    Removing fm3164_memory.o(.data), (7 bytes).
    Removing fm3164_watchdog.o(i.watchdog_ctrl_func), (164 bytes).
    Removing fm3164_watchdog.o(i.watchdog_init), (40 bytes).
    Removing fm3164_watchdog.o(i.watchdog_kick), (20 bytes).
    Removing fm3164_watchdog.o(i.watchdog_readback), (188 bytes).
    Removing fm3164_watchdog.o(.data), (12 bytes).
    Removing ltc2607_dac_handler.o(i.dac_output_set), (266 bytes).
    Removing main.o(.bss), (178 bytes).
    Removing rs422.o(i.control_PCB_data_to_DU), (156 bytes).
    Removing rs422.o(i.crc16), (56 bytes).
    Removing rs422.o(.constdata), (512 bytes).
    Removing sfm4200_flowsensor.o(i.sfm4200_flow_read), (420 bytes).
    Removing sfm4200_flowsensor.o(.data), (1 bytes).
    Removing uartstdio.o(i.GetBufferCount), (26 bytes).
    Removing uartstdio.o(i.UARTEchoSet), (16 bytes).
    Removing uartstdio.o(i.UARTPeek), (76 bytes).
    Removing uartstdio.o(i.UARTPutc), (100 bytes).
    Removing uartstdio.o(i.UARTRxBytesAvail), (24 bytes).
    Removing uartstdio.o(i.UARTTxBytesFree), (28 bytes).
    Removing uartstdio.o(i.UARTgetc), (60 bytes).
    Removing uartstdio.o(i.UARTgets), (96 bytes).
    Removing uartstdio.o(i.UARTprintf), (26 bytes).
    Removing uartstdio.o(i.UARTvprintf), (592 bytes).
    Removing uartstdio.o(i.UARTwrite3), (120 bytes).
    Removing uartstdio.o(i.UARTwriteNonCommandLine), (120 bytes).
    Removing crc.o(i.crc8CheckUpdateSF05), (60 bytes).
    Removing system_tm4c123.o(.rev16_text), (4 bytes).
    Removing system_tm4c123.o(.revsh_text), (4 bytes).
    Removing system_tm4c123.o(.rrx_text), (6 bytes).
    Removing system_tm4c123.o(i.SystemCoreClockUpdate), (196 bytes).
    Removing system_tm4c123.o(i.getOscClk), (244 bytes).
    Removing system_tm4c123.o(.data), (4 bytes).
    Removing adc.o(i.ADCBusy), (8 bytes).
    Removing adc.o(i.ADCClockConfigGet), (24 bytes).
    Removing adc.o(i.ADCClockConfigSet), (28 bytes).
    Removing adc.o(i.ADCComparatorConfigure), (10 bytes).
    Removing adc.o(i.ADCComparatorIntClear), (4 bytes).
    Removing adc.o(i.ADCComparatorIntDisable), (18 bytes).
    Removing adc.o(i.ADCComparatorIntEnable), (16 bytes).
    Removing adc.o(i.ADCComparatorIntStatus), (4 bytes).
    Removing adc.o(i.ADCComparatorRegionSet), (14 bytes).
    Removing adc.o(i.ADCComparatorReset), (40 bytes).
    Removing adc.o(i.ADCHardwareOversampleConfigure), (18 bytes).
    Removing adc.o(i.ADCIntClear), (10 bytes).
    Removing adc.o(i.ADCIntClearEx), (4 bytes).
    Removing adc.o(i.ADCIntDisable), (16 bytes).
    Removing adc.o(i.ADCIntDisableEx), (10 bytes).
    Removing adc.o(i.ADCIntEnable), (16 bytes).
    Removing adc.o(i.ADCIntEnableEx), (8 bytes).
    Removing adc.o(i.ADCIntRegister), (104 bytes).
    Removing adc.o(i.ADCIntStatus), (52 bytes).
    Removing adc.o(i.ADCIntStatusEx), (22 bytes).
    Removing adc.o(i.ADCIntUnregister), (108 bytes).
    Removing adc.o(i.ADCPhaseDelayGet), (4 bytes).
    Removing adc.o(i.ADCPhaseDelaySet), (4 bytes).
    Removing adc.o(i.ADCProcessorTrigger), (26 bytes).
    Removing adc.o(i.ADCReferenceGet), (8 bytes).
    Removing adc.o(i.ADCReferenceSet), (12 bytes).
    Removing adc.o(i.ADCSequenceConfigure), (78 bytes).
    Removing adc.o(i.ADCSequenceDMADisable), (18 bytes).
    Removing adc.o(i.ADCSequenceDMAEnable), (16 bytes).
    Removing adc.o(i.ADCSequenceDataGet), (36 bytes).
    Removing adc.o(i.ADCSequenceDisable), (16 bytes).
    Removing adc.o(i.ADCSequenceEnable), (14 bytes).
    Removing adc.o(i.ADCSequenceOverflow), (12 bytes).
    Removing adc.o(i.ADCSequenceOverflowClear), (10 bytes).
    Removing adc.o(i.ADCSequenceStepConfigure), (154 bytes).
    Removing adc.o(i.ADCSequenceUnderflow), (12 bytes).
    Removing adc.o(i.ADCSequenceUnderflowClear), (10 bytes).
    Removing adc.o(i.ADCSoftwareOversampleConfigure), (24 bytes).
    Removing adc.o(i.ADCSoftwareOversampleDataGet), (68 bytes).
    Removing adc.o(i.ADCSoftwareOversampleStepConfigure), (148 bytes).
    Removing adc.o(.data), (3 bytes).
    Removing i2c.o(i.I2CFIFODataGet), (16 bytes).
    Removing i2c.o(i.I2CFIFODataGetNonBlocking), (24 bytes).
    Removing i2c.o(i.I2CFIFODataPut), (16 bytes).
    Removing i2c.o(i.I2CFIFODataPutNonBlocking), (20 bytes).
    Removing i2c.o(i.I2CFIFOStatus), (6 bytes).
    Removing i2c.o(i.I2CIntRegister), (96 bytes).
    Removing i2c.o(i.I2CIntUnregister), (96 bytes).
    Removing i2c.o(i.I2CLoopbackEnable), (10 bytes).
    Removing i2c.o(i.I2CMasterBurstCountGet), (4 bytes).
    Removing i2c.o(i.I2CMasterBurstLengthSet), (4 bytes).
    Removing i2c.o(i.I2CMasterBusBusy), (12 bytes).
    Removing i2c.o(i.I2CMasterBusy), (12 bytes).
    Removing i2c.o(i.I2CMasterControl), (4 bytes).
    Removing i2c.o(i.I2CMasterDataGet), (4 bytes).
    Removing i2c.o(i.I2CMasterDataPut), (4 bytes).
    Removing i2c.o(i.I2CMasterDisable), (10 bytes).
    Removing i2c.o(i.I2CMasterEnable), (10 bytes).
    Removing i2c.o(i.I2CMasterErr), (24 bytes).
    Removing i2c.o(i.I2CMasterGlitchFilterConfigSet), (84 bytes).
    Removing i2c.o(i.I2CMasterInitExpClk), (84 bytes).
    Removing i2c.o(i.I2CMasterIntClear), (8 bytes).
    Removing i2c.o(i.I2CMasterIntClearEx), (4 bytes).
    Removing i2c.o(i.I2CMasterIntDisable), (6 bytes).
    Removing i2c.o(i.I2CMasterIntDisableEx), (10 bytes).
    Removing i2c.o(i.I2CMasterIntEnable), (6 bytes).
    Removing i2c.o(i.I2CMasterIntEnableEx), (8 bytes).
    Removing i2c.o(i.I2CMasterIntStatus), (24 bytes).
    Removing i2c.o(i.I2CMasterIntStatusEx), (10 bytes).
    Removing i2c.o(i.I2CMasterLineStateGet), (4 bytes).
    Removing i2c.o(i.I2CMasterSlaveAddrSet), (8 bytes).
    Removing i2c.o(i.I2CMasterTimeoutSet), (4 bytes).
    Removing i2c.o(i.I2CRxFIFOConfigSet), (22 bytes).
    Removing i2c.o(i.I2CRxFIFOFlush), (14 bytes).
    Removing i2c.o(i.I2CSlaveACKOverride), (22 bytes).
    Removing i2c.o(i.I2CSlaveACKValueSet), (22 bytes).
    Removing i2c.o(i.I2CSlaveAddressSet), (24 bytes).
    Removing i2c.o(i.I2CSlaveDataGet), (6 bytes).
    Removing i2c.o(i.I2CSlaveDataPut), (6 bytes).
    Removing i2c.o(i.I2CSlaveDisable), (16 bytes).
    Removing i2c.o(i.I2CSlaveEnable), (16 bytes).
    Removing i2c.o(i.I2CSlaveFIFODisable), (8 bytes).
    Removing i2c.o(i.I2CSlaveFIFOEnable), (10 bytes).
    Removing i2c.o(i.I2CSlaveInit), (20 bytes).
    Removing i2c.o(i.I2CSlaveIntClear), (8 bytes).
    Removing i2c.o(i.I2CSlaveIntClearEx), (6 bytes).
    Removing i2c.o(i.I2CSlaveIntDisable), (14 bytes).
    Removing i2c.o(i.I2CSlaveIntDisableEx), (14 bytes).
    Removing i2c.o(i.I2CSlaveIntEnable), (14 bytes).
    Removing i2c.o(i.I2CSlaveIntEnableEx), (12 bytes).
    Removing i2c.o(i.I2CSlaveIntStatus), (28 bytes).
    Removing i2c.o(i.I2CSlaveIntStatusEx), (14 bytes).
    Removing i2c.o(i.I2CSlaveStatus), (6 bytes).
    Removing i2c.o(i.I2CTxFIFOConfigSet), (24 bytes).
    Removing i2c.o(i.I2CTxFIFOFlush), (14 bytes).
    Removing i2c.o(.constdata), (128 bytes).
    Removing sysctl.o(.emb_text), (6 bytes).
    Removing sysctl.o(i.SysCtlAltClkConfig), (12 bytes).
    Removing sysctl.o(i.SysCtlClockFreqSet), (712 bytes).
    Removing sysctl.o(i.SysCtlClockOutConfig), (20 bytes).
    Removing sysctl.o(i.SysCtlClockSet), (288 bytes).
    Removing sysctl.o(i.SysCtlDeepSleep), (32 bytes).
    Removing sysctl.o(i.SysCtlDeepSleepClockConfigSet), (112 bytes).
    Removing sysctl.o(i.SysCtlDeepSleepClockSet), (12 bytes).
    Removing sysctl.o(i.SysCtlDeepSleepPowerSet), (12 bytes).
    Removing sysctl.o(i.SysCtlFlashSectorSizeGet), (56 bytes).
    Removing sysctl.o(i.SysCtlFlashSizeGet), (56 bytes).
    Removing sysctl.o(i.SysCtlGPIOAHBDisable), (28 bytes).
    Removing sysctl.o(i.SysCtlGPIOAHBEnable), (24 bytes).
    Removing sysctl.o(i.SysCtlIntClear), (12 bytes).
    Removing sysctl.o(i.SysCtlIntDisable), (16 bytes).
    Removing sysctl.o(i.SysCtlIntEnable), (16 bytes).
    Removing sysctl.o(i.SysCtlIntRegister), (20 bytes).
    Removing sysctl.o(i.SysCtlIntStatus), (16 bytes).
    Removing sysctl.o(i.SysCtlIntUnregister), (18 bytes).
    Removing sysctl.o(i.SysCtlLDODeepSleepGet), (12 bytes).
    Removing sysctl.o(i.SysCtlLDODeepSleepSet), (12 bytes).
    Removing sysctl.o(i.SysCtlLDOSleepGet), (12 bytes).
    Removing sysctl.o(i.SysCtlLDOSleepSet), (12 bytes).
    Removing sysctl.o(i.SysCtlMOSCConfigSet), (12 bytes).
    Removing sysctl.o(i.SysCtlNMIClear), (16 bytes).
    Removing sysctl.o(i.SysCtlNMIStatus), (12 bytes).
    Removing sysctl.o(i.SysCtlPIOSCCalibrate), (76 bytes).
    Removing sysctl.o(i.SysCtlPWMClockGet), (24 bytes).
    Removing sysctl.o(i.SysCtlPWMClockSet), (20 bytes).
    Removing sysctl.o(i.SysCtlPeripheralClockGating), (68 bytes).
    Removing sysctl.o(i.SysCtlPeripheralDeepSleepDisable), (40 bytes).
    Removing sysctl.o(i.SysCtlPeripheralDeepSleepEnable), (40 bytes).
    Removing sysctl.o(i.SysCtlPeripheralDisable), (40 bytes).
    Removing sysctl.o(i.SysCtlPeripheralEnable), (40 bytes).
    Removing sysctl.o(i.SysCtlPeripheralPowerOff), (40 bytes).
    Removing sysctl.o(i.SysCtlPeripheralPowerOn), (40 bytes).
    Removing sysctl.o(i.SysCtlPeripheralPresent), (44 bytes).
    Removing sysctl.o(i.SysCtlPeripheralReset), (60 bytes).
    Removing sysctl.o(i.SysCtlPeripheralSleepDisable), (40 bytes).
    Removing sysctl.o(i.SysCtlPeripheralSleepEnable), (40 bytes).
    Removing sysctl.o(i.SysCtlReset), (16 bytes).
    Removing sysctl.o(i.SysCtlResetBehaviorGet), (12 bytes).
    Removing sysctl.o(i.SysCtlResetBehaviorSet), (12 bytes).
    Removing sysctl.o(i.SysCtlResetCauseClear), (16 bytes).
    Removing sysctl.o(i.SysCtlResetCauseGet), (12 bytes).
    Removing sysctl.o(i.SysCtlSRAMSizeGet), (16 bytes).
    Removing sysctl.o(i.SysCtlSleep), (4 bytes).
    Removing sysctl.o(i.SysCtlSleepPowerSet), (12 bytes).
    Removing sysctl.o(i.SysCtlUSBPLLDisable), (16 bytes).
    Removing sysctl.o(i.SysCtlUSBPLLEnable), (16 bytes).
    Removing sysctl.o(i.SysCtlVoltageEventClear), (16 bytes).
    Removing sysctl.o(i.SysCtlVoltageEventConfig), (12 bytes).
    Removing sysctl.o(i.SysCtlVoltageEventStatus), (12 bytes).
    Removing cpu.o(.emb_text), (38 bytes).
    Removing interrupt.o(i.IntDisable), (100 bytes).
    Removing interrupt.o(i.IntEnable), (100 bytes).
    Removing interrupt.o(i.IntIsEnabled), (96 bytes).
    Removing interrupt.o(i.IntMasterDisable), (14 bytes).
    Removing interrupt.o(i.IntMasterEnable), (14 bytes).
    Removing interrupt.o(i.IntPendClear), (68 bytes).
    Removing interrupt.o(i.IntPendSet), (84 bytes).
    Removing interrupt.o(i.IntPriorityGet), (28 bytes).
    Removing interrupt.o(i.IntPriorityGroupingGet), (36 bytes).
    Removing interrupt.o(i.IntPriorityGroupingSet), (28 bytes).
    Removing interrupt.o(i.IntPriorityMaskGet), (4 bytes).
    Removing interrupt.o(i.IntPriorityMaskSet), (4 bytes).
    Removing interrupt.o(i.IntPrioritySet), (40 bytes).
    Removing interrupt.o(i.IntRegister), (52 bytes).
    Removing interrupt.o(i.IntTrigger), (12 bytes).
    Removing interrupt.o(i.IntUnregister), (20 bytes).
    Removing interrupt.o(i._IntDefaultHandler), (2 bytes).
    Removing interrupt.o(.constdata), (268 bytes).
    Removing interrupt.o(vtable), (620 bytes).

210 unused section(s) (total 11801 bytes) removed from the image.

==============================================================================

Image Symbol Table

    Local Symbols

    Symbol Name                              Value     Ov Type        Size  Object(Section)

    RESET                                    0x00000000   Section      620  startup_rvmdk.o(RESET)
    ../clib/angel/boardlib.s                 0x00000000   Number         0  boardshut.o ABSOLUTE
    ../clib/angel/boardlib.s                 0x00000000   Number         0  boardinit1.o ABSOLUTE
    ../clib/angel/boardlib.s                 0x00000000   Number         0  boardinit2.o ABSOLUTE
    ../clib/angel/boardlib.s                 0x00000000   Number         0  boardinit3.o ABSOLUTE
    ../clib/angel/handlers.s                 0x00000000   Number         0  __scatter_copy.o ABSOLUTE
    ../clib/angel/handlers.s                 0x00000000   Number         0  __scatter_zi.o ABSOLUTE
    ../clib/angel/kernel.s                   0x00000000   Number         0  __rtentry.o ABSOLUTE
    ../clib/angel/kernel.s                   0x00000000   Number         0  rtexit.o ABSOLUTE
    ../clib/angel/kernel.s                   0x00000000   Number         0  rtexit2.o ABSOLUTE
    ../clib/angel/kernel.s                   0x00000000   Number         0  __rtentry4.o ABSOLUTE
    ../clib/angel/kernel.s                   0x00000000   Number         0  __rtentry2.o ABSOLUTE
    ../clib/angel/rt.s                       0x00000000   Number         0  rt_raise.o ABSOLUTE
    ../clib/angel/scatter.s                  0x00000000   Number         0  __scatter.o ABSOLUTE
    ../clib/angel/startup.s                  0x00000000   Number         0  __main.o ABSOLUTE
    ../clib/angel/sys.s                      0x00000000   Number         0  indicate_semi.o ABSOLUTE
    ../clib/angel/sys.s                      0x00000000   Number         0  use_no_semi.o ABSOLUTE
    ../clib/angel/sys.s                      0x00000000   Number         0  sys_stackheap_outer.o ABSOLUTE
    ../clib/angel/sys.s                      0x00000000   Number         0  libspace.o ABSOLUTE
    ../clib/angel/sysapp.c                   0x00000000   Number         0  sys_command.o ABSOLUTE
    ../clib/angel/sysapp.c                   0x00000000   Number         0  sys_exit.o ABSOLUTE
    ../clib/angel/sysapp.c                   0x00000000   Number         0  sys_wrch.o ABSOLUTE
    ../clib/armsys.c                         0x00000000   Number         0  argv_veneer.o ABSOLUTE
    ../clib/armsys.c                         0x00000000   Number         0  argv_veneer.o ABSOLUTE
    ../clib/armsys.c                         0x00000000   Number         0  no_argv.o ABSOLUTE
    ../clib/armsys.c                         0x00000000   Number         0  _get_argv_nomalloc.o ABSOLUTE
    ../clib/heapalloc.c                      0x00000000   Number         0  hrguard.o ABSOLUTE
    ../clib/heapaux.c                        0x00000000   Number         0  heapauxi.o ABSOLUTE
    ../clib/libinit.s                        0x00000000   Number         0  libinit.o ABSOLUTE
    ../clib/libinit.s                        0x00000000   Number         0  libshutdown2.o ABSOLUTE
    ../clib/libinit.s                        0x00000000   Number         0  libshutdown.o ABSOLUTE
    ../clib/libinit.s                        0x00000000   Number         0  libinit2.o ABSOLUTE
    ../clib/memcpset.s                       0x00000000   Number         0  rt_memclr_w.o ABSOLUTE
    ../clib/memcpset.s                       0x00000000   Number         0  rt_memcpy_w.o ABSOLUTE
    ../clib/memcpset.s                       0x00000000   Number         0  rt_memcpy_v6.o ABSOLUTE
    ../clib/signal.c                         0x00000000   Number         0  defsig_segv_inner.o ABSOLUTE
    ../clib/signal.c                         0x00000000   Number         0  defsig_rtmem_outer.o ABSOLUTE
    ../clib/signal.c                         0x00000000   Number         0  defsig_other.o ABSOLUTE
    ../clib/signal.c                         0x00000000   Number         0  defsig_rtred_inner.o ABSOLUTE
    ../clib/signal.c                         0x00000000   Number         0  defsig_general.o ABSOLUTE
    ../clib/signal.c                         0x00000000   Number         0  defsig_cppl_inner.o ABSOLUTE
    ../clib/signal.c                         0x00000000   Number         0  defsig_pvfn_inner.o ABSOLUTE
    ../clib/signal.c                         0x00000000   Number         0  defsig_stak_inner.o ABSOLUTE
    ../clib/signal.c                         0x00000000   Number         0  __raise.o ABSOLUTE
    ../clib/signal.c                         0x00000000   Number         0  defsig_fpe_inner.o ABSOLUTE
    ../clib/signal.c                         0x00000000   Number         0  defsig_abrt_inner.o ABSOLUTE
    ../clib/signal.c                         0x00000000   Number         0  defsig_rtmem_inner.o ABSOLUTE
    ../clib/signal.c                         0x00000000   Number         0  defsig_exit.o ABSOLUTE
    ../clib/signal.c                         0x00000000   Number         0  defsig_rtmem_formal.o ABSOLUTE
    ../clib/signal.s                         0x00000000   Number         0  defsig.o ABSOLUTE
    ../clib/stdlib.c                         0x00000000   Number         0  exit.o ABSOLUTE
    ../fplib/d2f.s                           0x00000000   Number         0  d2f.o ABSOLUTE
    ../fplib/dflt.s                          0x00000000   Number         0  dflt_clz.o ABSOLUTE
    ../fplib/dmul.s                          0x00000000   Number         0  dmul.o ABSOLUTE
    ../fplib/dnaninf.s                       0x00000000   Number         0  dnaninf.o ABSOLUTE
    ../fplib/dretinf.s                       0x00000000   Number         0  dretinf.o ABSOLUTE
    ../fplib/fpinit.s                        0x00000000   Number         0  fpinit.o ABSOLUTE
    ../fplib/fretinf.s                       0x00000000   Number         0  fretinf.o ABSOLUTE
    ../fplib/usenofp.s                       0x00000000   Number         0  usenofp.o ABSOLUTE
    ADC_Handler.c                            0x00000000   Number         0  adc_handler.o ABSOLUTE
    CRC.c                                    0x00000000   Number         0  crc.o ABSOLUTE
    FM3164_Memory.c                          0x00000000   Number         0  fm3164_memory.o ABSOLUTE
    FM3164_WatchDog.c                        0x00000000   Number         0  fm3164_watchdog.o ABSOLUTE
    LTC2607_DAC_Handler.c                    0x00000000   Number         0  ltc2607_dac_handler.o ABSOLUTE
    Pressure_Sensor_Handler.c                0x00000000   Number         0  pressure_sensor_handler.o ABSOLUTE
    RS422.c                                  0x00000000   Number         0  rs422.o ABSOLUTE
    RTE\TM4C123GH6PZ\startup_rvmdk.s         0x00000000   Number         0  startup_rvmdk.o ABSOLUTE
    RTE\TM4C123GH6PZ\system_TM4C123.c        0x00000000   Number         0  system_tm4c123.o ABSOLUTE
    RTE\\TM4C123GH6PZ\\system_TM4C123.c      0x00000000   Number         0  system_tm4c123.o ABSOLUTE
    SFM4200_FlowSensor.c                     0x00000000   Number         0  sfm4200_flowsensor.o ABSOLUTE
    adc.c                                    0x00000000   Number         0  adc.o ABSOLUTE
    cpu.c                                    0x00000000   Number         0  cpu.o ABSOLUTE
    cpu.c                                    0x00000000   Number         0  cpu.o ABSOLUTE
    dc.s                                     0x00000000   Number         0  dc.o ABSOLUTE
    i2c.c                                    0x00000000   Number         0  i2c.o ABSOLUTE
    interrupt.c                              0x00000000   Number         0  interrupt.o ABSOLUTE
    main.c                                   0x00000000   Number         0  main.o ABSOLUTE
    sysctl.c                                 0x00000000   Number         0  sysctl.o ABSOLUTE
    sysctl.c                                 0x00000000   Number         0  sysctl.o ABSOLUTE
    uartstdio.c                              0x00000000   Number         0  uartstdio.o ABSOLUTE
    !!!main                                  0x0000026c   Section        8  __main.o(!!!main)
    !!!scatter                               0x00000274   Section       52  __scatter.o(!!!scatter)
    !!handler_copy                           0x000002a8   Section       26  __scatter_copy.o(!!handler_copy)
    !!handler_zi                             0x000002c4   Section       28  __scatter_zi.o(!!handler_zi)
    .ARM.Collect$$libinit$$00000000          0x000002e0   Section        2  libinit.o(.ARM.Collect$$libinit$$00000000)
    .ARM.Collect$$libinit$$00000001          0x000002e2   Section        4  libinit2.o(.ARM.Collect$$libinit$$00000001)
    .ARM.Collect$$libinit$$00000004          0x000002e6   Section        0  libinit2.o(.ARM.Collect$$libinit$$00000004)
    .ARM.Collect$$libinit$$0000000A          0x000002e6   Section        0  libinit2.o(.ARM.Collect$$libinit$$0000000A)
    .ARM.Collect$$libinit$$0000000C          0x000002e6   Section        0  libinit2.o(.ARM.Collect$$libinit$$0000000C)
    .ARM.Collect$$libinit$$0000000E          0x000002e6   Section        0  libinit2.o(.ARM.Collect$$libinit$$0000000E)
    .ARM.Collect$$libinit$$00000011          0x000002e6   Section        0  libinit2.o(.ARM.Collect$$libinit$$00000011)
    .ARM.Collect$$libinit$$00000013          0x000002e6   Section        0  libinit2.o(.ARM.Collect$$libinit$$00000013)
    .ARM.Collect$$libinit$$00000015          0x000002e6   Section        0  libinit2.o(.ARM.Collect$$libinit$$00000015)
    .ARM.Collect$$libinit$$00000017          0x000002e6   Section        0  libinit2.o(.ARM.Collect$$libinit$$00000017)
    .ARM.Collect$$libinit$$00000019          0x000002e6   Section        0  libinit2.o(.ARM.Collect$$libinit$$00000019)
    .ARM.Collect$$libinit$$0000001B          0x000002e6   Section        0  libinit2.o(.ARM.Collect$$libinit$$0000001B)
    .ARM.Collect$$libinit$$0000001D          0x000002e6   Section        0  libinit2.o(.ARM.Collect$$libinit$$0000001D)
    .ARM.Collect$$libinit$$0000001F          0x000002e6   Section        0  libinit2.o(.ARM.Collect$$libinit$$0000001F)
    .ARM.Collect$$libinit$$00000021          0x000002e6   Section        0  libinit2.o(.ARM.Collect$$libinit$$00000021)
    .ARM.Collect$$libinit$$00000023          0x000002e6   Section        0  libinit2.o(.ARM.Collect$$libinit$$00000023)
    .ARM.Collect$$libinit$$00000025          0x000002e6   Section        0  libinit2.o(.ARM.Collect$$libinit$$00000025)
    .ARM.Collect$$libinit$$0000002C          0x000002e6   Section        0  libinit2.o(.ARM.Collect$$libinit$$0000002C)
    .ARM.Collect$$libinit$$0000002E          0x000002e6   Section        0  libinit2.o(.ARM.Collect$$libinit$$0000002E)
    .ARM.Collect$$libinit$$00000030          0x000002e6   Section        0  libinit2.o(.ARM.Collect$$libinit$$00000030)
    .ARM.Collect$$libinit$$00000032          0x000002e6   Section        0  libinit2.o(.ARM.Collect$$libinit$$00000032)
    .ARM.Collect$$libinit$$00000033          0x000002e6   Section        2  libinit2.o(.ARM.Collect$$libinit$$00000033)
    .ARM.Collect$$libshutdown$$00000000      0x000002e8   Section        2  libshutdown.o(.ARM.Collect$$libshutdown$$00000000)
    .ARM.Collect$$libshutdown$$00000002      0x000002ea   Section        0  libshutdown2.o(.ARM.Collect$$libshutdown$$00000002)
    .ARM.Collect$$libshutdown$$00000004      0x000002ea   Section        0  libshutdown2.o(.ARM.Collect$$libshutdown$$00000004)
    .ARM.Collect$$libshutdown$$00000006      0x000002ea   Section        0  libshutdown2.o(.ARM.Collect$$libshutdown$$00000006)
    .ARM.Collect$$libshutdown$$00000009      0x000002ea   Section        0  libshutdown2.o(.ARM.Collect$$libshutdown$$00000009)
    .ARM.Collect$$libshutdown$$0000000C      0x000002ea   Section        0  libshutdown2.o(.ARM.Collect$$libshutdown$$0000000C)
    .ARM.Collect$$libshutdown$$0000000E      0x000002ea   Section        0  libshutdown2.o(.ARM.Collect$$libshutdown$$0000000E)
    .ARM.Collect$$libshutdown$$00000011      0x000002ea   Section        0  libshutdown2.o(.ARM.Collect$$libshutdown$$00000011)
    .ARM.Collect$$libshutdown$$00000012      0x000002ea   Section        2  libshutdown2.o(.ARM.Collect$$libshutdown$$00000012)
    .ARM.Collect$$rtentry$$00000000          0x000002ec   Section        0  __rtentry.o(.ARM.Collect$$rtentry$$00000000)
    .ARM.Collect$$rtentry$$00000002          0x000002ec   Section        0  __rtentry2.o(.ARM.Collect$$rtentry$$00000002)
    .ARM.Collect$$rtentry$$00000004          0x000002ec   Section        6  __rtentry4.o(.ARM.Collect$$rtentry$$00000004)
    .ARM.Collect$$rtentry$$00000009          0x000002f2   Section        0  __rtentry2.o(.ARM.Collect$$rtentry$$00000009)
    .ARM.Collect$$rtentry$$0000000A          0x000002f2   Section        4  __rtentry2.o(.ARM.Collect$$rtentry$$0000000A)
    .ARM.Collect$$rtentry$$0000000C          0x000002f6   Section        0  __rtentry2.o(.ARM.Collect$$rtentry$$0000000C)
    .ARM.Collect$$rtentry$$0000000D          0x000002f6   Section        8  __rtentry2.o(.ARM.Collect$$rtentry$$0000000D)
    .ARM.Collect$$rtexit$$00000000           0x000002fe   Section        2  rtexit.o(.ARM.Collect$$rtexit$$00000000)
    .ARM.Collect$$rtexit$$00000002           0x00000300   Section        0  rtexit2.o(.ARM.Collect$$rtexit$$00000002)
    .ARM.Collect$$rtexit$$00000003           0x00000300   Section        4  rtexit2.o(.ARM.Collect$$rtexit$$00000003)
    .ARM.Collect$$rtexit$$00000004           0x00000304   Section        6  rtexit2.o(.ARM.Collect$$rtexit$$00000004)
    .text                                    0x0000030c   Section      276  startup_rvmdk.o(.text)
    $v0                                      0x0000030c   Number         0  startup_rvmdk.o(.text)
    .text                                    0x00000420   Section       78  rt_memclr_w.o(.text)
    .text                                    0x0000046e   Section        0  heapauxi.o(.text)
    .text                                    0x00000474   Section       74  sys_stackheap_outer.o(.text)
    .text                                    0x000004be   Section        0  exit.o(.text)
    .text                                    0x000004d0   Section        8  libspace.o(.text)
    .text                                    0x000004d8   Section        0  sys_exit.o(.text)
    .text                                    0x000004e4   Section        2  use_no_semi.o(.text)
    .text                                    0x000004e6   Section        0  indicate_semi.o(.text)
    i.Delay                                  0x000004e6   Section        0  main.o(i.Delay)
    i.Init_Drivers                           0x00000504   Section        0  main.o(i.Init_Drivers)
    i.IsBufferEmpty                          0x00000618   Section        0  uartstdio.o(i.IsBufferEmpty)
    IsBufferEmpty                            0x00000619   Thumb Code    20  uartstdio.o(i.IsBufferEmpty)
    i.IsBufferFull                           0x0000062c   Section        0  uartstdio.o(i.IsBufferFull)
    IsBufferFull                             0x0000062d   Thumb Code    30  uartstdio.o(i.IsBufferFull)
    i.PacketizingRemoteDataDebug             0x0000064a   Section        0  main.o(i.PacketizingRemoteDataDebug)
    i.SysCtlClockGet                         0x000006e0   Section        0  sysctl.o(i.SysCtlClockGet)
    i.SysCtlPeripheralReady                  0x00000834   Section        0  sysctl.o(i.SysCtlPeripheralReady)
    i.SystemInit                             0x00000860   Section        0  system_tm4c123.o(i.SystemInit)
    i.UARTFlushRx                            0x000008f8   Section        0  uartstdio.o(i.UARTFlushRx)
    i.UARTFlushTx                            0x00000928   Section        0  uartstdio.o(i.UARTFlushTx)
    i.UARTPrimeTransmit                      0x0000096c   Section        0  uartstdio.o(i.UARTPrimeTransmit)
    UARTPrimeTransmit                        0x0000096d   Thumb Code   124  uartstdio.o(i.UARTPrimeTransmit)
    i.UARTStdioConfig                        0x000009fc   Section        0  uartstdio.o(i.UARTStdioConfig)
    i.UARTStdioIntHandler                    0x00000aac   Section        0  uartstdio.o(i.UARTStdioIntHandler)
    i.UARTwrite                              0x00000b88   Section        0  uartstdio.o(i.UARTwrite)
    i.main                                   0x00000c34   Section        0  main.o(i.main)
    x$fpl$fpinit                             0x00000c78   Section       10  fpinit.o(x$fpl$fpinit)
    $v0                                      0x00000c78   Number         0  fpinit.o(x$fpl$fpinit)
    .constdata                               0x00000c84   Section       88  uartstdio.o(.constdata)
    g_pcHex                                  0x00000c84   Data           4  uartstdio.o(.constdata)
    g_ui32UARTBase                           0x00000c88   Data          28  uartstdio.o(.constdata)
    g_ui32UARTInt                            0x00000ca4   Data          28  uartstdio.o(.constdata)
    g_ui32UARTPeriph                         0x00000cc0   Data          28  uartstdio.o(.constdata)
    .constdata                               0x00000cdc   Section      452  sysctl.o(.constdata)
    g_pui32VCOFrequencies                    0x00000cdc   Data           8  sysctl.o(.constdata)
    g_pui32Xtals                             0x00000ce4   Data         108  sysctl.o(.constdata)
    g_pppui32XTALtoVCO                       0x00000d50   Data         288  sysctl.o(.constdata)
    g_sXTALtoMEMTIM                          0x00000e70   Data          48  sysctl.o(.constdata)
    .conststring                             0x00000ea0   Section       17  uartstdio.o(.conststring)
    .data                                    0x20000000   Section       39  main.o(.data)
    .data                                    0x20000028   Section       29  uartstdio.o(.data)
    g_bDisableEcho                           0x20000028   Data           1  uartstdio.o(.data)
    g_ui32Base                               0x2000003c   Data           4  uartstdio.o(.data)
    g_ui32PortNum                            0x20000040   Data           4  uartstdio.o(.data)
    bLastWasCR                               0x20000044   Data           1  uartstdio.o(.data)
    .bss                                     0x20000048   Section      200  uartstdio.o(.bss)
    .bss                                     0x20000110   Section       96  libspace.o(.bss)
    HEAP                                     0x20000170   Section        0  startup_rvmdk.o(HEAP)
    STACK                                    0x20000170   Section      512  startup_rvmdk.o(STACK)
    Heap_Mem                                 0x20000170   Data           0  startup_rvmdk.o(HEAP)
    Stack_Mem                                0x20000170   Data         512  startup_rvmdk.o(STACK)
    __initial_sp                             0x20000370   Data           0  startup_rvmdk.o(STACK)

    Global Symbols

    Symbol Name                              Value     Ov Type        Size  Object(Section)

    BuildAttributes$$THM_ISAv4$E$P$D$K$B$S$7EM$VFPi3$EXTD16$VFPS$VFMA$PE$A:L22UL41UL21$X:L11$S22US41US21$IEEE1$IW$USESV6$~STKCKD$USESV7$~SHL$OTIME$ROPI$EBA8$UX$STANDARDLIB$REQ8$PRES8$EABIv2 0x00000000   Number         0  anon$$obj.o ABSOLUTE
    __ARM_use_no_argv                        0x00000000   Number         0  main.o ABSOLUTE
    __Vectors                                0x00000000   Data           4  startup_rvmdk.o(RESET)
    __ARM_exceptions_init                     - Undefined Weak Reference
    __alloca_initialize                       - Undefined Weak Reference
    __arm_fini_                               - Undefined Weak Reference
    __arm_preinit_                            - Undefined Weak Reference
    __cpp_initialize__aeabi_                  - Undefined Weak Reference
    __cxa_finalize                            - Undefined Weak Reference
    __rt_locale                               - Undefined Weak Reference
    __sigvec_lookup                           - Undefined Weak Reference
    _atexit_init                              - Undefined Weak Reference
    _call_atexit_fns                          - Undefined Weak Reference
    _clock_init                               - Undefined Weak Reference
    _fp_trap_init                             - Undefined Weak Reference
    _fp_trap_shutdown                         - Undefined Weak Reference
    _get_lc_collate                           - Undefined Weak Reference
    _get_lc_ctype                             - Undefined Weak Reference
    _get_lc_monetary                          - Undefined Weak Reference
    _get_lc_numeric                           - Undefined Weak Reference
    _get_lc_time                              - Undefined Weak Reference
    _getenv_init                              - Undefined Weak Reference
    _handle_redirection                       - Undefined Weak Reference
    _init_alloc                               - Undefined Weak Reference
    _init_user_alloc                          - Undefined Weak Reference
    _initio                                   - Undefined Weak Reference
    _rand_init                                - Undefined Weak Reference
    _signal_finish                            - Undefined Weak Reference
    _signal_init                              - Undefined Weak Reference
    _terminate_alloc                          - Undefined Weak Reference
    _terminate_user_alloc                     - Undefined Weak Reference
    _terminateio                              - Undefined Weak Reference
    __Vectors_End                            0x0000026c   Data           0  startup_rvmdk.o(RESET)
    __Vectors_Size                           0x0000026c   Number         0  startup_rvmdk.o ABSOLUTE
    __main                                   0x0000026d   Thumb Code     8  __main.o(!!!main)
    __scatterload                            0x00000275   Thumb Code     0  __scatter.o(!!!scatter)
    __scatterload_rt2                        0x00000275   Thumb Code    44  __scatter.o(!!!scatter)
    __scatterload_rt2_thumb_only             0x00000275   Thumb Code     0  __scatter.o(!!!scatter)
    __scatterload_null                       0x00000283   Thumb Code     0  __scatter.o(!!!scatter)
    __scatterload_copy                       0x000002a9   Thumb Code    26  __scatter_copy.o(!!handler_copy)
    __scatterload_zeroinit                   0x000002c5   Thumb Code    28  __scatter_zi.o(!!handler_zi)
    __rt_lib_init                            0x000002e1   Thumb Code     0  libinit.o(.ARM.Collect$$libinit$$00000000)
    __rt_lib_init_fp_1                       0x000002e3   Thumb Code     0  libinit2.o(.ARM.Collect$$libinit$$00000001)
    __rt_lib_init_alloca_1                   0x000002e7   Thumb Code     0  libinit2.o(.ARM.Collect$$libinit$$0000002E)
    __rt_lib_init_argv_1                     0x000002e7   Thumb Code     0  libinit2.o(.ARM.Collect$$libinit$$0000002C)
    __rt_lib_init_atexit_1                   0x000002e7   Thumb Code     0  libinit2.o(.ARM.Collect$$libinit$$0000001B)
    __rt_lib_init_clock_1                    0x000002e7   Thumb Code     0  libinit2.o(.ARM.Collect$$libinit$$00000021)
    __rt_lib_init_cpp_1                      0x000002e7   Thumb Code     0  libinit2.o(.ARM.Collect$$libinit$$00000032)
    __rt_lib_init_exceptions_1               0x000002e7   Thumb Code     0  libinit2.o(.ARM.Collect$$libinit$$00000030)
    __rt_lib_init_fp_trap_1                  0x000002e7   Thumb Code     0  libinit2.o(.ARM.Collect$$libinit$$0000001F)
    __rt_lib_init_getenv_1                   0x000002e7   Thumb Code     0  libinit2.o(.ARM.Collect$$libinit$$00000023)
    __rt_lib_init_heap_1                     0x000002e7   Thumb Code     0  libinit2.o(.ARM.Collect$$libinit$$0000000A)
    __rt_lib_init_lc_collate_1               0x000002e7   Thumb Code     0  libinit2.o(.ARM.Collect$$libinit$$00000011)
    __rt_lib_init_lc_ctype_1                 0x000002e7   Thumb Code     0  libinit2.o(.ARM.Collect$$libinit$$00000013)
    __rt_lib_init_lc_monetary_1              0x000002e7   Thumb Code     0  libinit2.o(.ARM.Collect$$libinit$$00000015)
    __rt_lib_init_lc_numeric_1               0x000002e7   Thumb Code     0  libinit2.o(.ARM.Collect$$libinit$$00000017)
    __rt_lib_init_lc_time_1                  0x000002e7   Thumb Code     0  libinit2.o(.ARM.Collect$$libinit$$00000019)
    __rt_lib_init_preinit_1                  0x000002e7   Thumb Code     0  libinit2.o(.ARM.Collect$$libinit$$00000004)
    __rt_lib_init_rand_1                     0x000002e7   Thumb Code     0  libinit2.o(.ARM.Collect$$libinit$$0000000E)
    __rt_lib_init_return                     0x000002e7   Thumb Code     0  libinit2.o(.ARM.Collect$$libinit$$00000033)
    __rt_lib_init_signal_1                   0x000002e7   Thumb Code     0  libinit2.o(.ARM.Collect$$libinit$$0000001D)
    __rt_lib_init_stdio_1                    0x000002e7   Thumb Code     0  libinit2.o(.ARM.Collect$$libinit$$00000025)
    __rt_lib_init_user_alloc_1               0x000002e7   Thumb Code     0  libinit2.o(.ARM.Collect$$libinit$$0000000C)
    __rt_lib_shutdown                        0x000002e9   Thumb Code     0  libshutdown.o(.ARM.Collect$$libshutdown$$00000000)
    __rt_lib_shutdown_cpp_1                  0x000002eb   Thumb Code     0  libshutdown2.o(.ARM.Collect$$libshutdown$$00000004)
    __rt_lib_shutdown_fini_1                 0x000002eb   Thumb Code     0  libshutdown2.o(.ARM.Collect$$libshutdown$$00000002)
    __rt_lib_shutdown_fp_trap_1              0x000002eb   Thumb Code     0  libshutdown2.o(.ARM.Collect$$libshutdown$$00000009)
    __rt_lib_shutdown_heap_1                 0x000002eb   Thumb Code     0  libshutdown2.o(.ARM.Collect$$libshutdown$$00000011)
    __rt_lib_shutdown_return                 0x000002eb   Thumb Code     0  libshutdown2.o(.ARM.Collect$$libshutdown$$00000012)
    __rt_lib_shutdown_signal_1               0x000002eb   Thumb Code     0  libshutdown2.o(.ARM.Collect$$libshutdown$$0000000C)
    __rt_lib_shutdown_stdio_1                0x000002eb   Thumb Code     0  libshutdown2.o(.ARM.Collect$$libshutdown$$00000006)
    __rt_lib_shutdown_user_alloc_1           0x000002eb   Thumb Code     0  libshutdown2.o(.ARM.Collect$$libshutdown$$0000000E)
    __rt_entry                               0x000002ed   Thumb Code     0  __rtentry.o(.ARM.Collect$$rtentry$$00000000)
    __rt_entry_presh_1                       0x000002ed   Thumb Code     0  __rtentry2.o(.ARM.Collect$$rtentry$$00000002)
    __rt_entry_sh                            0x000002ed   Thumb Code     0  __rtentry4.o(.ARM.Collect$$rtentry$$00000004)
    __rt_entry_li                            0x000002f3   Thumb Code     0  __rtentry2.o(.ARM.Collect$$rtentry$$0000000A)
    __rt_entry_postsh_1                      0x000002f3   Thumb Code     0  __rtentry2.o(.ARM.Collect$$rtentry$$00000009)
    __rt_entry_main                          0x000002f7   Thumb Code     0  __rtentry2.o(.ARM.Collect$$rtentry$$0000000D)
    __rt_entry_postli_1                      0x000002f7   Thumb Code     0  __rtentry2.o(.ARM.Collect$$rtentry$$0000000C)
    __rt_exit                                0x000002ff   Thumb Code     0  rtexit.o(.ARM.Collect$$rtexit$$00000000)
    __rt_exit_ls                             0x00000301   Thumb Code     0  rtexit2.o(.ARM.Collect$$rtexit$$00000003)
    __rt_exit_prels_1                        0x00000301   Thumb Code     0  rtexit2.o(.ARM.Collect$$rtexit$$00000002)
    __rt_exit_exit                           0x00000305   Thumb Code     0  rtexit2.o(.ARM.Collect$$rtexit$$00000004)
    Reset_Handler                            0x0000030d   Thumb Code     8  startup_rvmdk.o(.text)
    NMI_Handler                              0x00000315   Thumb Code     2  startup_rvmdk.o(.text)
    HardFault_Handler                        0x00000317   Thumb Code     2  startup_rvmdk.o(.text)
    MemManage_Handler                        0x00000319   Thumb Code     2  startup_rvmdk.o(.text)
    BusFault_Handler                         0x0000031b   Thumb Code     2  startup_rvmdk.o(.text)
    UsageFault_Handler                       0x0000031d   Thumb Code     2  startup_rvmdk.o(.text)
    SVC_Handler                              0x0000031f   Thumb Code     2  startup_rvmdk.o(.text)
    DebugMon_Handler                         0x00000321   Thumb Code     2  startup_rvmdk.o(.text)
    PendSV_Handler                           0x00000323   Thumb Code     2  startup_rvmdk.o(.text)
    SysTick_Handler                          0x00000325   Thumb Code     2  startup_rvmdk.o(.text)
    GPIOA_Handler                            0x00000327   Thumb Code     2  startup_rvmdk.o(.text)
    GPIOB_Handler                            0x00000329   Thumb Code     2  startup_rvmdk.o(.text)
    GPIOC_Handler                            0x0000032b   Thumb Code     2  startup_rvmdk.o(.text)
    GPIOD_Handler                            0x0000032d   Thumb Code     2  startup_rvmdk.o(.text)
    GPIOE_Handler                            0x0000032f   Thumb Code     2  startup_rvmdk.o(.text)
    UART0_Handler                            0x00000331   Thumb Code     2  startup_rvmdk.o(.text)
    UART1_Handler                            0x00000333   Thumb Code     2  startup_rvmdk.o(.text)
    SSI0_Handler                             0x00000335   Thumb Code     2  startup_rvmdk.o(.text)
    I2C0_Handler                             0x00000337   Thumb Code     2  startup_rvmdk.o(.text)
    PMW0_FAULT_Handler                       0x00000339   Thumb Code     2  startup_rvmdk.o(.text)
    PWM0_0_Handler                           0x0000033b   Thumb Code     2  startup_rvmdk.o(.text)
    PWM0_1_Handler                           0x0000033d   Thumb Code     2  startup_rvmdk.o(.text)
    PWM0_2_Handler                           0x0000033f   Thumb Code     2  startup_rvmdk.o(.text)
    QEI0_Handler                             0x00000341   Thumb Code     2  startup_rvmdk.o(.text)
    ADC0SS0_Handler                          0x00000343   Thumb Code     2  startup_rvmdk.o(.text)
    ADC0SS1_Handler                          0x00000345   Thumb Code     2  startup_rvmdk.o(.text)
    ADC0SS2_Handler                          0x00000347   Thumb Code     2  startup_rvmdk.o(.text)
    ADC0SS3_Handler                          0x00000349   Thumb Code     2  startup_rvmdk.o(.text)
    WDT0_Handler                             0x0000034b   Thumb Code     2  startup_rvmdk.o(.text)
    TIMER0A_Handler                          0x0000034d   Thumb Code     2  startup_rvmdk.o(.text)
    TIMER0B_Handler                          0x0000034f   Thumb Code     2  startup_rvmdk.o(.text)
    TIMER1A_Handler                          0x00000351   Thumb Code     2  startup_rvmdk.o(.text)
    TIMER1B_Handler                          0x00000353   Thumb Code     2  startup_rvmdk.o(.text)
    TIMER2A_Handler                          0x00000355   Thumb Code     2  startup_rvmdk.o(.text)
    TIMER2B_Handler                          0x00000357   Thumb Code     2  startup_rvmdk.o(.text)
    COMP0_Handler                            0x00000359   Thumb Code     2  startup_rvmdk.o(.text)
    COMP1_Handler                            0x0000035b   Thumb Code     2  startup_rvmdk.o(.text)
    COMP2_Handler                            0x0000035d   Thumb Code     2  startup_rvmdk.o(.text)
    SYSCTL_Handler                           0x0000035f   Thumb Code     2  startup_rvmdk.o(.text)
    FLASH_Handler                            0x00000361   Thumb Code     2  startup_rvmdk.o(.text)
    GPIOF_Handler                            0x00000363   Thumb Code     2  startup_rvmdk.o(.text)
    GPIOG_Handler                            0x00000365   Thumb Code     2  startup_rvmdk.o(.text)
    GPIOH_Handler                            0x00000367   Thumb Code     2  startup_rvmdk.o(.text)
    UART2_Handler                            0x00000369   Thumb Code     2  startup_rvmdk.o(.text)
    SSI1_Handler                             0x0000036b   Thumb Code     2  startup_rvmdk.o(.text)
    TIMER3A_Handler                          0x0000036d   Thumb Code     2  startup_rvmdk.o(.text)
    TIMER3B_Handler                          0x0000036f   Thumb Code     2  startup_rvmdk.o(.text)
    I2C1_Handler                             0x00000371   Thumb Code     2  startup_rvmdk.o(.text)
    QEI1_Handler                             0x00000373   Thumb Code     2  startup_rvmdk.o(.text)
    CAN0_Handler                             0x00000375   Thumb Code     2  startup_rvmdk.o(.text)
    CAN1_Handler                             0x00000377   Thumb Code     2  startup_rvmdk.o(.text)
    CAN2_Handler                             0x00000379   Thumb Code     2  startup_rvmdk.o(.text)
    HIB_Handler                              0x0000037b   Thumb Code     2  startup_rvmdk.o(.text)
    USB0_Handler                             0x0000037d   Thumb Code     2  startup_rvmdk.o(.text)
    PWM0_3_Handler                           0x0000037f   Thumb Code     2  startup_rvmdk.o(.text)
    UDMA_Handler                             0x00000381   Thumb Code     2  startup_rvmdk.o(.text)
    UDMAERR_Handler                          0x00000383   Thumb Code     2  startup_rvmdk.o(.text)
    ADC1SS0_Handler                          0x00000385   Thumb Code     2  startup_rvmdk.o(.text)
    ADC1SS1_Handler                          0x00000387   Thumb Code     2  startup_rvmdk.o(.text)
    ADC1SS2_Handler                          0x00000389   Thumb Code     2  startup_rvmdk.o(.text)
    ADC1SS3_Handler                          0x0000038b   Thumb Code     2  startup_rvmdk.o(.text)
    GPIOJ_Handler                            0x0000038d   Thumb Code     2  startup_rvmdk.o(.text)
    GPIOK_Handler                            0x0000038f   Thumb Code     2  startup_rvmdk.o(.text)
    GPIOL_Handler                            0x00000391   Thumb Code     2  startup_rvmdk.o(.text)
    SSI2_Handler                             0x00000393   Thumb Code     2  startup_rvmdk.o(.text)
    SSI3_Handler                             0x00000395   Thumb Code     2  startup_rvmdk.o(.text)
    UART3_Handler                            0x00000397   Thumb Code     2  startup_rvmdk.o(.text)
    UART4_Handler                            0x00000399   Thumb Code     2  startup_rvmdk.o(.text)
    UART5_Handler                            0x0000039b   Thumb Code     2  startup_rvmdk.o(.text)
    UART6_Handler                            0x0000039d   Thumb Code     2  startup_rvmdk.o(.text)
    UART7_Handler                            0x0000039f   Thumb Code     2  startup_rvmdk.o(.text)
    I2C2_Handler                             0x000003a1   Thumb Code     2  startup_rvmdk.o(.text)
    I2C3_Handler                             0x000003a3   Thumb Code     2  startup_rvmdk.o(.text)
    TIMER4A_Handler                          0x000003a5   Thumb Code     2  startup_rvmdk.o(.text)
    TIMER4B_Handler                          0x000003a7   Thumb Code     2  startup_rvmdk.o(.text)
    TIMER5A_Handler                          0x000003a9   Thumb Code     2  startup_rvmdk.o(.text)
    TIMER5B_Handler                          0x000003ab   Thumb Code     2  startup_rvmdk.o(.text)
    WTIMER0A_Handler                         0x000003ad   Thumb Code     2  startup_rvmdk.o(.text)
    WTIMER0B_Handler                         0x000003af   Thumb Code     2  startup_rvmdk.o(.text)
    WTIMER1A_Handler                         0x000003b1   Thumb Code     2  startup_rvmdk.o(.text)
    WTIMER1B_Handler                         0x000003b3   Thumb Code     2  startup_rvmdk.o(.text)
    WTIMER2A_Handler                         0x000003b5   Thumb Code     2  startup_rvmdk.o(.text)
    WTIMER2B_Handler                         0x000003b7   Thumb Code     2  startup_rvmdk.o(.text)
    WTIMER3A_Handler                         0x000003b9   Thumb Code     2  startup_rvmdk.o(.text)
    WTIMER3B_Handler                         0x000003bb   Thumb Code     2  startup_rvmdk.o(.text)
    WTIMER4A_Handler                         0x000003bd   Thumb Code     2  startup_rvmdk.o(.text)
    WTIMER4B_Handler                         0x000003bf   Thumb Code     2  startup_rvmdk.o(.text)
    WTIMER5A_Handler                         0x000003c1   Thumb Code     2  startup_rvmdk.o(.text)
    WTIMER5B_Handler                         0x000003c3   Thumb Code     2  startup_rvmdk.o(.text)
    FPU_Handler                              0x000003c5   Thumb Code     2  startup_rvmdk.o(.text)
    I2C4_Handler                             0x000003c7   Thumb Code     2  startup_rvmdk.o(.text)
    I2C5_Handler                             0x000003c9   Thumb Code     2  startup_rvmdk.o(.text)
    GPIOM_Handler                            0x000003cb   Thumb Code     2  startup_rvmdk.o(.text)
    GPION_Handler                            0x000003cd   Thumb Code     2  startup_rvmdk.o(.text)
    QEI2_Handler                             0x000003cf   Thumb Code     2  startup_rvmdk.o(.text)
    GPIOP0_Handler                           0x000003d1   Thumb Code     2  startup_rvmdk.o(.text)
    GPIOP1_Handler                           0x000003d3   Thumb Code     2  startup_rvmdk.o(.text)
    GPIOP2_Handler                           0x000003d5   Thumb Code     2  startup_rvmdk.o(.text)
    GPIOP3_Handler                           0x000003d7   Thumb Code     2  startup_rvmdk.o(.text)
    GPIOP4_Handler                           0x000003d9   Thumb Code     2  startup_rvmdk.o(.text)
    GPIOP5_Handler                           0x000003db   Thumb Code     2  startup_rvmdk.o(.text)
    GPIOP6_Handler                           0x000003dd   Thumb Code     2  startup_rvmdk.o(.text)
    GPIOP7_Handler                           0x000003df   Thumb Code     2  startup_rvmdk.o(.text)
    GPIOQ0_Handler                           0x000003e1   Thumb Code     2  startup_rvmdk.o(.text)
    GPIOQ1_Handler                           0x000003e3   Thumb Code     2  startup_rvmdk.o(.text)
    GPIOQ2_Handler                           0x000003e5   Thumb Code     2  startup_rvmdk.o(.text)
    GPIOQ3_Handler                           0x000003e7   Thumb Code     2  startup_rvmdk.o(.text)
    GPIOQ4_Handler                           0x000003e9   Thumb Code     2  startup_rvmdk.o(.text)
    GPIOQ5_Handler                           0x000003eb   Thumb Code     2  startup_rvmdk.o(.text)
    GPIOQ6_Handler                           0x000003ed   Thumb Code     2  startup_rvmdk.o(.text)
    GPIOQ7_Handler                           0x000003ef   Thumb Code     2  startup_rvmdk.o(.text)
    GPIOR_Handler                            0x000003f1   Thumb Code     2  startup_rvmdk.o(.text)
    GPIOS_Handler                            0x000003f3   Thumb Code     2  startup_rvmdk.o(.text)
    PMW1_0_Handler                           0x000003f5   Thumb Code     2  startup_rvmdk.o(.text)
    PWM1_1_Handler                           0x000003f7   Thumb Code     2  startup_rvmdk.o(.text)
    PWM1_2_Handler                           0x000003f9   Thumb Code     2  startup_rvmdk.o(.text)
    PWM1_3_Handler                           0x000003fb   Thumb Code     2  startup_rvmdk.o(.text)
    PWM1_FAULT_Handler                       0x000003fd   Thumb Code     2  startup_rvmdk.o(.text)
    __user_initial_stackheap                 0x00000401   Thumb Code     0  startup_rvmdk.o(.text)
    __aeabi_memclr4                          0x00000421   Thumb Code     0  rt_memclr_w.o(.text)
    __aeabi_memclr8                          0x00000421   Thumb Code     0  rt_memclr_w.o(.text)
    __rt_memclr_w                            0x00000421   Thumb Code    78  rt_memclr_w.o(.text)
    _memset_w                                0x00000425   Thumb Code     0  rt_memclr_w.o(.text)
    __use_two_region_memory                  0x0000046f   Thumb Code     2  heapauxi.o(.text)
    __rt_heap_escrow$2region                 0x00000471   Thumb Code     2  heapauxi.o(.text)
    __rt_heap_expand$2region                 0x00000473   Thumb Code     2  heapauxi.o(.text)
    __user_setup_stackheap                   0x00000475   Thumb Code    74  sys_stackheap_outer.o(.text)
    exit                                     0x000004bf   Thumb Code    18  exit.o(.text)
    __user_libspace                          0x000004d1   Thumb Code     8  libspace.o(.text)
    __user_perproc_libspace                  0x000004d1   Thumb Code     0  libspace.o(.text)
    __user_perthread_libspace                0x000004d1   Thumb Code     0  libspace.o(.text)
    _sys_exit                                0x000004d9   Thumb Code     8  sys_exit.o(.text)
    __I$use$semihosting                      0x000004e5   Thumb Code     0  use_no_semi.o(.text)
    __use_no_semihosting_swi                 0x000004e5   Thumb Code     2  use_no_semi.o(.text)
    Delay                                    0x000004e7   Thumb Code    30  main.o(i.Delay)
    __semihosting_library_function           0x000004e7   Thumb Code     0  indicate_semi.o(.text)
    Init_Drivers                             0x00000505   Thumb Code   234  main.o(i.Init_Drivers)
    PacketizingRemoteDataDebug               0x0000064b   Thumb Code   150  main.o(i.PacketizingRemoteDataDebug)
    SysCtlClockGet                           0x000006e1   Thumb Code   304  sysctl.o(i.SysCtlClockGet)
    SysCtlPeripheralReady                    0x00000835   Thumb Code    40  sysctl.o(i.SysCtlPeripheralReady)
    SystemInit                               0x00000861   Thumb Code   112  system_tm4c123.o(i.SystemInit)
    UARTFlushRx                              0x000008f9   Thumb Code    38  uartstdio.o(i.UARTFlushRx)
    UARTFlushTx                              0x00000929   Thumb Code    58  uartstdio.o(i.UARTFlushTx)
    UARTStdioConfig                          0x000009fd   Thumb Code   156  uartstdio.o(i.UARTStdioConfig)
    UARTStdioIntHandler                      0x00000aad   Thumb Code   192  uartstdio.o(i.UARTStdioIntHandler)
    UARTwrite                                0x00000b89   Thumb Code   154  uartstdio.o(i.UARTwrite)
    main                                     0x00000c35   Thumb Code    60  main.o(i.main)
    _fp_init                                 0x00000c79   Thumb Code    10  fpinit.o(x$fpl$fpinit)
    __fplib_config_fpu_vfp                   0x00000c81   Thumb Code     0  fpinit.o(x$fpl$fpinit)
    __fplib_config_pureend_doubles           0x00000c81   Thumb Code     0  fpinit.o(x$fpl$fpinit)
    Region$$Table$$Base                      0x00000eb4   Number         0  anon$$obj.o(Region$$Table)
    Region$$Table$$Limit                     0x00000ed4   Number         0  anon$$obj.o(Region$$Table)
    air_flow                                 0x20000000   Data           4  main.o(.data)
    ui32SysClock                             0x20000004   Data           4  main.o(.data)
    Insp_Pressure_mbar                       0x20000008   Data           4  main.o(.data)
    Insp_Pressure_cmH20                      0x2000000c   Data           4  main.o(.data)
    test                                     0x20000010   Data           2  main.o(.data)
    s                                        0x20000012   Data           2  main.o(.data)
    t                                        0x20000014   Data           5  main.o(.data)
    r                                        0x20000019   Data           1  main.o(.data)
    z                                        0x2000001a   Data           2  main.o(.data)
    q                                        0x2000001c   Data           4  main.o(.data)
    Test_Array                               0x20000020   Data           7  main.o(.data)
    g_ui32UARTTxWriteIndex                   0x2000002c   Data           4  uartstdio.o(.data)
    g_ui32UARTTxReadIndex                    0x20000030   Data           4  uartstdio.o(.data)
    g_ui32UARTRxWriteIndex                   0x20000034   Data           4  uartstdio.o(.data)
    g_ui32UARTRxReadIndex                    0x20000038   Data           4  uartstdio.o(.data)
    g_pcUARTTxBuffer                         0x20000048   Data         100  uartstdio.o(.bss)
    g_pcUARTRxBuffer                         0x200000ac   Data         100  uartstdio.o(.bss)
    __libspace_start                         0x20000110   Data          96  libspace.o(.bss)
    __temporary_stack_top$libspace           0x20000170   Data           0  libspace.o(.bss)



==============================================================================

Memory Map of the image

  Image Entry point : 0x0000030d

  Load Region LR_1 (Base: 0x00000000, Size: 0x00000f1c, Max: 0xffffffff, ABSOLUTE)

    Execution Region ER_RO (Exec base: 0x00000000, Load base: 0x00000000, Size: 0x00000ed4, Max: 0xffffffff, ABSOLUTE)

    Exec Addr    Load Addr    Size         Type   Attr      Idx    E Section Name        Object

    0x00000000   0x00000000   0x0000026c   Data   RO          518    RESET               startup_rvmdk.o
    0x0000026c   0x0000026c   0x00000008   Code   RO         1616  * !!!main             c_w.l(__main.o)
    0x00000274   0x00000274   0x00000034   Code   RO         1792    !!!scatter          c_w.l(__scatter.o)
    0x000002a8   0x000002a8   0x0000001a   Code   RO         1794    !!handler_copy      c_w.l(__scatter_copy.o)
    0x000002c2   0x000002c2   0x00000002   PAD
    0x000002c4   0x000002c4   0x0000001c   Code   RO         1796    !!handler_zi        c_w.l(__scatter_zi.o)
    0x000002e0   0x000002e0   0x00000002   Code   RO         1660    .ARM.Collect$$libinit$$00000000  c_w.l(libinit.o)
    0x000002e2   0x000002e2   0x00000004   Code   RO         1666    .ARM.Collect$$libinit$$00000001  c_w.l(libinit2.o)
    0x000002e6   0x000002e6   0x00000000   Code   RO         1669    .ARM.Collect$$libinit$$00000004  c_w.l(libinit2.o)
    0x000002e6   0x000002e6   0x00000000   Code   RO         1672    .ARM.Collect$$libinit$$0000000A  c_w.l(libinit2.o)
    0x000002e6   0x000002e6   0x00000000   Code   RO         1674    .ARM.Collect$$libinit$$0000000C  c_w.l(libinit2.o)
    0x000002e6   0x000002e6   0x00000000   Code   RO         1676    .ARM.Collect$$libinit$$0000000E  c_w.l(libinit2.o)
    0x000002e6   0x000002e6   0x00000000   Code   RO         1679    .ARM.Collect$$libinit$$00000011  c_w.l(libinit2.o)
    0x000002e6   0x000002e6   0x00000000   Code   RO         1681    .ARM.Collect$$libinit$$00000013  c_w.l(libinit2.o)
    0x000002e6   0x000002e6   0x00000000   Code   RO         1683    .ARM.Collect$$libinit$$00000015  c_w.l(libinit2.o)
    0x000002e6   0x000002e6   0x00000000   Code   RO         1685    .ARM.Collect$$libinit$$00000017  c_w.l(libinit2.o)
    0x000002e6   0x000002e6   0x00000000   Code   RO         1687    .ARM.Collect$$libinit$$00000019  c_w.l(libinit2.o)
    0x000002e6   0x000002e6   0x00000000   Code   RO         1689    .ARM.Collect$$libinit$$0000001B  c_w.l(libinit2.o)
    0x000002e6   0x000002e6   0x00000000   Code   RO         1691    .ARM.Collect$$libinit$$0000001D  c_w.l(libinit2.o)
    0x000002e6   0x000002e6   0x00000000   Code   RO         1693    .ARM.Collect$$libinit$$0000001F  c_w.l(libinit2.o)
    0x000002e6   0x000002e6   0x00000000   Code   RO         1695    .ARM.Collect$$libinit$$00000021  c_w.l(libinit2.o)
    0x000002e6   0x000002e6   0x00000000   Code   RO         1697    .ARM.Collect$$libinit$$00000023  c_w.l(libinit2.o)
    0x000002e6   0x000002e6   0x00000000   Code   RO         1699    .ARM.Collect$$libinit$$00000025  c_w.l(libinit2.o)
    0x000002e6   0x000002e6   0x00000000   Code   RO         1703    .ARM.Collect$$libinit$$0000002C  c_w.l(libinit2.o)
    0x000002e6   0x000002e6   0x00000000   Code   RO         1705    .ARM.Collect$$libinit$$0000002E  c_w.l(libinit2.o)
    0x000002e6   0x000002e6   0x00000000   Code   RO         1707    .ARM.Collect$$libinit$$00000030  c_w.l(libinit2.o)
    0x000002e6   0x000002e6   0x00000000   Code   RO         1709    .ARM.Collect$$libinit$$00000032  c_w.l(libinit2.o)
    0x000002e6   0x000002e6   0x00000002   Code   RO         1710    .ARM.Collect$$libinit$$00000033  c_w.l(libinit2.o)
    0x000002e8   0x000002e8   0x00000002   Code   RO         1730    .ARM.Collect$$libshutdown$$00000000  c_w.l(libshutdown.o)
    0x000002ea   0x000002ea   0x00000000   Code   RO         1743    .ARM.Collect$$libshutdown$$00000002  c_w.l(libshutdown2.o)
    0x000002ea   0x000002ea   0x00000000   Code   RO         1745    .ARM.Collect$$libshutdown$$00000004  c_w.l(libshutdown2.o)
    0x000002ea   0x000002ea   0x00000000   Code   RO         1747    .ARM.Collect$$libshutdown$$00000006  c_w.l(libshutdown2.o)
    0x000002ea   0x000002ea   0x00000000   Code   RO         1750    .ARM.Collect$$libshutdown$$00000009  c_w.l(libshutdown2.o)
    0x000002ea   0x000002ea   0x00000000   Code   RO         1753    .ARM.Collect$$libshutdown$$0000000C  c_w.l(libshutdown2.o)
    0x000002ea   0x000002ea   0x00000000   Code   RO         1755    .ARM.Collect$$libshutdown$$0000000E  c_w.l(libshutdown2.o)
    0x000002ea   0x000002ea   0x00000000   Code   RO         1758    .ARM.Collect$$libshutdown$$00000011  c_w.l(libshutdown2.o)
    0x000002ea   0x000002ea   0x00000002   Code   RO         1759    .ARM.Collect$$libshutdown$$00000012  c_w.l(libshutdown2.o)
    0x000002ec   0x000002ec   0x00000000   Code   RO         1628    .ARM.Collect$$rtentry$$00000000  c_w.l(__rtentry.o)
    0x000002ec   0x000002ec   0x00000000   Code   RO         1637    .ARM.Collect$$rtentry$$00000002  c_w.l(__rtentry2.o)
    0x000002ec   0x000002ec   0x00000006   Code   RO         1649    .ARM.Collect$$rtentry$$00000004  c_w.l(__rtentry4.o)
    0x000002f2   0x000002f2   0x00000000   Code   RO         1639    .ARM.Collect$$rtentry$$00000009  c_w.l(__rtentry2.o)
    0x000002f2   0x000002f2   0x00000004   Code   RO         1640    .ARM.Collect$$rtentry$$0000000A  c_w.l(__rtentry2.o)
    0x000002f6   0x000002f6   0x00000000   Code   RO         1642    .ARM.Collect$$rtentry$$0000000C  c_w.l(__rtentry2.o)
    0x000002f6   0x000002f6   0x00000008   Code   RO         1643    .ARM.Collect$$rtentry$$0000000D  c_w.l(__rtentry2.o)
    0x000002fe   0x000002fe   0x00000002   Code   RO         1664    .ARM.Collect$$rtexit$$00000000  c_w.l(rtexit.o)
    0x00000300   0x00000300   0x00000000   Code   RO         1712    .ARM.Collect$$rtexit$$00000002  c_w.l(rtexit2.o)
    0x00000300   0x00000300   0x00000004   Code   RO         1713    .ARM.Collect$$rtexit$$00000003  c_w.l(rtexit2.o)
    0x00000304   0x00000304   0x00000006   Code   RO         1714    .ARM.Collect$$rtexit$$00000004  c_w.l(rtexit2.o)
    0x0000030a   0x0000030a   0x00000002   PAD
    0x0000030c   0x0000030c   0x00000114   Code   RO          519  * .text               startup_rvmdk.o
    0x00000420   0x00000420   0x0000004e   Code   RO         1612    .text               c_w.l(rt_memclr_w.o)
    0x0000046e   0x0000046e   0x00000006   Code   RO         1614    .text               c_w.l(heapauxi.o)
    0x00000474   0x00000474   0x0000004a   Code   RO         1651    .text               c_w.l(sys_stackheap_outer.o)
    0x000004be   0x000004be   0x00000012   Code   RO         1653    .text               c_w.l(exit.o)
    0x000004d0   0x000004d0   0x00000008   Code   RO         1661    .text               c_w.l(libspace.o)
    0x000004d8   0x000004d8   0x0000000c   Code   RO         1722    .text               c_w.l(sys_exit.o)
    0x000004e4   0x000004e4   0x00000002   Code   RO         1733    .text               c_w.l(use_no_semi.o)
    0x000004e6   0x000004e6   0x00000000   Code   RO         1735    .text               c_w.l(indicate_semi.o)
    0x000004e6   0x000004e6   0x0000001e   Code   RO          211    i.Delay             main.o
    0x00000504   0x00000504   0x00000114   Code   RO          212    i.Init_Drivers      main.o
    0x00000618   0x00000618   0x00000014   Code   RO          301    i.IsBufferEmpty     uartstdio.o
    0x0000062c   0x0000062c   0x0000001e   Code   RO          302    i.IsBufferFull      uartstdio.o
    0x0000064a   0x0000064a   0x00000096   Code   RO          213    i.PacketizingRemoteDataDebug  main.o
    0x000006e0   0x000006e0   0x00000154   Code   RO         1141    i.SysCtlClockGet    driverlib.lib(sysctl.o)
    0x00000834   0x00000834   0x0000002c   Code   RO         1176    i.SysCtlPeripheralReady  driverlib.lib(sysctl.o)
    0x00000860   0x00000860   0x00000098   Code   RO          456    i.SystemInit        system_tm4c123.o
    0x000008f8   0x000008f8   0x00000030   Code   RO          304    i.UARTFlushRx       uartstdio.o
    0x00000928   0x00000928   0x00000044   Code   RO          305    i.UARTFlushTx       uartstdio.o
    0x0000096c   0x0000096c   0x00000090   Code   RO          307    i.UARTPrimeTransmit  uartstdio.o
    0x000009fc   0x000009fc   0x000000b0   Code   RO          310    i.UARTStdioConfig   uartstdio.o
    0x00000aac   0x00000aac   0x000000dc   Code   RO          311    i.UARTStdioIntHandler  uartstdio.o
    0x00000b88   0x00000b88   0x000000ac   Code   RO          317    i.UARTwrite         uartstdio.o
    0x00000c34   0x00000c34   0x00000044   Code   RO          214    i.main              main.o
    0x00000c78   0x00000c78   0x0000000a   Code   RO         1720    x$fpl$fpinit        fz_wm.l(fpinit.o)
    0x00000c82   0x00000c82   0x00000002   PAD
    0x00000c84   0x00000c84   0x00000058   Data   RO          321    .constdata          uartstdio.o
    0x00000cdc   0x00000cdc   0x000001c4   Data   RO         1193    .constdata          driverlib.lib(sysctl.o)
    0x00000ea0   0x00000ea0   0x00000011   Data   RO          322    .conststring        uartstdio.o
    0x00000eb1   0x00000eb1   0x00000003   PAD
    0x00000eb4   0x00000eb4   0x00000020   Data   RO         1790    Region$$Table       anon$$obj.o


    Execution Region ER_RW (Exec base: 0x20000000, Load base: 0x00000ed4, Size: 0x00000048, Max: 0xffffffff, ABSOLUTE)

    Exec Addr    Load Addr    Size         Type   Attr      Idx    E Section Name        Object

    0x20000000   0x00000ed4   0x00000027   Data   RW          216    .data               main.o
    0x20000027   0x00000efb   0x00000001   PAD
    0x20000028   0x00000efc   0x0000001d   Data   RW          323    .data               uartstdio.o


    Execution Region ER_ZI (Exec base: 0x20000048, Load base: 0x00000f1c, Size: 0x00000328, Max: 0xffffffff, ABSOLUTE)

    Exec Addr    Load Addr    Size         Type   Attr      Idx    E Section Name        Object

    0x20000048        -       0x000000c8   Zero   RW          320    .bss                uartstdio.o
    0x20000110        -       0x00000060   Zero   RW         1662    .bss                c_w.l(libspace.o)
    0x20000170        -       0x00000000   Zero   RW          517    HEAP                startup_rvmdk.o
    0x20000170        -       0x00000200   Zero   RW          516    STACK               startup_rvmdk.o


==============================================================================

Image component sizes


      Code (inc. data)   RO Data    RW Data    ZI Data      Debug   Object Name

         0          0          0          0          0       5154   adc_handler.o
       524         50          0         39          0       5912   main.o
       276         24        620          0        512       5468   startup_rvmdk.o
       152         40          0          0          0        653   system_tm4c123.o
       878        106        105         29        200       7449   uartstdio.o

    ----------------------------------------------------------------------
      1830        220        760         72        712      24636   Object Totals
         0          0         32          0          0          0   (incl. Generated)
         0          0          3          4          0          0   (incl. Padding)

    ----------------------------------------------------------------------

      Code (inc. data)   RO Data    RW Data    ZI Data      Debug   Library Member Name

         8          0          0          0          0         68   __main.o
         0          0          0          0          0          0   __rtentry.o
        12          0          0          0          0          0   __rtentry2.o
         6          0          0          0          0          0   __rtentry4.o
        52          8          0          0          0          0   __scatter.o
        26          0          0          0          0          0   __scatter_copy.o
        28          0          0          0          0          0   __scatter_zi.o
        18          0          0          0          0         80   exit.o
         6          0          0          0          0        152   heapauxi.o
         0          0          0          0          0          0   indicate_semi.o
         2          0          0          0          0          0   libinit.o
         6          0          0          0          0          0   libinit2.o
         2          0          0          0          0          0   libshutdown.o
         2          0          0          0          0          0   libshutdown2.o
         8          4          0          0         96         68   libspace.o
        78          0          0          0          0         80   rt_memclr_w.o
         2          0          0          0          0          0   rtexit.o
        10          0          0          0          0          0   rtexit2.o
        12          4          0          0          0         68   sys_exit.o
        74          0          0          0          0         80   sys_stackheap_outer.o
         2          0          0          0          0         68   use_no_semi.o
         0          0          0          0          0       3048   adc.o
       384         40        452          0          0       3109   sysctl.o
        10          0          0          0          0        116   fpinit.o

    ----------------------------------------------------------------------
       754         56        452          0         96       6937   Library Totals
         6          0          0          0          0          0   (incl. Padding)

    ----------------------------------------------------------------------

      Code (inc. data)   RO Data    RW Data    ZI Data      Debug   Library Name

       354         16          0          0         96        664   c_w.l
       384         40        452          0          0       6157   driverlib.lib
        10          0          0          0          0        116   fz_wm.l

    ----------------------------------------------------------------------
       754         56        452          0         96       6937   Library Totals

    ----------------------------------------------------------------------

==============================================================================


      Code (inc. data)   RO Data    RW Data    ZI Data      Debug   

      2584        276       1212         72        808      30265   Grand Totals
      2584        276       1212         72        808      30265   ELF Image Totals
      2584        276       1212         72          0          0   ROM Totals

==============================================================================

    Total RO  Size (Code + RO Data)                 3796 (   3.71kB)
    Total RW  Size (RW Data + ZI Data)               880 (   0.86kB)
    Total ROM Size (Code + RO Data + RW Data)       3868 (   3.78kB)

==============================================================================

